Component: ARM Compiler 5.06 update 7 (build 960) Tool: armlink [4d3601]

==============================================================================

Section Cross References

    ant_io_tx.o(i.ant_evt_handler) refers to ant_io_tx.o(i.led_state_set) for led_state_set
    ant_io_tx.o(i.ant_evt_handler) refers to ant_io_tx.o(i.handle_transmit) for handle_transmit
    ant_io_tx.o(i.ant_evt_handler) refers to ant_io_tx.o(.data) for .data
    ant_io_tx.o(i.ant_io_tx_setup) refers to ant_channel_config.o(i.ant_channel_init) for ant_channel_init
    ant_io_tx.o(i.ant_io_tx_setup) refers to app_error.o(i.app_error_handler_bare) for app_error_handler_bare
    ant_io_tx.o(i.ant_io_tx_setup) refers to ant_io_tx.o(.constdata) for .constdata
    ant_io_tx.o(i.button_state_encode) refers to bsp.o(i.bsp_button_is_pressed) for bsp_button_is_pressed
    ant_io_tx.o(i.button_state_encode) refers to ant_io_tx.o(.data) for .data
    ant_io_tx.o(i.handle_transmit) refers to ant_io_tx.o(i.button_state_encode) for button_state_encode
    ant_io_tx.o(i.handle_transmit) refers to app_error.o(i.app_error_handler_bare) for app_error_handler_bare
    ant_io_tx.o(i.handle_transmit) refers to ant_io_tx.o(.data) for .data
    ant_io_tx.o(i.led_state_set) refers to boards.o(i.bsp_board_led_on) for bsp_board_led_on
    ant_io_tx.o(i.led_state_set) refers to boards.o(i.bsp_board_led_off) for bsp_board_led_off
    ant_io_tx.o(i.led_state_set) refers to ant_io_tx.o(.data) for .data
    ant_io_tx.o(sdh_ant_observers1) refers to ant_io_tx.o(i.ant_evt_handler) for ant_evt_handler
    main.o(i.main) refers to nrf_log_frontend.o(i.nrf_log_init) for nrf_log_init
    main.o(i.main) refers to app_error.o(i.app_error_handler_bare) for app_error_handler_bare
    main.o(i.main) refers to nrf_log_default_backends.o(i.nrf_log_default_backends_init) for nrf_log_default_backends_init
    main.o(i.main) refers to app_timer2.o(i.app_timer_init) for app_timer_init
    main.o(i.main) refers to bsp.o(i.bsp_init) for bsp_init
    main.o(i.main) refers to nrf_pwr_mgmt.o(i.nrf_pwr_mgmt_init) for nrf_pwr_mgmt_init
    main.o(i.main) refers to nrf_sdh.o(i.nrf_sdh_enable_request) for nrf_sdh_enable_request
    main.o(i.main) refers to nrf_sdh_ant.o(i.nrf_sdh_ant_enable) for nrf_sdh_ant_enable
    main.o(i.main) refers to ant_io_tx.o(i.ant_io_tx_setup) for ant_io_tx_setup
    main.o(i.main) refers to nrf_log_frontend.o(i.nrf_log_frontend_std_0) for nrf_log_frontend_std_0
    main.o(i.main) refers to nrf_log_frontend.o(i.nrf_log_frontend_dequeue) for nrf_log_frontend_dequeue
    main.o(i.main) refers to nrf_pwr_mgmt.o(i.nrf_pwr_mgmt_run) for nrf_pwr_mgmt_run
    main.o(i.main) refers to nrf_log_frontend.o(log_const_data) for m_nrf_log_app_logs_data_const
    boards.o(i.bsp_board_button_idx_to_pin) refers to boards.o(.constdata) for .constdata
    boards.o(i.bsp_board_button_state_get) refers to boards.o(.constdata) for .constdata
    boards.o(i.bsp_board_init) refers to boards.o(i.nrf_gpio_cfg) for nrf_gpio_cfg
    boards.o(i.bsp_board_init) refers to boards.o(i.bsp_board_leds_off) for bsp_board_leds_off
    boards.o(i.bsp_board_init) refers to boards.o(.constdata) for .constdata
    boards.o(i.bsp_board_led_idx_to_pin) refers to boards.o(.constdata) for .constdata
    boards.o(i.bsp_board_led_invert) refers to boards.o(.constdata) for .constdata
    boards.o(i.bsp_board_led_off) refers to boards.o(i.nrf_gpio_pin_write) for nrf_gpio_pin_write
    boards.o(i.bsp_board_led_off) refers to boards.o(.constdata) for .constdata
    boards.o(i.bsp_board_led_on) refers to boards.o(i.nrf_gpio_pin_write) for nrf_gpio_pin_write
    boards.o(i.bsp_board_led_on) refers to boards.o(.constdata) for .constdata
    boards.o(i.bsp_board_led_state_get) refers to boards.o(.constdata) for .constdata
    boards.o(i.bsp_board_leds_off) refers to boards.o(i.bsp_board_led_off) for bsp_board_led_off
    boards.o(i.bsp_board_leds_on) refers to boards.o(i.bsp_board_led_on) for bsp_board_led_on
    boards.o(i.bsp_board_pin_to_button_idx) refers to boards.o(.constdata) for .constdata
    boards.o(i.bsp_board_pin_to_led_idx) refers to boards.o(.constdata) for .constdata
    bsp.o(i.alert_timer_handler) refers to boards.o(i.bsp_board_led_invert) for bsp_board_led_invert
    bsp.o(i.bsp_button_event_handler) refers to boards.o(i.bsp_board_pin_to_button_idx) for bsp_board_pin_to_button_idx
    bsp.o(i.bsp_button_event_handler) refers to app_timer2.o(i.app_timer_start) for app_timer_start
    bsp.o(i.bsp_button_event_handler) refers to app_timer2.o(i.app_timer_stop) for app_timer_stop
    bsp.o(i.bsp_button_event_handler) refers to bsp.o(.constdata) for .constdata
    bsp.o(i.bsp_button_event_handler) refers to bsp.o(.data) for .data
    bsp.o(i.bsp_button_event_handler) refers to bsp.o(.bss) for .bss
    bsp.o(i.bsp_button_is_pressed) refers to boards.o(i.bsp_board_button_state_get) for bsp_board_button_state_get
[...]
    port_handler_polarity_get                0x00014fe5   Thumb Code    12  nrfx_gpiote.o(i.port_handler_polarity_get)
    i.postfix_process                        0x00014ff4   Section        0  nrf_log_str_formatter.o(i.postfix_process)
    postfix_process                          0x00014ff5   Thumb Code    48  nrf_log_str_formatter.o(i.postfix_process)
    i.prefix_process                         0x00015030   Section        0  nrf_log_str_formatter.o(i.prefix_process)
    prefix_process                           0x00015031   Thumb Code    90  nrf_log_str_formatter.o(i.prefix_process)
    i.rtc_irq                                0x000150c8   Section        0  app_timer2.o(i.rtc_irq)
    rtc_irq                                  0x000150c9   Thumb Code    88  app_timer2.o(i.rtc_irq)
    i.rtc_schedule                           0x00015124   Section        0  app_timer2.o(i.rtc_schedule)
    rtc_schedule                             0x00015125   Thumb Code   100  app_timer2.o(i.rtc_schedule)
    i.rtc_update                             0x00015190   Section        0  app_timer2.o(i.rtc_update)
    rtc_update                               0x00015191   Thumb Code   130  app_timer2.o(i.rtc_update)
    i.sdh_request_observer_notify            0x0001521c   Section        0  nrf_sdh.o(i.sdh_request_observer_notify)
    sdh_request_observer_notify              0x0001521d   Thumb Code    44  nrf_sdh.o(i.sdh_request_observer_notify)
    i.sdh_state_observer_notify              0x0001524c   Section        0  nrf_sdh.o(i.sdh_state_observer_notify)
    sdh_state_observer_notify                0x0001524d   Thumb Code    38  nrf_sdh.o(i.sdh_state_observer_notify)
    i.serial_tx                              0x00015278   Section        0  nrf_log_backend_rtt.o(i.serial_tx)
    serial_tx                                0x00015279   Thumb Code    70  nrf_log_backend_rtt.o(i.serial_tx)
    i.softdevices_evt_irq_enable             0x000152c8   Section        0  nrf_sdh.o(i.softdevices_evt_irq_enable)
    softdevices_evt_irq_enable               0x000152c9   Thumb Code    80  nrf_sdh.o(i.softdevices_evt_irq_enable)
    i.sortlist_pop                           0x00015320   Section        0  app_timer2.o(i.sortlist_pop)
    sortlist_pop                             0x00015321   Thumb Code     6  app_timer2.o(i.sortlist_pop)
    i.state_set                              0x0001532c   Section        0  app_button.o(i.state_set)
    state_set                                0x0001532d   Thumb Code    44  app_button.o(i.state_set)
    i.std_n                                  0x0001535c   Section        0  nrf_log_frontend.o(i.std_n)
    std_n                                    0x0001535d   Thumb Code   144  nrf_log_frontend.o(i.std_n)
    i.timer_expire                           0x000153f4   Section        0  app_timer2.o(i.timer_expire)
    timer_expire                             0x000153f5   Thumb Code   142  app_timer2.o(i.timer_expire)
    i.timer_req_process                      0x0001548c   Section        0  app_timer2.o(i.timer_req_process)
    timer_req_process                        0x0001548d   Thumb Code   120  app_timer2.o(i.timer_req_process)
    i.timer_req_schedule                     0x0001550c   Section        0  app_timer2.o(i.timer_req_schedule)
    timer_req_schedule                       0x0001550d   Thumb Code    46  app_timer2.o(i.timer_req_schedule)
    i.timer_start                            0x00015544   Section        0  app_button.o(i.timer_start)
    timer_start                              0x00015545   Thumb Code    16  app_button.o(i.timer_start)
    i.unsigned_print                         0x0001555c   Section        0  nrf_fprintf_format.o(i.unsigned_print)
    unsigned_print                           0x0001555d   Thumb Code   176  nrf_fprintf_format.o(i.unsigned_print)
    i.usr_event                              0x00015610   Section        0  app_button.o(i.usr_event)
    usr_event                                0x00015611   Thumb Code    32  app_button.o(i.usr_event)
    .constdata                               0x00015630   Section       12  ant_io_tx.o(.constdata)
    .constdata                               0x0001563c   Section        8  boards.o(.constdata)
    m_board_led_list                         0x0001563c   Data           4  boards.o(.constdata)
    m_board_btn_list                         0x00015640   Data           4  boards.o(.constdata)
    .constdata                               0x00015644   Section       44  bsp.o(.constdata)
    m_bsp_leds_tmr                           0x00015644   Data           4  bsp.o(.constdata)
    m_bsp_alert_tmr                          0x00015648   Data           4  bsp.o(.constdata)
    m_bsp_button_tmr                         0x0001564c   Data           4  bsp.o(.constdata)
    app_buttons                              0x00015650   Data          32  bsp.o(.constdata)
    .constdata                               0x00015670   Section        4  nrfx_gpiote.o(.constdata)
    .constdata                               0x00015674   Section        8  app_button.o(.constdata)
    m_detection_delay_timer_id               0x00015678   Data           4  app_button.o(.constdata)
    .constdata                               0x0001567c   Section       20  app_timer2.o(.constdata)
    m_req_fifo                               0x0001567c   Data           4  app_timer2.o(.constdata)
    m_app_timer_sortlist                     0x00015684   Data          12  app_timer2.o(.constdata)
    .constdata                               0x00015690   Section        6  drv_rtc.o(.constdata)
    delay_machine_code                       0x00015690   Data           6  drv_rtc.o(.constdata)
    .constdata                               0x00015696   Section       16  nrf_fprintf_format.o(.constdata)
    _aV2C                                    0x00015696   Data          16  nrf_fprintf_format.o(.constdata)
    .constdata                               0x000156a8   Section       24  nrf_pwr_mgmt.o(.constdata)
    pwr_mgmt_data_array                      0x000156a8   Data          24  nrf_pwr_mgmt.o(.constdata)
    .constdata                               0x000156c0   Section       12  nrf_pwr_mgmt.o(.constdata)
    pwr_mgmt_data                            0x000156c0   Data          12  nrf_pwr_mgmt.o(.constdata)
    .constdata                               0x000156cc   Section      316  nrf_strerror.o(.constdata)
    m_unknown_str                            0x000156cc   Data          19  nrf_strerror.o(.constdata)
    nrf_strerror_array                       0x000156e0   Data         296  nrf_strerror.o(.constdata)
    .constdata                               0x00015808   Section       12  nrf_log_backend_rtt.o(.constdata)
    .constdata                               0x00015820   Section        6  nrf_log_backend_rtt.o(.constdata)
    delay_machine_code                       0x00015820   Data           6  nrf_log_backend_rtt.o(.constdata)
    .constdata                               0x00015828   Section       12  nrf_log_frontend.o(.constdata)
    m_log_push_ringbuf                       0x00015828   Data          12  nrf_log_frontend.o(.constdata)
    .constdata                               0x00015834   Section       16  nrf_sdh.o(.constdata)
    sdh_req_observers_array                  0x00015834   Data          16  nrf_sdh.o(.constdata)
    .constdata                               0x00015844   Section       40  nrf_sdh.o(.constdata)
    sdh_req_observers                        0x00015848   Data          12  nrf_sdh.o(.constdata)
    sdh_state_observers                      0x00015854   Data          12  nrf_sdh.o(.constdata)
    sdh_stack_observers                      0x00015860   Data          12  nrf_sdh.o(.constdata)
    .constdata                               0x0001586c   Section       16  nrf_sdh.o(.constdata)
    sdh_state_observers_array                0x0001586c   Data          16  nrf_sdh.o(.constdata)
    .constdata                               0x0001587c   Section       16  nrf_sdh.o(.constdata)
    sdh_stack_observers_array                0x0001587c   Data          16  nrf_sdh.o(.constdata)
    .constdata                               0x0001588c   Section       16  nrf_sdh_ant.o(.constdata)
    sdh_ant_observers_array                  0x0001588c   Data          16  nrf_sdh_ant.o(.constdata)
    .constdata                               0x0001589c   Section       24  nrf_sdh_ant.o(.constdata)
    sdh_ant_observers                        0x0001589c   Data          12  nrf_sdh_ant.o(.constdata)
    .constdata                               0x000158b4   Section       16  nrf_sdh_soc.o(.constdata)
    sdh_soc_observers_array                  0x000158b4   Data          16  nrf_sdh_soc.o(.constdata)
    .constdata                               0x000158c4   Section       12  nrf_sdh_soc.o(.constdata)
    sdh_soc_observers                        0x000158c4   Data          12  nrf_sdh_soc.o(.constdata)
    .constdata                               0x000158d0   Section      129  ctype_o.o(.constdata)
    .constdata                               0x00015954   Section        4  ctype_o.o(.constdata)
    table                                    0x00015954   Data           4  ctype_o.o(.constdata)
    .conststring                             0x00015958   Section     1301  hardfault_implementation.o(.conststring)
    .conststring                             0x00015e70   Section     1003  nrf_strerror.o(.conststring)
    .conststring                             0x0001625c   Section       93  nrf_log_str_formatter.o(.conststring)
    .conststrlit                             0x000162bc   Section        7  nrfx_gpiote.o(.conststrlit)
    .conststrlit                             0x000162c4   Section        4  nrfx_prs.o(.conststrlit)
    .conststrlit                             0x000162c8   Section        5  nrfx_uart.o(.conststrlit)
    .conststrlit                             0x000162d0   Section        6  nrfx_uarte.o(.conststrlit)
    .conststrlit                             0x000162d8   Section       11  app_button.o(.conststrlit)
    .conststrlit                             0x000162e4   Section       10  app_timer2.o(.conststrlit)
    .conststrlit                             0x000162f0   Section       10  hardfault_implementation.o(.conststrlit)
    .conststrlit                             0x000162fc   Section        9  nrf_pwr_mgmt.o(.conststrlit)
    .conststrlit                             0x00016308   Section        9  nrf_sortlist.o(.conststrlit)
    .conststrlit                             0x00016314   Section       16  nrf_log_default_backends.o(.conststrlit)
    .conststrlit                             0x00016324   Section        4  nrf_log_frontend.o(.conststrlit)
    .conststrlit                             0x00016328   Section        8  nrf_sdh.o(.conststrlit)
    .conststrlit                             0x00016330   Section       12  nrf_sdh_ant.o(.conststrlit)
    .conststrlit                             0x0001633c   Section       12  nrf_sdh_soc.o(.conststrlit)
    log_backends                             0x00016368   Section       16  nrf_log_default_backends.o(log_backends)
    __tagsym$$used                           0x00016368   Number         0  nrf_log_default_backends.o(log_backends)
    rtt_log_backend                          0x00016368   Data          16  nrf_log_default_backends.o(log_backends)
    log_const_data                           0x00016378   Section        8  nrfx_gpiote.o(log_const_data)
    __tagsym$$used                           0x00016378   Number         0  nrfx_gpiote.o(log_const_data)
    log_const_data                           0x00016380   Section        8  nrfx_prs.o(log_const_data)
    __tagsym$$used                           0x00016380   Number         0  nrfx_prs.o(log_const_data)
    log_const_data                           0x00016388   Section        8  nrfx_uart.o(log_const_data)
    __tagsym$$used                           0x00016388   Number         0  nrfx_uart.o(log_const_data)
    log_const_data                           0x00016390   Section        8  nrfx_uarte.o(log_const_data)
    __tagsym$$used                           0x00016390   Number         0  nrfx_uarte.o(log_const_data)
    log_const_data                           0x00016398   Section        8  app_button.o(log_const_data)
    __tagsym$$used                           0x00016398   Number         0  app_button.o(log_const_data)
    log_const_data                           0x000163a0   Section        8  app_timer2.o(log_const_data)
    __tagsym$$used                           0x000163a0   Number         0  app_timer2.o(log_const_data)
    log_const_data                           0x000163a8   Section        8  hardfault_implementation.o(log_const_data)
    __tagsym$$used                           0x000163a8   Number         0  hardfault_implementation.o(log_const_data)
    log_const_data                           0x000163b0   Section        8  nrf_pwr_mgmt.o(log_const_data)
    __tagsym$$used                           0x000163b0   Number         0  nrf_pwr_mgmt.o(log_const_data)
    log_const_data                           0x000163b8   Section        8  nrf_sortlist.o(log_const_data)
    __tagsym$$used                           0x000163b8   Number         0  nrf_sortlist.o(log_const_data)
    log_const_data                           0x000163c0   Section        8  nrf_log_frontend.o(log_const_data)
    __tagsym$$used                           0x000163c0   Number         0  nrf_log_frontend.o(log_const_data)
    log_const_data                           0x000163c8   Section        8  nrf_sdh.o(log_const_data)
    __tagsym$$used                           0x000163c8   Number         0  nrf_sdh.o(log_const_data)
    log_const_data                           0x000163d0   Section        8  nrf_sdh_ant.o(log_const_data)
    __tagsym$$used                           0x000163d0   Number         0  nrf_sdh_ant.o(log_const_data)
    log_const_data                           0x000163d8   Section        8  nrf_sdh_soc.o(log_const_data)
    __tagsym$$used                           0x000163d8   Number         0  nrf_sdh_soc.o(log_const_data)
    nrf_balloc                               0x000163e0   Section       20  nrf_log_frontend.o(nrf_balloc)
    __tagsym$$used                           0x000163e0   Number         0  nrf_log_frontend.o(nrf_balloc)
    sdh_ant_observers1                       0x000163f4   Section        8  ant_io_tx.o(sdh_ant_observers1)
    __tagsym$$used                           0x000163f4   Number         0  ant_io_tx.o(sdh_ant_observers1)
    m_ant_observer                           0x000163f4   Data           8  ant_io_tx.o(sdh_ant_observers1)
    sdh_stack_observers0                     0x000163fc   Section        8  nrf_sdh_ant.o(sdh_stack_observers0)
    __tagsym$$used                           0x000163fc   Number         0  nrf_sdh_ant.o(sdh_stack_observers0)
    m_nrf_sdh_ant_evts_poll                  0x000163fc   Data           8  nrf_sdh_ant.o(sdh_stack_observers0)
    sdh_stack_observers0                     0x00016404   Section        8  nrf_sdh_soc.o(sdh_stack_observers0)
    __tagsym$$used                           0x00016404   Number         0  nrf_sdh_soc.o(sdh_stack_observers0)
    m_nrf_sdh_soc_evts_poll                  0x00016404   Data           8  nrf_sdh_soc.o(sdh_stack_observers0)
    .data                                    0x20000b80   Section       10  ant_io_tx.o(.data)
    m_rx_input_pin_state                     0x20000b80   Data           1  ant_io_tx.o(.data)
    m_tx_input_pin_state                     0x20000b81   Data           1  ant_io_tx.o(.data)
    m_broadcast_data                         0x20000b82   Data           8  ant_io_tx.o(.data)
    .data                                    0x20000b8c   Section       16  bsp.o(.data)
    m_stable_state                           0x20000b8c   Data           1  bsp.o(.data)
    m_leds_clear                             0x20000b8d   Data           1  bsp.o(.data)
    m_alert_on                               0x20000b8e   Data           1  bsp.o(.data)
    current_long_push_pin_no                 0x20000b8f   Data           1  bsp.o(.data)
    m_indication_type                        0x20000b90   Data           4  bsp.o(.data)
    m_registered_callback                    0x20000b94   Data           4  bsp.o(.data)
    release_event_at_push                    0x20000b98   Data           4  bsp.o(.data)
    .data                                    0x20000ba0   Section       32  bsp.o(.data)
    m_bsp_leds_tmr_data                      0x20000ba0   Data          32  bsp.o(.data)
    .data                                    0x20000bc0   Section       32  bsp.o(.data)
    m_bsp_alert_tmr_data                     0x20000bc0   Data          32  bsp.o(.data)
    .data                                    0x20000be0   Section       32  bsp.o(.data)
    m_bsp_button_tmr_data                    0x20000be0   Data          32  bsp.o(.data)
    .data                                    0x20000c00   Section        8  nrfx_prs.o(.data)
    m_prs_box_4                              0x20000c00   Data           8  nrfx_prs.o(.data)
    .data                                    0x20000c08   Section       24  app_button.o(.data)
    m_button_count                           0x20000c08   Data           1  app_button.o(.data)
    mp_buttons                               0x20000c0c   Data           4  app_button.o(.data)
    m_detection_delay                        0x20000c10   Data           4  app_button.o(.data)
    m_pin_active                             0x20000c18   Data           8  app_button.o(.data)
    .data                                    0x20000c20   Section       32  app_button.o(.data)
    m_detection_delay_timer_id_data          0x20000c20   Data          32  app_button.o(.data)
    .data                                    0x20000c40   Section       32  app_timer2.o(.data)
    m_global_active                          0x20000c40   Data           1  app_timer2.o(.data)
    mp_active_timer                          0x20000c44   Data           4  app_timer2.o(.data)
    m_rtc_inst                               0x20000c48   Data           8  app_timer2.o(.data)
    m_base_counter                           0x20000c50   Data           8  app_timer2.o(.data)
    m_stamp64                                0x20000c58   Data           8  app_timer2.o(.data)
    .data                                    0x20000c60   Section        4  app_timer2.o(.data)
    m_app_timer_sortlist_sortlist_cb         0x20000c60   Data           4  app_timer2.o(.data)
    .data                                    0x20000c64   Section       12  drv_rtc.o(.data)
    m_handlers                               0x20000c64   Data           4  drv_rtc.o(.data)
    m_cb                                     0x20000c68   Data           8  drv_rtc.o(.data)
    .data                                    0x20000c70   Section      104  hardfault_implementation.o(.data)
    cfsr_msgs                                0x20000c70   Data         104  hardfault_implementation.o(.data)
    .data                                    0x20000cd8   Section        8  nrf_pwr_mgmt.o(.data)
    m_pwr_mgmt_evt                           0x20000cd8   Data           1  nrf_pwr_mgmt.o(.data)
    m_shutdown_started                       0x20000cd9   Data           1  nrf_pwr_mgmt.o(.data)
    m_sysoff_mtx                             0x20000cdc   Data           4  nrf_pwr_mgmt.o(.data)
    .data                                    0x20000ce0   Section        1  nrf_log_backend_rtt.o(.data)
    m_host_present                           0x20000ce0   Data           1  nrf_log_backend_rtt.o(.data)
    .data                                    0x20000ce4   Section        8  nrf_log_default_backends.o(.data)
    log_backend_cb_rtt_log_backend           0x20000ce4   Data           8  nrf_log_default_backends.o(.data)
    .data                                    0x20000cec   Section        4  nrf_log_frontend.o(.data)
    m_buffer_mask                            0x20000cec   Data           4  nrf_log_frontend.o(.data)
    .data                                    0x20000cf0   Section        8  nrf_log_frontend.o(.data)
    log_mempool_nrf_balloc_pool_stack        0x20000cf0   Data           8  nrf_log_frontend.o(.data)
    .data                                    0x20000cf8   Section        8  nrf_log_frontend.o(.data)
    log_mempool_nrf_balloc_cb                0x20000cf8   Data           8  nrf_log_frontend.o(.data)
    .data                                    0x20000d00   Section       64  nrf_log_str_formatter.o(.data)
    m_freq                                   0x20000d00   Data           4  nrf_log_str_formatter.o(.data)
    m_timestamp_div                          0x20000d04   Data           4  nrf_log_str_formatter.o(.data)
    severity_names                           0x20000d08   Data          20  nrf_log_str_formatter.o(.data)
    m_colors                                 0x20000d1c   Data          36  nrf_log_str_formatter.o(.data)
    .data                                    0x20000d40   Section        3  nrf_sdh.o(.data)
    m_nrf_sdh_enabled                        0x20000d40   Data           1  nrf_sdh.o(.data)
    m_nrf_sdh_suspended                      0x20000d41   Data           1  nrf_sdh.o(.data)
    m_nrf_sdh_continue                       0x20000d42   Data           1  nrf_sdh.o(.data)
    .data                                    0x20000d43   Section        1  nrf_sdh_ant.o(.data)
    m_stack_is_enabled                       0x20000d43   Data           1  nrf_sdh_ant.o(.data)
    .data                                    0x20000d44   Section        4  system_nrf52.o(.data)
    __tagsym$$used                           0x20000d44   Number         0  system_nrf52.o(.data)
    .bss                                     0x20000d48   Section       12  bsp.o(.bss)
    m_events_list                            0x20000d48   Data          12  bsp.o(.bss)
    .bss                                     0x20000d54   Section       92  nrfx_gpiote.o(.bss)
    m_cb                                     0x20000d54   Data          92  nrfx_gpiote.o(.bss)
    .bss                                     0x20000db0   Section       16  app_button.o(.bss)
    m_pin_states                             0x20000db0   Data          16  app_button.o(.bss)
    .bss                                     0x20000dc0   Section       16  app_timer2.o(.bss)
    m_req_fifo_inst                          0x20000dc0   Data          16  app_timer2.o(.bss)
    .bss                                     0x20000dd0   Section       88  app_timer2.o(.bss)
    m_req_fifo_data                          0x20000dd0   Data          88  app_timer2.o(.bss)
    .bss                                     0x20000e28   Section       12  app_util_platform.o(.bss)
    .bss                                     0x20000e34   Section       12  nrf_pwr_mgmt.o(.bss)
    m_handlers_iter                          0x20000e34   Data          12  nrf_pwr_mgmt.o(.bss)
    .bss                                     0x20000e40   Section       64  nrf_log_backend_rtt.o(.bss)
    m_string_buff                            0x20000e40   Data          64  nrf_log_backend_rtt.o(.bss)
    .bss                                     0x20000e80   Section      192  nrf_log_frontend.o(.bss)
    log_mempool_nrf_balloc_pool_mem          0x20000e80   Data         192  nrf_log_frontend.o(.bss)
    .bss                                     0x20000f40   Section      128  nrf_log_frontend.o(.bss)
    m_log_push_ringbuf_buf                   0x20000f40   Data         128  nrf_log_frontend.o(.bss)
    .bss                                     0x20000fc0   Section       24  nrf_log_frontend.o(.bss)
    m_log_push_ringbuf_cb                    0x20000fc0   Data          24  nrf_log_frontend.o(.bss)
    .bss                                     0x20000fd8   Section     1056  nrf_log_frontend.o(.bss)
    m_log_data                               0x20000fd8   Data        1056  nrf_log_frontend.o(.bss)
    .bss                                     0x200013f8   Section      648  segger_rtt.o(.bss)
    _acUpBuffer                              0x20001470   Data         512  segger_rtt.o(.bss)
    _acDownBuffer                            0x20001670   Data          16  segger_rtt.o(.bss)
    .bss                                     0x20001680   Section      128  nrf_sdh_ant.o(.bss)
    m_ant_stack_buffer                       0x20001680   Data         128  nrf_sdh_ant.o(.bss)
    STACK                                    0x20001700   Section     8192  arm_startup_nrf52.o(STACK)

    Global Symbols

    Symbol Name                              Value     Ov Type        Size  Object(Section)

    BuildAttributes$$THM_ISAv4$E$P$D$K$B$S$7EM$VFPi3$EXTD16$VFPS$VFMA$PE$A:L22UL41UL21$X:L11$S22US41US21$IEEE1$IW$USESV6$~STKCKD$USESV7$~SHL$OSPACE$EBA8$MICROLIB$REQ8$EABIv2 0x00000000   Number         0  anon$$obj.o ABSOLUTE
    __ARM_use_no_argv                        0x00000000   Number         0  main.o ABSOLUTE
    __use_no_errno                           0x00000000   Number         0  useno.o ABSOLUTE
    __use_no_exception_handling              0x00000000   Number         0  useno.o ABSOLUTE
    __use_no_fp                              0x00000000   Number         0  useno.o ABSOLUTE
    __use_no_heap                            0x00000000   Number         0  useno.o ABSOLUTE
    __use_no_heap_region                     0x00000000   Number         0  useno.o ABSOLUTE
    __use_no_semihosting                     0x00000000   Number         0  useno.o ABSOLUTE
    __use_no_semihosting_swi                 0x00000000   Number         0  useno.o ABSOLUTE
    __use_no_signal_handling                 0x00000000   Number         0  useno.o ABSOLUTE
    __arm_fini_                               - Undefined Weak Reference
    __cpp_initialize__aeabi_                  - Undefined Weak Reference
    __cxa_finalize                            - Undefined Weak Reference
    _clock_init                               - Undefined Weak Reference
    _microlib_exit                            - Undefined Weak Reference
    log_dynamic_data$$Base                    - Undefined Reference
    pwr_mgmt_data0$$Base                      - Undefined Reference
    pwr_mgmt_data0$$Limit                     - Undefined Reference
    pwr_mgmt_data1$$Base                      - Undefined Reference
    pwr_mgmt_data1$$Limit                     - Undefined Reference
    pwr_mgmt_data2$$Base                      - Undefined Reference
    pwr_mgmt_data2$$Limit                     - Undefined Reference
    sdh_ant_observers0$$Base                  - Undefined Reference
    sdh_ant_observers0$$Limit                 - Undefined Reference
    sdh_req_observers0$$Base                  - Undefined Reference
    sdh_req_observers0$$Limit                 - Undefined Reference
    sdh_req_observers1$$Base                  - Undefined Reference
    sdh_req_observers1$$Limit                 - Undefined Reference
    sdh_soc_observers0$$Base                  - Undefined Reference
    sdh_soc_observers0$$Limit                 - Undefined Reference
    sdh_soc_observers1$$Base                  - Undefined Reference
    sdh_soc_observers1$$Limit                 - Undefined Reference
    sdh_stack_observers1$$Base                - Undefined Reference
    sdh_stack_observers1$$Limit               - Undefined Reference
    sdh_state_observers0$$Base                - Undefined Reference
    sdh_state_observers0$$Limit               - Undefined Reference
    sdh_state_observers1$$Base                - Undefined Reference
    sdh_state_observers1$$Limit               - Undefined Reference
    __Vectors_Size                           0x00000200   Number         0  arm_startup_nrf52.o ABSOLUTE
    __Vectors                                0x00012000   Data           4  arm_startup_nrf52.o(RESET)
    __Vectors_End                            0x00012200   Data           0  arm_startup_nrf52.o(RESET)
    __main                                   0x00012201   Thumb Code     0  entry.o(.ARM.Collect$$$$00000000)
    _main_stk                                0x00012201   Thumb Code     0  entry2.o(.ARM.Collect$$$$00000001)
    _main_scatterload                        0x00012205   Thumb Code     0  entry5.o(.ARM.Collect$$$$00000004)
    __main_after_scatterload                 0x00012209   Thumb Code     0  entry5.o(.ARM.Collect$$$$00000004)
    _main_clock                              0x00012209   Thumb Code     0  entry7b.o(.ARM.Collect$$$$00000008)
    _main_cpp_init                           0x00012209   Thumb Code     0  entry8b.o(.ARM.Collect$$$$0000000A)
    _main_init                               0x00012209   Thumb Code     0  entry9a.o(.ARM.Collect$$$$0000000B)
    __rt_lib_shutdown_fini                   0x00012211   Thumb Code     0  entry12b.o(.ARM.Collect$$$$0000000E)
    __rt_final_cpp                           0x00012215   Thumb Code     0  entry10a.o(.ARM.Collect$$$$0000000F)
    __rt_final_exit                          0x00012215   Thumb Code     0  entry11a.o(.ARM.Collect$$$$00000011)
    HardFault_Handler                        0x00012219   Thumb Code    40  hardfault_handler_keil.o(.emb_text)
    __asm___12_nrf_atfifo_c_51f461e1__nrf_atfifo_wspace_req 0x0001224d   Thumb Code    56  nrf_atfifo.o(.emb_text)
    __asm___12_nrf_atfifo_c_51f461e1__nrf_atfifo_wspace_close 0x00012285   Thumb Code    18  nrf_atfifo.o(.emb_text)
    __asm___12_nrf_atfifo_c_51f461e1__nrf_atfifo_rspace_req 0x00012297   Thumb Code    58  nrf_atfifo.o(.emb_text)
    __asm___12_nrf_atfifo_c_51f461e1__nrf_atfifo_rspace_close 0x000122d1   Thumb Code    18  nrf_atfifo.o(.emb_text)
    __asm___12_nrf_atfifo_c_51f461e1__nrf_atfifo_space_clear 0x000122e3   Thumb Code    50  nrf_atfifo.o(.emb_text)
    __asm___12_nrf_atomic_c_85ca2469__nrf_atomic_internal_mov 0x00012315   Thumb Code    24  nrf_atomic.o(.emb_text)
    __asm___12_nrf_atomic_c_85ca2469__nrf_atomic_internal_orr 0x0001232d   Thumb Code    26  nrf_atomic.o(.emb_text)
    __asm___12_nrf_atomic_c_85ca2469__nrf_atomic_internal_and 0x00012347   Thumb Code    26  nrf_atomic.o(.emb_text)
    __asm___12_nrf_atomic_c_85ca2469__nrf_atomic_internal_eor 0x00012361   Thumb Code    26  nrf_atomic.o(.emb_text)
    __asm___12_nrf_atomic_c_85ca2469__nrf_atomic_internal_add 0x0001237b   Thumb Code    26  nrf_atomic.o(.emb_text)
    __asm___12_nrf_atomic_c_85ca2469__nrf_atomic_internal_sub 0x00012395   Thumb Code    26  nrf_atomic.o(.emb_text)
    __asm___12_nrf_atomic_c_85ca2469__nrf_atomic_internal_cmp_exch 0x000123af   Thumb Code    42  nrf_atomic.o(.emb_text)
    __asm___12_nrf_atomic_c_85ca2469__nrf_atomic_internal_sub_hs 0x000123d9   Thumb Code    30  nrf_atomic.o(.emb_text)
    Reset_Handler                            0x000123f9   Thumb Code     8  arm_startup_nrf52.o(.text)
    NMI_Handler                              0x00012401   Thumb Code     2  arm_startup_nrf52.o(.text)
    MemoryManagement_Handler                 0x00012405   Thumb Code     2  arm_startup_nrf52.o(.text)
    BusFault_Handler                         0x00012407   Thumb Code     2  arm_startup_nrf52.o(.text)
    UsageFault_Handler                       0x00012409   Thumb Code     2  arm_startup_nrf52.o(.text)
    SVC_Handler                              0x0001240b   Thumb Code     2  arm_startup_nrf52.o(.text)
    DebugMon_Handler                         0x0001240d   Thumb Code     2  arm_startup_nrf52.o(.text)
    PendSV_Handler                           0x0001240f   Thumb Code     2  arm_startup_nrf52.o(.text)
    SysTick_Handler                          0x00012411   Thumb Code     2  arm_startup_nrf52.o(.text)
    CCM_AAR_IRQHandler                       0x00012413   Thumb Code     0  arm_startup_nrf52.o(.text)
    COMP_LPCOMP_IRQHandler                   0x00012413   Thumb Code     0  arm_startup_nrf52.o(.text)
    ECB_IRQHandler                           0x00012413   Thumb Code     0  arm_startup_nrf52.o(.text)
    FPU_IRQHandler                           0x00012413   Thumb Code     0  arm_startup_nrf52.o(.text)
    I2S_IRQHandler                           0x00012413   Thumb Code     0  arm_startup_nrf52.o(.text)
    MWU_IRQHandler                           0x00012413   Thumb Code     0  arm_startup_nrf52.o(.text)
    NFCT_IRQHandler                          0x00012413   Thumb Code     0  arm_startup_nrf52.o(.text)
    PDM_IRQHandler                           0x00012413   Thumb Code     0  arm_startup_nrf52.o(.text)
    POWER_CLOCK_IRQHandler                   0x00012413   Thumb Code     0  arm_startup_nrf52.o(.text)
    PWM0_IRQHandler                          0x00012413   Thumb Code     0  arm_startup_nrf52.o(.text)
    PWM1_IRQHandler                          0x00012413   Thumb Code     0  arm_startup_nrf52.o(.text)
    PWM2_IRQHandler                          0x00012413   Thumb Code     0  arm_startup_nrf52.o(.text)
    QDEC_IRQHandler                          0x00012413   Thumb Code     0  arm_startup_nrf52.o(.text)
    RADIO_IRQHandler                         0x00012413   Thumb Code     0  arm_startup_nrf52.o(.text)
    RNG_IRQHandler                           0x00012413   Thumb Code     0  arm_startup_nrf52.o(.text)
    RTC0_IRQHandler                          0x00012413   Thumb Code     0  arm_startup_nrf52.o(.text)
    RTC2_IRQHandler                          0x00012413   Thumb Code     0  arm_startup_nrf52.o(.text)
    SAADC_IRQHandler                         0x00012413   Thumb Code     0  arm_startup_nrf52.o(.text)
    SPIM0_SPIS0_TWIM0_TWIS0_SPI0_TWI0_IRQHandler 0x00012413   Thumb Code     0  arm_startup_nrf52.o(.text)
    SPIM1_SPIS1_TWIM1_TWIS1_SPI1_TWI1_IRQHandler 0x00012413   Thumb Code     0  arm_startup_nrf52.o(.text)
    SPIM2_SPIS2_SPI2_IRQHandler              0x00012413   Thumb Code     0  arm_startup_nrf52.o(.text)
    SWI0_EGU0_IRQHandler                     0x00012413   Thumb Code     0  arm_startup_nrf52.o(.text)
    SWI1_EGU1_IRQHandler                     0x00012413   Thumb Code     0  arm_startup_nrf52.o(.text)
    SWI3_EGU3_IRQHandler                     0x00012413   Thumb Code     0  arm_startup_nrf52.o(.text)
    SWI4_EGU4_IRQHandler                     0x00012413   Thumb Code     0  arm_startup_nrf52.o(.text)
    SWI5_EGU5_IRQHandler                     0x00012413   Thumb Code     0  arm_startup_nrf52.o(.text)
    TEMP_IRQHandler                          0x00012413   Thumb Code     0  arm_startup_nrf52.o(.text)
    TIMER0_IRQHandler                        0x00012413   Thumb Code     0  arm_startup_nrf52.o(.text)
    TIMER1_IRQHandler                        0x00012413   Thumb Code     0  arm_startup_nrf52.o(.text)
    TIMER2_IRQHandler                        0x00012413   Thumb Code     0  arm_startup_nrf52.o(.text)
    TIMER3_IRQHandler                        0x00012413   Thumb Code     0  arm_startup_nrf52.o(.text)
    TIMER4_IRQHandler                        0x00012413   Thumb Code     0  arm_startup_nrf52.o(.text)
    WDT_IRQHandler                           0x00012413   Thumb Code     0  arm_startup_nrf52.o(.text)
    __aeabi_uldivmod                         0x0001241d   Thumb Code    98  uldiv.o(.text)
    __aeabi_llsl                             0x0001247f   Thumb Code    30  llshl.o(.text)
    _ll_shift_l                              0x0001247f   Thumb Code     0  llshl.o(.text)
    __rt_ctype_table                         0x0001249d   Thumb Code     4  ctype_o.o(.text)
    __aeabi_memcpy                           0x000124a5   Thumb Code    36  memcpya.o(.text)
    __aeabi_memcpy4                          0x000124a5   Thumb Code     0  memcpya.o(.text)
    __aeabi_memcpy8                          0x000124a5   Thumb Code     0  memcpya.o(.text)
    __aeabi_memset                           0x000124c9   Thumb Code    14  memseta.o(.text)
    __aeabi_memset4                          0x000124c9   Thumb Code     0  memseta.o(.text)
    __aeabi_memset8                          0x000124c9   Thumb Code     0  memseta.o(.text)
    __aeabi_memclr                           0x000124d7   Thumb Code     4  memseta.o(.text)
    __aeabi_memclr4                          0x000124d7   Thumb Code     0  memseta.o(.text)
    __aeabi_memclr8                          0x000124d7   Thumb Code     0  memseta.o(.text)
    _memset$wrapper                          0x000124db   Thumb Code    18  memseta.o(.text)
    strlen                                   0x000124ed   Thumb Code    14  strlen.o(.text)
    strcpy                                   0x000124fb   Thumb Code    18  strcpy.o(.text)
    __aeabi_llsr                             0x0001250d   Thumb Code    32  llushr.o(.text)
    _ll_ushift_r                             0x0001250d   Thumb Code     0  llushr.o(.text)
    __scatterload                            0x0001252d   Thumb Code    28  init.o(.text)
    __scatterload_rt2                        0x0001252d   Thumb Code     0  init.o(.text)
    __decompress                             0x00012551   Thumb Code     0  __dczerorl2.o(.text)
    __decompress1                            0x00012551   Thumb Code    86  __dczerorl2.o(.text)
    GPIOTE_IRQHandler                        0x000125a9   Thumb Code   154  nrfx_gpiote.o(i.GPIOTE_IRQHandler)
    HardFault_c_handler                      0x0001264d   Thumb Code   206  hardfault_implementation.o(i.HardFault_c_handler)
    HardFault_process                        0x00012825   Thumb Code    26  hardfault_implementation.o(i.HardFault_process)
    RTC1_IRQHandler                          0x00012849   Thumb Code    12  drv_rtc.o(i.RTC1_IRQHandler)
    SEGGER_RTT_Init                          0x00012859   Thumb Code     4  segger_rtt.o(i.SEGGER_RTT_Init)
    SEGGER_RTT_WriteNoLock                   0x0001285d   Thumb Code    86  segger_rtt.o(i.SEGGER_RTT_WriteNoLock)
    SWI2_EGU2_IRQHandler                     0x000128b9   Thumb Code     4  nrf_sdh.o(i.SWI2_EGU2_IRQHandler)
    SystemInit                               0x000128bd   Thumb Code   580  system_nrf52.o(i.SystemInit)
    UARTE0_UART0_IRQHandler                  0x00012b3d   Thumb Code     6  nrfx_prs.o(i.UARTE0_UART0_IRQHandler)
    __scatterload_copy                       0x00012c63   Thumb Code    14  handlers.o(i.__scatterload_copy)
    __scatterload_null                       0x00012c71   Thumb Code     2  handlers.o(i.__scatterload_null)
    __scatterload_zeroinit                   0x00012c73   Thumb Code    14  handlers.o(i.__scatterload_zeroinit)
    ant_channel_init                         0x00012cab   Thumb Code    60  ant_channel_config.o(i.ant_channel_init)
    ant_io_tx_setup                          0x00012d11   Thumb Code    48  ant_io_tx.o(i.ant_io_tx_setup)
    app_button_enable                        0x00012d45   Thumb Code    32  app_button.o(i.app_button_enable)
    app_button_init                          0x00012d69   Thumb Code   106  app_button.o(i.app_button_init)
    app_error_fault_handler                  0x00012de9   Thumb Code    86  app_error_weak.o(i.app_error_fault_handler)
    app_error_handler_bare                   0x00012e6d   Thumb Code    22  app_error.o(i.app_error_handler_bare)
    app_timer_cnt_get                        0x00012e85   Thumb Code     6  app_timer2.o(i.app_timer_cnt_get)
    app_timer_create                         0x00012e91   Thumb Code    32  app_timer2.o(i.app_timer_create)
    app_timer_init                           0x00012eb1   Thumb Code    70  app_timer2.o(i.app_timer_init)
    app_timer_start                          0x00012f0d   Thumb Code    84  app_timer2.o(i.app_timer_start)
    app_timer_stop                           0x00012f61   Thumb Code    68  app_timer2.o(i.app_timer_stop)
    app_util_critical_region_enter           0x00012fa5   Thumb Code    64  app_util_platform.o(i.app_util_critical_region_enter)
    app_util_critical_region_exit            0x00012fed   Thumb Code    46  app_util_platform.o(i.app_util_critical_region_exit)
    bsp_board_button_state_get               0x00013021   Thumb Code    28  boards.o(i.bsp_board_button_state_get)
    bsp_board_init                           0x00013041   Thumb Code    80  boards.o(i.bsp_board_init)
    bsp_board_led_invert                     0x00013095   Thumb Code    32  boards.o(i.bsp_board_led_invert)
    bsp_board_led_off                        0x000130b9   Thumb Code    10  boards.o(i.bsp_board_led_off)
    bsp_board_led_on                         0x000130c9   Thumb Code    10  boards.o(i.bsp_board_led_on)
    bsp_board_led_state_get                  0x000130d9   Thumb Code    28  boards.o(i.bsp_board_led_state_get)
    bsp_board_leds_off                       0x000130f9   Thumb Code    18  boards.o(i.bsp_board_leds_off)
    bsp_board_leds_on                        0x0001310b   Thumb Code    18  boards.o(i.bsp_board_leds_on)
    bsp_board_pin_to_button_idx              0x0001311d   Thumb Code    30  boards.o(i.bsp_board_pin_to_button_idx)
    bsp_button_is_pressed                    0x000131d1   Thumb Code    12  bsp.o(i.bsp_button_is_pressed)
    bsp_event_to_button_action_assign        0x000131dd   Thumb Code    64  bsp.o(i.bsp_event_to_button_action_assign)
    bsp_init                                 0x00013221   Thumb Code   128  bsp.o(i.bsp_init)
    buffer_is_empty                          0x00013541   Thumb Code    18  nrf_log_frontend.o(i.buffer_is_empty)
    drv_rtc_compare_disable                  0x000136c1   Thumb Code    20  drv_rtc.o(i.drv_rtc_compare_disable)
    drv_rtc_compare_pending                  0x000136d5   Thumb Code    14  drv_rtc.o(i.drv_rtc_compare_pending)
    drv_rtc_compare_set                      0x000136e3   Thumb Code    80  drv_rtc.o(i.drv_rtc_compare_set)
    drv_rtc_counter_get                      0x00013733   Thumb Code     8  drv_rtc.o(i.drv_rtc_counter_get)
    drv_rtc_init                             0x0001373d   Thumb Code   148  drv_rtc.o(i.drv_rtc_init)
    drv_rtc_irq_trigger                      0x00013815   Thumb Code    30  drv_rtc.o(i.drv_rtc_irq_trigger)
    drv_rtc_overflow_enable                  0x00013833   Thumb Code     8  drv_rtc.o(i.drv_rtc_overflow_enable)
    drv_rtc_overflow_pending                 0x0001383b   Thumb Code     8  drv_rtc.o(i.drv_rtc_overflow_pending)
    drv_rtc_start                            0x00013843   Thumb Code     8  drv_rtc.o(i.drv_rtc_start)
    drv_rtc_stop                             0x0001384b   Thumb Code     8  drv_rtc.o(i.drv_rtc_stop)
    drv_rtc_windowed_compare_set             0x00013853   Thumb Code   222  drv_rtc.o(i.drv_rtc_windowed_compare_set)
    evt_handle                               0x00013945   Thumb Code   216  app_button.o(i.evt_handle)
    log_pending_hook                         0x00013c61   Thumb Code     2  nrf_log_frontend.o(i.log_pending_hook)
    main                                     0x00013d09   Thumb Code   114  main.o(i.main)
    nrf_atfifo_init                          0x00013e51   Thumb Code    38  nrf_atfifo.o(i.nrf_atfifo_init)
    nrf_atfifo_item_alloc                    0x00013e77   Thumb Code    22  nrf_atfifo.o(i.nrf_atfifo_item_alloc)
    nrf_atfifo_item_free                     0x00013e8d   Thumb Code    22  nrf_atfifo.o(i.nrf_atfifo_item_free)
    nrf_atfifo_item_get                      0x00013ea3   Thumb Code    22  nrf_atfifo.o(i.nrf_atfifo_item_get)
    nrf_atfifo_item_put                      0x00013eb9   Thumb Code    22  nrf_atfifo.o(i.nrf_atfifo_item_put)
    nrf_atomic_flag_clear_fetch              0x00013ecf   Thumb Code     6  nrf_atomic.o(i.nrf_atomic_flag_clear_fetch)
    nrf_atomic_flag_set                      0x00013ed5   Thumb Code     6  nrf_atomic.o(i.nrf_atomic_flag_set)
    nrf_atomic_u32_add                       0x00013edb   Thumb Code    12  nrf_atomic.o(i.nrf_atomic_u32_add)
    nrf_atomic_u32_fetch_and                 0x00013ee7   Thumb Code    10  nrf_atomic.o(i.nrf_atomic_u32_fetch_and)
    nrf_atomic_u32_fetch_store               0x00013ef1   Thumb Code    10  nrf_atomic.o(i.nrf_atomic_u32_fetch_store)
    nrf_atomic_u32_or                        0x00013efb   Thumb Code    12  nrf_atomic.o(i.nrf_atomic_u32_or)
    nrf_atomic_u32_sub                       0x00013f07   Thumb Code    12  nrf_atomic.o(i.nrf_atomic_u32_sub)
    nrf_balloc_alloc                         0x00013f13   Thumb Code    68  nrf_balloc.o(i.nrf_balloc_alloc)
    nrf_balloc_free                          0x00013f57   Thumb Code    48  nrf_balloc.o(i.nrf_balloc_free)
    nrf_balloc_init                          0x00013f87   Thumb Code    48  nrf_balloc.o(i.nrf_balloc_init)
    nrf_fprintf                              0x00013fc7   Thumb Code    26  nrf_fprintf.o(i.nrf_fprintf)
    nrf_fprintf_buffer_flush                 0x00013fe1   Thumb Code    24  nrf_fprintf.o(i.nrf_fprintf_buffer_flush)
    nrf_fprintf_fmt                          0x00013ff9   Thumb Code   474  nrf_fprintf_format.o(i.nrf_fprintf_fmt)
    nrf_log_backend_add                      0x000142c1   Thumb Code    86  nrf_log_frontend.o(i.nrf_log_backend_add)
    nrf_log_backend_rtt_init                 0x0001431f   Thumb Code     4  nrf_log_backend_rtt.o(i.nrf_log_backend_rtt_init)
    nrf_log_backend_serial_put               0x0001433d   Thumb Code   194  nrf_log_backend_serial.o(i.nrf_log_backend_serial_put)
    nrf_log_color_id_get                     0x00014401   Thumb Code    42  nrf_log_frontend.o(i.nrf_log_color_id_get)
    nrf_log_default_backends_init            0x00014431   Thumb Code    24  nrf_log_default_backends.o(i.nrf_log_default_backends_init)
    nrf_log_frontend_dequeue                 0x0001444d   Thumb Code   524  nrf_log_frontend.o(i.nrf_log_frontend_dequeue)
    nrf_log_frontend_std_0                   0x00014681   Thumb Code     8  nrf_log_frontend.o(i.nrf_log_frontend_std_0)
    nrf_log_frontend_std_1                   0x00014689   Thumb Code    14  nrf_log_frontend.o(i.nrf_log_frontend_std_1)
    nrf_log_frontend_std_3                   0x00014697   Thumb Code    18  nrf_log_frontend.o(i.nrf_log_frontend_std_3)
    nrf_log_frontend_std_4                   0x000146a9   Thumb Code    20  nrf_log_frontend.o(i.nrf_log_frontend_std_4)
    nrf_log_hexdump_entry_process            0x000146bd   Thumb Code   150  nrf_log_str_formatter.o(i.nrf_log_hexdump_entry_process)
    nrf_log_init                             0x0001476d   Thumb Code    28  nrf_log_frontend.o(i.nrf_log_init)
    nrf_log_module_cnt_get                   0x00014795   Thumb Code    10  nrf_log_frontend.o(i.nrf_log_module_cnt_get)
    nrf_log_module_name_get                  0x000147a9   Thumb Code    24  nrf_log_frontend.o(i.nrf_log_module_name_get)
    nrf_log_panic                            0x000147c5   Thumb Code    36  nrf_log_frontend.o(i.nrf_log_panic)
    nrf_log_std_entry_process                0x000147ed   Thumb Code   182  nrf_log_str_formatter.o(i.nrf_log_std_entry_process)
    nrf_memobj_alloc                         0x000148a3   Thumb Code    96  nrf_memobj.o(i.nrf_memobj_alloc)
    nrf_memobj_free                          0x00014903   Thumb Code    50  nrf_memobj.o(i.nrf_memobj_free)
    nrf_memobj_get                           0x00014935   Thumb Code     8  nrf_memobj.o(i.nrf_memobj_get)
    nrf_memobj_pool_init                     0x0001493d   Thumb Code     4  nrf_memobj.o(i.nrf_memobj_pool_init)
    nrf_memobj_put                           0x00014941   Thumb Code    30  nrf_memobj.o(i.nrf_memobj_put)
    nrf_memobj_read                          0x0001495f   Thumb Code    16  nrf_memobj.o(i.nrf_memobj_read)
    nrf_memobj_write                         0x0001496f   Thumb Code    16  nrf_memobj.o(i.nrf_memobj_write)
    nrf_pwr_mgmt_init                        0x00014981   Thumb Code    28  nrf_pwr_mgmt.o(i.nrf_pwr_mgmt_init)
    nrf_pwr_mgmt_run                         0x000149a9   Thumb Code    64  nrf_pwr_mgmt.o(i.nrf_pwr_mgmt_run)
    nrf_ringbuf_init                         0x000149ed   Thumb Code    28  nrf_ringbuf.o(i.nrf_ringbuf_init)
    nrf_sdh_ant_enable                       0x00014a15   Thumb Code    56  nrf_sdh_ant.o(i.nrf_sdh_ant_enable)
    nrf_sdh_enable_request                   0x00014ad5   Thumb Code   104  nrf_sdh.o(i.nrf_sdh_enable_request)
    nrf_sdh_evts_poll                        0x00014b71   Thumb Code    32  nrf_sdh.o(i.nrf_sdh_evts_poll)
    nrf_sdh_is_enabled                       0x00014b95   Thumb Code     6  nrf_sdh.o(i.nrf_sdh_is_enabled)
    nrf_section_iter_init                    0x00014bdd   Thumb Code    10  nrf_section_iter.o(i.nrf_section_iter_init)
    nrf_section_iter_next                    0x00014c0b   Thumb Code    32  nrf_section_iter.o(i.nrf_section_iter_next)
    nrf_sortlist_add                         0x00014c2b   Thumb Code    34  nrf_sortlist.o(i.nrf_sortlist_add)
    nrf_sortlist_peek                        0x00014c4d   Thumb Code     6  nrf_sortlist.o(i.nrf_sortlist_peek)
    nrf_sortlist_pop                         0x00014c53   Thumb Code    14  nrf_sortlist.o(i.nrf_sortlist_pop)
    nrf_sortlist_remove                      0x00014c61   Thumb Code    30  nrf_sortlist.o(i.nrf_sortlist_remove)
    nrf_strerror_find                        0x00014c81   Thumb Code    52  nrf_strerror.o(i.nrf_strerror_find)
    nrf_strerror_get                         0x00014cb9   Thumb Code    14  nrf_strerror.o(i.nrf_strerror_get)
    nrfx_gpiote_in_event_enable              0x00014cdd   Thumb Code   152  nrfx_gpiote.o(i.nrfx_gpiote_in_event_enable)
    nrfx_gpiote_in_init                      0x00014d7d   Thumb Code   190  nrfx_gpiote.o(i.nrfx_gpiote_in_init)
    nrfx_gpiote_in_is_set                    0x00014e49   Thumb Code    20  nrfx_gpiote.o(i.nrfx_gpiote_in_is_set)
    nrfx_gpiote_init                         0x00014e5d   Thumb Code   102  nrfx_gpiote.o(i.nrfx_gpiote_init)
    nrfx_gpiote_is_init                      0x00014ed1   Thumb Code    14  nrfx_gpiote.o(i.nrfx_gpiote_is_init)
    nrf_log_backend_rtt_api                  0x00015808   Data          12  nrf_log_backend_rtt.o(.constdata)
    __ctype_table                            0x000158d0   Data         129  ctype_o.o(.constdata)
    Region$$Table$$Base                      0x00016348   Number         0  anon$$obj.o(Region$$Table)
    Region$$Table$$Limit                     0x00016368   Number         0  anon$$obj.o(Region$$Table)
    log_const_data$$Base                     0x00016378   Number         0  nrfx_gpiote.o(log_const_data)
    m_nrf_log_GPIOTE_logs_data_const         0x00016378   Data           8  nrfx_gpiote.o(log_const_data)
    m_nrf_log_PRS_logs_data_const            0x00016380   Data           8  nrfx_prs.o(log_const_data)
    m_nrf_log_UART_logs_data_const           0x00016388   Data           8  nrfx_uart.o(log_const_data)
    m_nrf_log_UARTE_logs_data_const          0x00016390   Data           8  nrfx_uarte.o(log_const_data)
    m_nrf_log_app_button_logs_data_const     0x00016398   Data           8  app_button.o(log_const_data)
    m_nrf_log_app_timer_logs_data_const      0x000163a0   Data           8  app_timer2.o(log_const_data)
    m_nrf_log_hardfault_logs_data_const      0x000163a8   Data           8  hardfault_implementation.o(log_const_data)
    m_nrf_log_pwr_mgmt_logs_data_const       0x000163b0   Data           8  nrf_pwr_mgmt.o(log_const_data)
    m_nrf_log_sortlist_logs_data_const       0x000163b8   Data           8  nrf_sortlist.o(log_const_data)
    m_nrf_log_app_logs_data_const            0x000163c0   Data           8  nrf_log_frontend.o(log_const_data)
    m_nrf_log_nrf_sdh_logs_data_const        0x000163c8   Data           8  nrf_sdh.o(log_const_data)
    m_nrf_log_nrf_sdh_ant_logs_data_const    0x000163d0   Data           8  nrf_sdh_ant.o(log_const_data)
    m_nrf_log_nrf_sdh_soc_logs_data_const    0x000163d8   Data           8  nrf_sdh_soc.o(log_const_data)
    log_const_data$$Limit                    0x000163e0   Number         0  nrf_sdh_soc.o(log_const_data)
    log_mempool                              0x000163e0   Data          20  nrf_log_frontend.o(nrf_balloc)
    sdh_ant_observers1$$Base                 0x000163f4   Number         0  ant_io_tx.o(sdh_ant_observers1)
    sdh_ant_observers1$$Limit                0x000163fc   Number         0  ant_io_tx.o(sdh_ant_observers1)
    sdh_stack_observers0$$Base               0x000163fc   Number         0  nrf_sdh_ant.o(sdh_stack_observers0)
    sdh_stack_observers0$$Limit              0x0001640c   Number         0  nrf_sdh_soc.o(sdh_stack_observers0)
    SystemCoreClock                          0x20000d44   Data           4  system_nrf52.o(.data)
    nrf_nvic_state                           0x20000e28   Data          12  app_util_platform.o(.bss)
    _SEGGER_RTT                              0x200013f8   Data         120  segger_rtt.o(.bss)
    STACK$$Base                              0x20001700   Number         0  arm_startup_nrf52.o(STACK)
    STACK$$Limit                             0x20003700   Number         0  arm_startup_nrf52.o(STACK)
    __initial_sp                             0x20003700   Data           0  arm_startup_nrf52.o(STACK)



==============================================================================

Memory Map of the image

  Image Entry point : 0x00012201

  Load Region LR_IROM1 (Base: 0x00012000, Size: 0x000045d4, Max: 0x0006e000, ABSOLUTE, COMPRESSED[0x00004490])

    Execution Region ER_IROM1 (Exec base: 0x00012000, Load base: 0x00012000, Size: 0x0000440c, Max: 0x0006e000, ABSOLUTE)

    Exec Addr    Load Addr    Size         Type   Attr      Idx    E Section Name        Object

    0x00012000   0x00012000   0x00000200   Data   RO         3971    RESET               arm_startup_nrf52.o
    0x00012200   0x00012200   0x00000000   Code   RO         4041  * .ARM.Collect$$$$00000000  mc_w.l(entry.o)
    0x00012200   0x00012200   0x00000004   Code   RO         4093    .ARM.Collect$$$$00000001  mc_w.l(entry2.o)
    0x00012204   0x00012204   0x00000004   Code   RO         4096    .ARM.Collect$$$$00000004  mc_w.l(entry5.o)
    0x00012208   0x00012208   0x00000000   Code   RO         4098    .ARM.Collect$$$$00000008  mc_w.l(entry7b.o)
    0x00012208   0x00012208   0x00000000   Code   RO         4100    .ARM.Collect$$$$0000000A  mc_w.l(entry8b.o)
    0x00012208   0x00012208   0x00000008   Code   RO         4101    .ARM.Collect$$$$0000000B  mc_w.l(entry9a.o)
    0x00012210   0x00012210   0x00000004   Code   RO         4108    .ARM.Collect$$$$0000000E  mc_w.l(entry12b.o)
    0x00012214   0x00012214   0x00000000   Code   RO         4103    .ARM.Collect$$$$0000000F  mc_w.l(entry10a.o)
    0x00012214   0x00012214   0x00000000   Code   RO         4105    .ARM.Collect$$$$00000011  mc_w.l(entry11a.o)
    0x00012214   0x00012214   0x00000004   Code   RO         4094    .ARM.Collect$$$$00002712  mc_w.l(entry2.o)
    0x00012218   0x00012218   0x00000034   Code   RO         2249    .emb_text           hardfault_handler_keil.o
    0x0001224c   0x0001224c   0x000000c8   Code   RO         2341    .emb_text           nrf_atfifo.o
    0x00012314   0x00012314   0x000000e2   Code   RO         2411    .emb_text           nrf_atomic.o
    0x000123f6   0x000123f6   0x00000002   PAD
    0x000123f8   0x000123f8   0x00000024   Code   RO         3972    .text               arm_startup_nrf52.o
    0x0001241c   0x0001241c   0x00000062   Code   RO         4049    .text               mc_w.l(uldiv.o)
    0x0001247e   0x0001247e   0x0000001e   Code   RO         4051    .text               mc_w.l(llshl.o)
    0x0001249c   0x0001249c   0x00000008   Code   RO         4053    .text               mc_w.l(ctype_o.o)
    0x000124a4   0x000124a4   0x00000024   Code   RO         4081    .text               mc_w.l(memcpya.o)
    0x000124c8   0x000124c8   0x00000024   Code   RO         4083    .text               mc_w.l(memseta.o)
    0x000124ec   0x000124ec   0x0000000e   Code   RO         4085    .text               mc_w.l(strlen.o)
    0x000124fa   0x000124fa   0x00000012   Code   RO         4089    .text               mc_w.l(strcpy.o)
    0x0001250c   0x0001250c   0x00000020   Code   RO         4110    .text               mc_w.l(llushr.o)
    0x0001252c   0x0001252c   0x00000024   Code   RO         4113    .text               mc_w.l(init.o)
    0x00012550   0x00012550   0x00000056   Code   RO         4123    .text               mc_w.l(__dczerorl2.o)
    0x000125a6   0x000125a6   0x00000002   PAD
    0x000125a8   0x000125a8   0x000000a4   Code   RO          889    i.GPIOTE_IRQHandler  nrfx_gpiote.o
    0x0001264c   0x0001264c   0x000001d8   Code   RO         2271    i.HardFault_c_handler  hardfault_implementation.o
    0x00012824   0x00012824   0x00000024   Code   RO         2272    i.HardFault_process  hardfault_implementation.o
    0x00012848   0x00012848   0x00000010   Code   RO         2080    i.RTC1_IRQHandler   drv_rtc.o
    0x00012858   0x00012858   0x00000004   Code   RO         3422    i.SEGGER_RTT_Init   segger_rtt.o
    0x0001285c   0x0001285c   0x0000005c   Code   RO         3436    i.SEGGER_RTT_WriteNoLock  segger_rtt.o
    0x000128b8   0x000128b8   0x00000004   Code   RO         3770    i.SWI2_EGU2_IRQHandler  nrf_sdh.o
    0x000128bc   0x000128bc   0x00000280   Code   RO         3980    i.SystemInit        system_nrf52.o
    0x00012b3c   0x00012b3c   0x0000000c   Code   RO         1203    i.UARTE0_UART0_IRQHandler  nrfx_prs.o
    0x00012b48   0x00012b48   0x00000068   Code   RO         3440    i._DoInit           segger_rtt.o
    0x00012bb0   0x00012bb0   0x00000016   Code   RO         3441    i._GetAvailWriteSpace  segger_rtt.o
    0x00012bc6   0x00012bc6   0x0000005a   Code   RO         3443    i._WriteBlocking    segger_rtt.o
    0x00012c20   0x00012c20   0x00000042   Code   RO         3444    i._WriteNoCheck     segger_rtt.o
    0x00012c62   0x00012c62   0x0000000e   Code   RO         4117    i.__scatterload_copy  mc_w.l(handlers.o)
    0x00012c70   0x00012c70   0x00000002   Code   RO         4118    i.__scatterload_null  mc_w.l(handlers.o)
    0x00012c72   0x00012c72   0x0000000e   Code   RO         4119    i.__scatterload_zeroinit  mc_w.l(handlers.o)
    0x00012c80   0x00012c80   0x00000024   Code   RO         3771    i.__sd_nvic_app_accessible_irq  nrf_sdh.o
    0x00012ca4   0x00012ca4   0x00000006   Code   RO          490    i.alert_timer_handler  bsp.o
    0x00012caa   0x00012caa   0x0000003c   Code   RO          620    i.ant_channel_init  ant_channel_config.o
    0x00012ce6   0x00012ce6   0x00000002   PAD
    0x00012ce8   0x00012ce8   0x00000028   Code   RO            4    i.ant_evt_handler   ant_io_tx.o
    0x00012d10   0x00012d10   0x00000034   Code   RO            5    i.ant_io_tx_setup   ant_io_tx.o
    0x00012d44   0x00012d44   0x00000024   Code   RO         1610    i.app_button_enable  app_button.o
    0x00012d68   0x00012d68   0x00000080   Code   RO         1611    i.app_button_init   app_button.o
    0x00012de8   0x00012de8   0x00000084   Code   RO         1768    i.app_error_fault_handler  app_error_weak.o
    0x00012e6c   0x00012e6c   0x00000016   Code   RO         1712    i.app_error_handler_bare  app_error.o
    0x00012e82   0x00012e82   0x00000002   PAD
    0x00012e84   0x00012e84   0x0000000c   Code   RO         1871    i.app_timer_cnt_get  app_timer2.o
    0x00012e90   0x00012e90   0x00000020   Code   RO         1872    i.app_timer_create  app_timer2.o
    0x00012eb0   0x00012eb0   0x0000005c   Code   RO         1873    i.app_timer_init    app_timer2.o
    0x00012f0c   0x00012f0c   0x00000054   Code   RO         1876    i.app_timer_start   app_timer2.o
    0x00012f60   0x00012f60   0x00000044   Code   RO         1877    i.app_timer_stop    app_timer2.o
    0x00012fa4   0x00012fa4   0x00000048   Code   RO         2012    i.app_util_critical_region_enter  app_util_platform.o
    0x00012fec   0x00012fec   0x00000034   Code   RO         2013    i.app_util_critical_region_exit  app_util_platform.o
    0x00013020   0x00013020   0x00000020   Code   RO          388    i.bsp_board_button_state_get  boards.o
    0x00013040   0x00013040   0x00000054   Code   RO          389    i.bsp_board_init    boards.o
    0x00013094   0x00013094   0x00000024   Code   RO          391    i.bsp_board_led_invert  boards.o
    0x000130b8   0x000130b8   0x00000010   Code   RO          392    i.bsp_board_led_off  boards.o
    0x000130c8   0x000130c8   0x00000010   Code   RO          393    i.bsp_board_led_on  boards.o
    0x000130d8   0x000130d8   0x00000020   Code   RO          394    i.bsp_board_led_state_get  boards.o
    0x000130f8   0x000130f8   0x00000012   Code   RO          395    i.bsp_board_leds_off  boards.o
    0x0001310a   0x0001310a   0x00000012   Code   RO          396    i.bsp_board_leds_on  boards.o
    0x0001311c   0x0001311c   0x00000024   Code   RO          397    i.bsp_board_pin_to_button_idx  boards.o
    0x00013140   0x00013140   0x00000090   Code   RO          491    i.bsp_button_event_handler  bsp.o
    0x000131d0   0x000131d0   0x0000000c   Code   RO          492    i.bsp_button_is_pressed  bsp.o
    0x000131dc   0x000131dc   0x00000044   Code   RO          495    i.bsp_event_to_button_action_assign  bsp.o
    0x00013220   0x00013220   0x00000094   Code   RO          497    i.bsp_init          bsp.o
    0x000132b4   0x000132b4   0x000001c8   Code   RO          498    i.bsp_led_indication  bsp.o
    0x0001347c   0x0001347c   0x00000094   Code   RO         3170    i.buf_prealloc      nrf_log_frontend.o
    0x00013510   0x00013510   0x0000002e   Code   RO         2626    i.buffer_add        nrf_fprintf_format.o
    0x0001353e   0x0001353e   0x00000002   PAD
    0x00013540   0x00013540   0x00000018   Code   RO         3171    i.buffer_is_empty   nrf_log_frontend.o
    0x00013558   0x00013558   0x00000028   Code   RO         1613    i.button_get        app_button.o
    0x00013580   0x00013580   0x00000050   Code   RO            6    i.button_state_encode  ant_io_tx.o
    0x000135d0   0x000135d0   0x00000008   Code   RO          501    i.button_timer_handler  bsp.o
    0x000135d8   0x000135d8   0x0000001c   Code   RO          890    i.channel_free      nrfx_gpiote.o
    0x000135f4   0x000135f4   0x00000048   Code   RO          891    i.channel_port_alloc  nrfx_gpiote.o
    0x0001363c   0x0001363c   0x00000010   Code   RO          892    i.channel_port_get  nrfx_gpiote.o
    0x0001364c   0x0001364c   0x00000018   Code   RO         1879    i.compare_func      app_timer2.o
    0x00013664   0x00013664   0x00000048   Code   RO         1614    i.detection_delay_timeout_handler  app_button.o
    0x000136ac   0x000136ac   0x00000014   Code   RO         3172    i.dropped_sat16_get  nrf_log_frontend.o
    0x000136c0   0x000136c0   0x00000014   Code   RO         2081    i.drv_rtc_compare_disable  drv_rtc.o
    0x000136d4   0x000136d4   0x0000000e   Code   RO         2084    i.drv_rtc_compare_pending  drv_rtc.o
    0x000136e2   0x000136e2   0x00000050   Code   RO         2085    i.drv_rtc_compare_set  drv_rtc.o
    0x00013732   0x00013732   0x00000008   Code   RO         2086    i.drv_rtc_counter_get  drv_rtc.o
    0x0001373a   0x0001373a   0x00000002   PAD
    0x0001373c   0x0001373c   0x000000d8   Code   RO         2087    i.drv_rtc_init      drv_rtc.o
    0x00013814   0x00013814   0x0000001e   Code   RO         2088    i.drv_rtc_irq_trigger  drv_rtc.o
    0x00013832   0x00013832   0x00000008   Code   RO         2090    i.drv_rtc_overflow_enable  drv_rtc.o
    0x0001383a   0x0001383a   0x00000008   Code   RO         2091    i.drv_rtc_overflow_pending  drv_rtc.o
    0x00013842   0x00013842   0x00000008   Code   RO         2092    i.drv_rtc_start     drv_rtc.o
    0x0001384a   0x0001384a   0x00000008   Code   RO         2093    i.drv_rtc_stop      drv_rtc.o
    0x00013852   0x00013852   0x000000de   Code   RO         2098    i.drv_rtc_windowed_compare_set  drv_rtc.o
    0x00013930   0x00013930   0x00000012   Code   RO         2099    i.evt_enable        drv_rtc.o
    0x00013942   0x00013942   0x00000002   PAD
    0x00013944   0x00013944   0x000000e0   Code   RO         1615    i.evt_handle        app_button.o
    0x00013a24   0x00013a24   0x00000014   Code   RO         2100    i.evt_pending       drv_rtc.o
    0x00013a38   0x00013a38   0x00000034   Code   RO         1880    i.get_now           app_timer2.o
    0x00013a6c   0x00013a6c   0x0000003c   Code   RO         1616    i.gpiote_event_handler  app_button.o
    0x00013aa8   0x00013aa8   0x0000003c   Code   RO            7    i.handle_transmit   ant_io_tx.o
    0x00013ae4   0x00013ae4   0x000000a6   Code   RO         2627    i.int_print         nrf_fprintf_format.o
    0x00013b8a   0x00013b8a   0x00000034   Code   RO         3173    i.invalid_packets_omit  nrf_log_frontend.o
    0x00013bbe   0x00013bbe   0x00000002   PAD
    0x00013bc0   0x00013bc0   0x0000005c   Code   RO            8    i.led_state_set     ant_io_tx.o
    0x00013c1c   0x00013c1c   0x00000030   Code   RO          502    i.leds_off          bsp.o
    0x00013c4c   0x00013c4c   0x00000014   Code   RO          503    i.leds_timer_handler  bsp.o
    0x00013c60   0x00013c60   0x00000002   Code   RO         3174    i.log_pending_hook  nrf_log_frontend.o
    0x00013c62   0x00013c62   0x00000002   PAD
    0x00013c64   0x00013c64   0x000000a4   Code   RO         3175    i.log_skip          nrf_log_frontend.o
    0x00013d08   0x00013d08   0x00000098   Code   RO          237    i.main              main.o
    0x00013da0   0x00013da0   0x0000007e   Code   RO         2666    i.memobj_op         nrf_memobj.o
    0x00013e1e   0x00013e1e   0x00000002   PAD
    0x00013e20   0x00013e20   0x00000030   Code   RO         3176    i.module_idx_get    nrf_log_frontend.o
    0x00013e50   0x00013e50   0x00000026   Code   RO         2345    i.nrf_atfifo_init   nrf_atfifo.o
    0x00013e76   0x00013e76   0x00000016   Code   RO         2346    i.nrf_atfifo_item_alloc  nrf_atfifo.o
    0x00013e8c   0x00013e8c   0x00000016   Code   RO         2347    i.nrf_atfifo_item_free  nrf_atfifo.o
    0x00013ea2   0x00013ea2   0x00000016   Code   RO         2348    i.nrf_atfifo_item_get  nrf_atfifo.o
    0x00013eb8   0x00013eb8   0x00000016   Code   RO         2349    i.nrf_atfifo_item_put  nrf_atfifo.o
    0x00013ece   0x00013ece   0x00000006   Code   RO         2413    i.nrf_atomic_flag_clear_fetch  nrf_atomic.o
    0x00013ed4   0x00013ed4   0x00000006   Code   RO         2414    i.nrf_atomic_flag_set  nrf_atomic.o
    0x00013eda   0x00013eda   0x0000000c   Code   RO         2416    i.nrf_atomic_u32_add  nrf_atomic.o
    0x00013ee6   0x00013ee6   0x0000000a   Code   RO         2420    i.nrf_atomic_u32_fetch_and  nrf_atomic.o
    0x00013ef0   0x00013ef0   0x0000000a   Code   RO         2422    i.nrf_atomic_u32_fetch_store  nrf_atomic.o
    0x00013efa   0x00013efa   0x0000000c   Code   RO         2426    i.nrf_atomic_u32_or  nrf_atomic.o
    0x00013f06   0x00013f06   0x0000000c   Code   RO         2428    i.nrf_atomic_u32_sub  nrf_atomic.o
    0x00013f12   0x00013f12   0x00000044   Code   RO         2550    i.nrf_balloc_alloc  nrf_balloc.o
    0x00013f56   0x00013f56   0x00000030   Code   RO         2551    i.nrf_balloc_free   nrf_balloc.o
    0x00013f86   0x00013f86   0x00000030   Code   RO         2552    i.nrf_balloc_init   nrf_balloc.o
    0x00013fb6   0x00013fb6   0x00000010   Code   RO          893    i.nrf_bitmask_bit_is_set  nrfx_gpiote.o
    0x00013fc6   0x00013fc6   0x0000001a   Code   RO         2587    i.nrf_fprintf       nrf_fprintf.o
    0x00013fe0   0x00013fe0   0x00000018   Code   RO         2588    i.nrf_fprintf_buffer_flush  nrf_fprintf.o
    0x00013ff8   0x00013ff8   0x000001da   Code   RO         2628    i.nrf_fprintf_fmt   nrf_fprintf_format.o
    0x000141d2   0x000141d2   0x00000024   Code   RO          399    i.nrf_gpio_cfg      boards.o
    0x000141f6   0x000141f6   0x00000024   Code   RO          894    i.nrf_gpio_cfg      nrfx_gpiote.o
    0x0001421a   0x0001421a   0x00000022   Code   RO          896    i.nrf_gpio_cfg_sense_set  nrfx_gpiote.o
    0x0001423c   0x0001423c   0x0000002c   Code   RO          897    i.nrf_gpio_latches_read_and_clear  nrfx_gpiote.o
    0x00014268   0x00014268   0x0000001e   Code   RO          898    i.nrf_gpio_pin_present_check  nrfx_gpiote.o
    0x00014286   0x00014286   0x00000016   Code   RO          400    i.nrf_gpio_pin_write  boards.o
    0x0001429c   0x0001429c   0x00000014   Code   RO          899    i.nrf_gpiote_event_clear  nrfx_gpiote.o
    0x000142b0   0x000142b0   0x00000010   Code   RO          900    i.nrf_gpiote_event_is_set  nrfx_gpiote.o
    0x000142c0   0x000142c0   0x0000005c   Code   RO         3177    i.nrf_log_backend_add  nrf_log_frontend.o
    0x0001431c   0x0001431c   0x00000002   Code   RO         3010    i.nrf_log_backend_rtt_flush  nrf_log_backend_rtt.o
    0x0001431e   0x0001431e   0x00000004   Code   RO         3011    i.nrf_log_backend_rtt_init  nrf_log_backend_rtt.o
    0x00014322   0x00014322   0x00000002   Code   RO         3012    i.nrf_log_backend_rtt_panic_set  nrf_log_backend_rtt.o
    0x00014324   0x00014324   0x00000018   Code   RO         3013    i.nrf_log_backend_rtt_put  nrf_log_backend_rtt.o
    0x0001433c   0x0001433c   0x000000c2   Code   RO         3079    i.nrf_log_backend_serial_put  nrf_log_backend_serial.o
    0x000143fe   0x000143fe   0x00000002   PAD
    0x00014400   0x00014400   0x00000030   Code   RO         3179    i.nrf_log_color_id_get  nrf_log_frontend.o
    0x00014430   0x00014430   0x0000001c   Code   RO         3131    i.nrf_log_default_backends_init  nrf_log_default_backends.o
    0x0001444c   0x0001444c   0x00000234   Code   RO         3180    i.nrf_log_frontend_dequeue  nrf_log_frontend.o
    0x00014680   0x00014680   0x00000008   Code   RO         3182    i.nrf_log_frontend_std_0  nrf_log_frontend.o
    0x00014688   0x00014688   0x0000000e   Code   RO         3183    i.nrf_log_frontend_std_1  nrf_log_frontend.o
    0x00014696   0x00014696   0x00000012   Code   RO         3185    i.nrf_log_frontend_std_3  nrf_log_frontend.o
    0x000146a8   0x000146a8   0x00000014   Code   RO         3186    i.nrf_log_frontend_std_4  nrf_log_frontend.o
    0x000146bc   0x000146bc   0x000000b0   Code   RO         3363    i.nrf_log_hexdump_entry_process  nrf_log_str_formatter.o
    0x0001476c   0x0001476c   0x00000028   Code   RO         3189    i.nrf_log_init      nrf_log_frontend.o
    0x00014794   0x00014794   0x00000014   Code   RO         3190    i.nrf_log_module_cnt_get  nrf_log_frontend.o
    0x000147a8   0x000147a8   0x0000001c   Code   RO         3193    i.nrf_log_module_name_get  nrf_log_frontend.o
    0x000147c4   0x000147c4   0x00000028   Code   RO         3194    i.nrf_log_panic     nrf_log_frontend.o
    0x000147ec   0x000147ec   0x000000b6   Code   RO         3364    i.nrf_log_std_entry_process  nrf_log_str_formatter.o
    0x000148a2   0x000148a2   0x00000060   Code   RO         2667    i.nrf_memobj_alloc  nrf_memobj.o
    0x00014902   0x00014902   0x00000032   Code   RO         2668    i.nrf_memobj_free   nrf_memobj.o
    0x00014934   0x00014934   0x00000008   Code   RO         2669    i.nrf_memobj_get    nrf_memobj.o
    0x0001493c   0x0001493c   0x00000004   Code   RO         2670    i.nrf_memobj_pool_init  nrf_memobj.o
    0x00014940   0x00014940   0x0000001e   Code   RO         2671    i.nrf_memobj_put    nrf_memobj.o
    0x0001495e   0x0001495e   0x00000010   Code   RO         2672    i.nrf_memobj_read   nrf_memobj.o
    0x0001496e   0x0001496e   0x00000010   Code   RO         2673    i.nrf_memobj_write  nrf_memobj.o
    0x0001497e   0x0001497e   0x00000002   PAD
    0x00014980   0x00014980   0x00000028   Code   RO         2745    i.nrf_pwr_mgmt_init  nrf_pwr_mgmt.o
    0x000149a8   0x000149a8   0x00000044   Code   RO         2746    i.nrf_pwr_mgmt_run  nrf_pwr_mgmt.o
    0x000149ec   0x000149ec   0x0000001c   Code   RO         2828    i.nrf_ringbuf_init  nrf_ringbuf.o
    0x00014a08   0x00014a08   0x0000000c   Code   RO         2101    i.nrf_rtc_event_clear  drv_rtc.o
    0x00014a14   0x00014a14   0x00000068   Code   RO         3891    i.nrf_sdh_ant_enable  nrf_sdh_ant.o
    0x00014a7c   0x00014a7c   0x00000058   Code   RO         3892    i.nrf_sdh_ant_evts_poll  nrf_sdh_ant.o
    0x00014ad4   0x00014ad4   0x0000009c   Code   RO         3773    i.nrf_sdh_enable_request  nrf_sdh.o
    0x00014b70   0x00014b70   0x00000024   Code   RO         3774    i.nrf_sdh_evts_poll  nrf_sdh.o
    0x00014b94   0x00014b94   0x0000000c   Code   RO         3775    i.nrf_sdh_is_enabled  nrf_sdh.o
    0x00014ba0   0x00014ba0   0x0000003c   Code   RO         3934    i.nrf_sdh_soc_evts_poll  nrf_sdh_soc.o
    0x00014bdc   0x00014bdc   0x0000000a   Code   RO         2886    i.nrf_section_iter_init  nrf_section_iter.o
    0x00014be6   0x00014be6   0x00000024   Code   RO         2887    i.nrf_section_iter_item_set  nrf_section_iter.o
    0x00014c0a   0x00014c0a   0x00000020   Code   RO         2888    i.nrf_section_iter_next  nrf_section_iter.o
    0x00014c2a   0x00014c2a   0x00000022   Code   RO         2921    i.nrf_sortlist_add  nrf_sortlist.o
    0x00014c4c   0x00014c4c   0x00000006   Code   RO         2923    i.nrf_sortlist_peek  nrf_sortlist.o
    0x00014c52   0x00014c52   0x0000000e   Code   RO         2924    i.nrf_sortlist_pop  nrf_sortlist.o
    0x00014c60   0x00014c60   0x0000001e   Code   RO         2925    i.nrf_sortlist_remove  nrf_sortlist.o
    0x00014c7e   0x00014c7e   0x00000002   PAD
    0x00014c80   0x00014c80   0x00000038   Code   RO         2977    i.nrf_strerror_find  nrf_strerror.o
    0x00014cb8   0x00014cb8   0x00000014   Code   RO         2978    i.nrf_strerror_get  nrf_strerror.o
    0x00014ccc   0x00014ccc   0x00000010   Code   RO         2102    i.nrfx_coredep_delay_us  drv_rtc.o
    0x00014cdc   0x00014cdc   0x000000a0   Code   RO          906    i.nrfx_gpiote_in_event_enable  nrfx_gpiote.o
    0x00014d7c   0x00014d7c   0x000000cc   Code   RO          908    i.nrfx_gpiote_in_init  nrfx_gpiote.o
    0x00014e48   0x00014e48   0x00000014   Code   RO          909    i.nrfx_gpiote_in_is_set  nrfx_gpiote.o
    0x00014e5c   0x00014e5c   0x00000074   Code   RO          911    i.nrfx_gpiote_init  nrfx_gpiote.o
    0x00014ed0   0x00014ed0   0x00000014   Code   RO          912    i.nrfx_gpiote_is_init  nrfx_gpiote.o
    0x00014ee4   0x00014ee4   0x0000001c   Code   RO          930    i.pin_configured_set  nrfx_gpiote.o
    0x00014f00   0x00014f00   0x00000018   Code   RO          931    i.pin_in_use_by_port  nrfx_gpiote.o
    0x00014f18   0x00014f18   0x00000018   Code   RO          932    i.pin_in_use_by_te  nrfx_gpiote.o
    0x00014f30   0x00014f30   0x000000b4   Code   RO          933    i.port_event_handle  nrfx_gpiote.o
    0x00014fe4   0x00014fe4   0x00000010   Code   RO          934    i.port_handler_polarity_get  nrfx_gpiote.o
    0x00014ff4   0x00014ff4   0x0000003c   Code   RO         3366    i.postfix_process   nrf_log_str_formatter.o
    0x00015030   0x00015030   0x00000098   Code   RO         3367    i.prefix_process    nrf_log_str_formatter.o
    0x000150c8   0x000150c8   0x0000005c   Code   RO         1881    i.rtc_irq           app_timer2.o
    0x00015124   0x00015124   0x0000006c   Code   RO         1882    i.rtc_schedule      app_timer2.o
    0x00015190   0x00015190   0x0000008c   Code   RO         1883    i.rtc_update        app_timer2.o
    0x0001521c   0x0001521c   0x00000030   Code   RO         3780    i.sdh_request_observer_notify  nrf_sdh.o
    0x0001524c   0x0001524c   0x0000002c   Code   RO         3781    i.sdh_state_observer_notify  nrf_sdh.o
    0x00015278   0x00015278   0x00000050   Code   RO         3014    i.serial_tx         nrf_log_backend_rtt.o
    0x000152c8   0x000152c8   0x00000058   Code   RO         3783    i.softdevices_evt_irq_enable  nrf_sdh.o
    0x00015320   0x00015320   0x0000000c   Code   RO         1884    i.sortlist_pop      app_timer2.o
    0x0001532c   0x0001532c   0x00000030   Code   RO         1617    i.state_set         app_button.o
    0x0001535c   0x0001535c   0x00000098   Code   RO         3196    i.std_n             nrf_log_frontend.o
    0x000153f4   0x000153f4   0x00000098   Code   RO         1885    i.timer_expire      app_timer2.o
    0x0001548c   0x0001548c   0x00000080   Code   RO         1886    i.timer_req_process  app_timer2.o
    0x0001550c   0x0001550c   0x00000038   Code   RO         1887    i.timer_req_schedule  app_timer2.o
    0x00015544   0x00015544   0x00000018   Code   RO         1618    i.timer_start       app_button.o
    0x0001555c   0x0001555c   0x000000b4   Code   RO         2629    i.unsigned_print    nrf_fprintf_format.o
    0x00015610   0x00015610   0x00000020   Code   RO         1619    i.usr_event         app_button.o
    0x00015630   0x00015630   0x0000000c   Data   RO            9    .constdata          ant_io_tx.o
    0x0001563c   0x0001563c   0x00000008   Data   RO          401    .constdata          boards.o
    0x00015644   0x00015644   0x0000002c   Data   RO          506    .constdata          bsp.o
    0x00015670   0x00015670   0x00000004   Data   RO          936    .constdata          nrfx_gpiote.o
    0x00015674   0x00015674   0x00000008   Data   RO         1621    .constdata          app_button.o
    0x0001567c   0x0001567c   0x00000014   Data   RO         1890    .constdata          app_timer2.o
    0x00015690   0x00015690   0x00000006   Data   RO         2103    .constdata          drv_rtc.o
    0x00015696   0x00015696   0x00000010   Data   RO         2630    .constdata          nrf_fprintf_format.o
    0x000156a6   0x000156a6   0x00000002   PAD
    0x000156a8   0x000156a8   0x00000018   Data   RO         2750    .constdata          nrf_pwr_mgmt.o
    0x000156c0   0x000156c0   0x0000000c   Data   RO         2751    .constdata          nrf_pwr_mgmt.o
    0x000156cc   0x000156cc   0x0000013c   Data   RO         2979    .constdata          nrf_strerror.o
    0x00015808   0x00015808   0x0000000c   Data   RO         3016    .constdata          nrf_log_backend_rtt.o
    0x00015814   0x00015814   0x0000000c   PAD
    0x00015820   0x00015820   0x00000006   Data   RO         3017    .constdata          nrf_log_backend_rtt.o
    0x00015826   0x00015826   0x00000002   PAD
    0x00015828   0x00015828   0x0000000c   Data   RO         3201    .constdata          nrf_log_frontend.o
    0x00015834   0x00015834   0x00000010   Data   RO         3784    .constdata          nrf_sdh.o
    0x00015844   0x00015844   0x00000028   Data   RO         3785    .constdata          nrf_sdh.o
    0x0001586c   0x0001586c   0x00000010   Data   RO         3786    .constdata          nrf_sdh.o
    0x0001587c   0x0001587c   0x00000010   Data   RO         3787    .constdata          nrf_sdh.o
    0x0001588c   0x0001588c   0x00000010   Data   RO         3894    .constdata          nrf_sdh_ant.o
    0x0001589c   0x0001589c   0x00000018   Data   RO         3895    .constdata          nrf_sdh_ant.o
    0x000158b4   0x000158b4   0x00000010   Data   RO         3935    .constdata          nrf_sdh_soc.o
    0x000158c4   0x000158c4   0x0000000c   Data   RO         3936    .constdata          nrf_sdh_soc.o
    0x000158d0   0x000158d0   0x00000081   Data   RO         4054    .constdata          mc_w.l(ctype_o.o)
    0x00015951   0x00015951   0x00000003   PAD
    0x00015954   0x00015954   0x00000004   Data   RO         4055    .constdata          mc_w.l(ctype_o.o)
    0x00015958   0x00015958   0x00000515   Data   RO         2273    .conststring        hardfault_implementation.o
    0x00015e6d   0x00015e6d   0x00000003   PAD
    0x00015e70   0x00015e70   0x000003eb   Data   RO         2980    .conststring        nrf_strerror.o
    0x0001625b   0x0001625b   0x00000001   PAD
    0x0001625c   0x0001625c   0x0000005d   Data   RO         3368    .conststring        nrf_log_str_formatter.o
    0x000162b9   0x000162b9   0x00000003   PAD
    0x000162bc   0x000162bc   0x00000007   Data   RO          940    .conststrlit        nrfx_gpiote.o
    0x000162c3   0x000162c3   0x00000001   PAD
    0x000162c4   0x000162c4   0x00000004   Data   RO         1208    .conststrlit        nrfx_prs.o
    0x000162c8   0x000162c8   0x00000005   Data   RO         1288    .conststrlit        nrfx_uart.o
    0x000162cd   0x000162cd   0x00000003   PAD
    0x000162d0   0x000162d0   0x00000006   Data   RO         1476    .conststrlit        nrfx_uarte.o
    0x000162d6   0x000162d6   0x00000002   PAD
    0x000162d8   0x000162d8   0x0000000b   Data   RO         1622    .conststrlit        app_button.o
    0x000162e3   0x000162e3   0x00000001   PAD
    0x000162e4   0x000162e4   0x0000000a   Data   RO         1891    .conststrlit        app_timer2.o
    0x000162ee   0x000162ee   0x00000002   PAD
    0x000162f0   0x000162f0   0x0000000a   Data   RO         2274    .conststrlit        hardfault_implementation.o
    0x000162fa   0x000162fa   0x00000002   PAD
    0x000162fc   0x000162fc   0x00000009   Data   RO         2752    .conststrlit        nrf_pwr_mgmt.o
    0x00016305   0x00016305   0x00000003   PAD
    0x00016308   0x00016308   0x00000009   Data   RO         2926    .conststrlit        nrf_sortlist.o
    0x00016311   0x00016311   0x00000003   PAD
    0x00016314   0x00016314   0x00000010   Data   RO         3132    .conststrlit        nrf_log_default_backends.o
    0x00016324   0x00016324   0x00000004   Data   RO         3202    .conststrlit        nrf_log_frontend.o
    0x00016328   0x00016328   0x00000008   Data   RO         3788    .conststrlit        nrf_sdh.o
    0x00016330   0x00016330   0x0000000c   Data   RO         3896    .conststrlit        nrf_sdh_ant.o
    0x0001633c   0x0001633c   0x0000000c   Data   RO         3937    .conststrlit        nrf_sdh_soc.o
    0x00016348   0x00016348   0x00000020   Data   RO         4115    Region$$Table       anon$$obj.o
    0x00016368   0x00016368   0x00000010   Data   RO         3134    log_backends        nrf_log_default_backends.o
    0x00016378   0x00016378   0x00000008   Data   RO          941    log_const_data      nrfx_gpiote.o
    0x00016380   0x00016380   0x00000008   Data   RO         1210    log_const_data      nrfx_prs.o
    0x00016388   0x00016388   0x00000008   Data   RO         1289    log_const_data      nrfx_uart.o
    0x00016390   0x00016390   0x00000008   Data   RO         1477    log_const_data      nrfx_uarte.o
    0x00016398   0x00016398   0x00000008   Data   RO         1625    log_const_data      app_button.o
    0x000163a0   0x000163a0   0x00000008   Data   RO         1894    log_const_data      app_timer2.o
    0x000163a8   0x000163a8   0x00000008   Data   RO         2276    log_const_data      hardfault_implementation.o
    0x000163b0   0x000163b0   0x00000008   Data   RO         2754    log_const_data      nrf_pwr_mgmt.o
    0x000163b8   0x000163b8   0x00000008   Data   RO         2927    log_const_data      nrf_sortlist.o
    0x000163c0   0x000163c0   0x00000008   Data   RO         3206    log_const_data      nrf_log_frontend.o
    0x000163c8   0x000163c8   0x00000008   Data   RO         3790    log_const_data      nrf_sdh.o
    0x000163d0   0x000163d0   0x00000008   Data   RO         3898    log_const_data      nrf_sdh_ant.o
    0x000163d8   0x000163d8   0x00000008   Data   RO         3938    log_const_data      nrf_sdh_soc.o
    0x000163e0   0x000163e0   0x00000014   Data   RO         3207    nrf_balloc          nrf_log_frontend.o
    0x000163f4   0x000163f4   0x00000008   Data   RO           11    sdh_ant_observers1  ant_io_tx.o
    0x000163fc   0x000163fc   0x00000008   Data   RO         3899    sdh_stack_observers0  nrf_sdh_ant.o
    0x00016404   0x00016404   0x00000008   Data   RO         3939    sdh_stack_observers0  nrf_sdh_soc.o


    Execution Region RW_IRAM1 (Exec base: 0x20000b80, Load base: 0x0001640c, Size: 0x00002b80, Max: 0x0000f480, ABSOLUTE, COMPRESSED[0x00000084])

    Exec Addr    Load Addr    Size         Type   Attr      Idx    E Section Name        Object

    0x20000b80   COMPRESSED   0x0000000a   Data   RW           10    .data               ant_io_tx.o
    0x20000b8a   COMPRESSED   0x00000002   PAD
    0x20000b8c   COMPRESSED   0x00000010   Data   RW          507    .data               bsp.o
    0x20000b9c   COMPRESSED   0x00000004   PAD
    0x20000ba0   COMPRESSED   0x00000020   Data   RW          508    .data               bsp.o
    0x20000bc0   COMPRESSED   0x00000020   Data   RW          509    .data               bsp.o
    0x20000be0   COMPRESSED   0x00000020   Data   RW          510    .data               bsp.o
    0x20000c00   COMPRESSED   0x00000008   Data   RW         1209    .data               nrfx_prs.o
    0x20000c08   COMPRESSED   0x00000018   Data   RW         1623    .data               app_button.o
    0x20000c20   COMPRESSED   0x00000020   Data   RW         1624    .data               app_button.o
    0x20000c40   COMPRESSED   0x00000020   Data   RW         1892    .data               app_timer2.o
    0x20000c60   COMPRESSED   0x00000004   Data   RW         1893    .data               app_timer2.o
    0x20000c64   COMPRESSED   0x0000000c   Data   RW         2104    .data               drv_rtc.o
    0x20000c70   COMPRESSED   0x00000068   Data   RW         2275    .data               hardfault_implementation.o
    0x20000cd8   COMPRESSED   0x00000008   Data   RW         2753    .data               nrf_pwr_mgmt.o
    0x20000ce0   COMPRESSED   0x00000001   Data   RW         3018    .data               nrf_log_backend_rtt.o
    0x20000ce1   COMPRESSED   0x00000003   PAD
    0x20000ce4   COMPRESSED   0x00000008   Data   RW         3133    .data               nrf_log_default_backends.o
    0x20000cec   COMPRESSED   0x00000004   Data   RW         3203    .data               nrf_log_frontend.o
    0x20000cf0   COMPRESSED   0x00000008   Data   RW         3204    .data               nrf_log_frontend.o
    0x20000cf8   COMPRESSED   0x00000008   Data   RW         3205    .data               nrf_log_frontend.o
    0x20000d00   COMPRESSED   0x00000040   Data   RW         3369    .data               nrf_log_str_formatter.o
    0x20000d40   COMPRESSED   0x00000003   Data   RW         3789    .data               nrf_sdh.o
    0x20000d43   COMPRESSED   0x00000001   Data   RW         3897    .data               nrf_sdh_ant.o
    0x20000d44   COMPRESSED   0x00000004   Data   RW         3983    .data               system_nrf52.o
    0x20000d48        -       0x0000000c   Zero   RW          505    .bss                bsp.o
    0x20000d54        -       0x0000005c   Zero   RW          935    .bss                nrfx_gpiote.o
    0x20000db0        -       0x00000010   Zero   RW         1620    .bss                app_button.o
    0x20000dc0        -       0x00000010   Zero   RW         1888    .bss                app_timer2.o
    0x20000dd0        -       0x00000058   Zero   RW         1889    .bss                app_timer2.o
    0x20000e28        -       0x0000000c   Zero   RW         2018    .bss                app_util_platform.o
    0x20000e34        -       0x0000000c   Zero   RW         2749    .bss                nrf_pwr_mgmt.o
    0x20000e40        -       0x00000040   Zero   RW         3015    .bss                nrf_log_backend_rtt.o
    0x20000e80        -       0x000000c0   Zero   RW         3197    .bss                nrf_log_frontend.o
    0x20000f40        -       0x00000080   Zero   RW         3198    .bss                nrf_log_frontend.o
    0x20000fc0        -       0x00000018   Zero   RW         3199    .bss                nrf_log_frontend.o
    0x20000fd8        -       0x00000420   Zero   RW         3200    .bss                nrf_log_frontend.o
    0x200013f8        -       0x00000288   Zero   RW         3445    .bss                segger_rtt.o
    0x20001680        -       0x00000080   Zero   RW         3893    .bss                nrf_sdh_ant.o
    0x20001700        -       0x00002000   Zero   RW         3969    STACK               arm_startup_nrf52.o


==============================================================================

Image component sizes


      Code (inc. data)   RO Data    RW Data    ZI Data      Debug   Object Name

        60          0          0          0          0       2875   ant_channel_config.o
       324         24         20         10          0      84018   ant_io_tx.o
       664         66         27         56         16      18270   app_button.o
        22          0          0          0          0       2661   app_error.o
       132         46          0          0          0      37490   app_error_weak.o
      1052         90         38         36        104      17781   app_timer2.o
       124         14          0          0         12      10866   app_util_platform.o
        36          8        512          0       8192        956   arm_startup_nrf52.o
       346         34          8          0          0      13717   boards.o
       910         80         44        112         12      18443   bsp.o
       704         76          6         12          0      49357   drv_rtc.o
        52         14          0          0          0        656   hardfault_handler_keil.o
       508        276       1319        104          0       4024   hardfault_implementation.o
       152         38          0          0          0      10067   main.o
       326          0          0          0          0       6199   nrf_atfifo.o
       294          0          0          0          0       8223   nrf_atomic.o
       164          0          0          0          0       3784   nrf_balloc.o
        50          0          0          0          0       3677   nrf_fprintf.o
       866          4         16          0          0       6738   nrf_fprintf_format.o
       112         18         18          1         64       6469   nrf_log_backend_rtt.o
       194          0          0          0          0      11077   nrf_log_backend_serial.o
        28          4         32          8          0       3453   nrf_log_default_backends.o
      1502        128         44         20       1400      32130   nrf_log_frontend.o
       570        108         93         64          0       5880   nrf_log_str_formatter.o
       346          0          0          0          0       9895   nrf_memobj.o
       108         16         53          8         12      44278   nrf_pwr_mgmt.o
        28          0          0          0          0       2479   nrf_ringbuf.o
       424         84        104          3          0      43223   nrf_sdh.o
       192         58         68          1        128       3621   nrf_sdh_ant.o
        60          4         56          0          0       4224   nrf_sdh_soc.o
        78          0          0          0          0       2936   nrf_section_iter.o
        84          0         17          0          0       4329   nrf_sortlist.o
        76         10       1319          0          0       2883   nrf_strerror.o
      1268        106         19          0         92      70341   nrfx_gpiote.o
        12          6         12          8          0       2242   nrfx_prs.o
         0          0         13          0          0      11032   nrfx_uart.o
         0          0         14          0          0      10890   nrfx_uarte.o
       378         34          0          0        648       9305   segger_rtt.o
       640         60          0          4          0      31537   system_nrf52.o

    ----------------------------------------------------------------------
     12910       1406       3924        456      10680     612026   Object Totals
         0          0         32          0          0          0   (incl. Generated)
        24          0         40          9          0          0   (incl. Padding)

    ----------------------------------------------------------------------

      Code (inc. data)   RO Data    RW Data    ZI Data      Debug   Library Member Name

        86          0          0          0          0          0   __dczerorl2.o
         8          4        133          0          0         68   ctype_o.o
         0          0          0          0          0          0   entry.o
         0          0          0          0          0          0   entry10a.o
         0          0          0          0          0          0   entry11a.o
         4          0          0          0          0          0   entry12b.o
         8          4          0          0          0          0   entry2.o
         4          0          0          0          0          0   entry5.o
         0          0          0          0          0          0   entry7b.o
         0          0          0          0          0          0   entry8b.o
         8          4          0          0          0          0   entry9a.o
        30          0          0          0          0          0   handlers.o
        36          8          0          0          0         68   init.o
        30          0          0          0          0         68   llshl.o
        32          0          0          0          0         68   llushr.o
        36          0          0          0          0         68   memcpya.o
        36          0          0          0          0        108   memseta.o
        18          0          0          0          0         68   strcpy.o
        14          0          0          0          0         68   strlen.o
        98          0          0          0          0         92   uldiv.o

    ----------------------------------------------------------------------
       450         20        136          0          0        676   Library Totals
         2          0          3          0          0          0   (incl. Padding)

    ----------------------------------------------------------------------

      Code (inc. data)   RO Data    RW Data    ZI Data      Debug   Library Name

       448         20        133          0          0        676   mc_w.l

    ----------------------------------------------------------------------
       450         20        136          0          0        676   Library Totals

    ----------------------------------------------------------------------

==============================================================================


      Code (inc. data)   RO Data    RW Data    ZI Data      Debug   

     13360       1426       4060        456      10680     594778   Grand Totals
     13360       1426       4060        132      10680     594778   ELF Image Totals (compressed)
     13360       1426       4060        132          0          0   ROM Totals

==============================================================================

    Total RO  Size (Code + RO Data)                17420 (  17.01kB)
    Total RW  Size (RW Data + ZI Data)             11136 (  10.88kB)
    Total ROM Size (Code + RO Data + RW Data)      17552 (  17.14kB)

==============================================================================

