<html>
<body>
<pre>
<h1>µVision Build Log</h1>
<h2>Tool Versions:</h2>
IDE-Version: µVision V5.36.0.0
Copyright (C) 2021 ARM Ltd and ARM Germany GmbH. All rights reserved.
License Information: Colton Osterlund, University of Calgary, LIC=----
 
Tool Versions:
Toolchain:       MDK-Lite  Version: 5.36.0.0
Toolchain Path:  C:\Keil_v5\ARM\ARMCC\Bin
C Compiler:      Armcc.exe V5.06 update 7 (build 960)
Assembler:       Armasm.exe V5.06 update 7 (build 960)
Linker/Locator:  ArmLink.exe V5.06 update 7 (build 960)
Library Manager: ArmAr.exe V5.06 update 7 (build 960)
Hex Converter:   FromElf.exe V5.06 update 7 (build 960)
CPU DLL:         
Dialog DLL:      
Target DLL:      Segger\JL2CM3.dll V2.99.40.0
Dialog DLL:      TCM.DLL V1.53.0.0
 
<h2>Project:</h2>
C:\Users\colto\Documents\Programming\Programming Repositories\nRF5_SDK_17.1.0_ddde560\examples\ant\ant_io_demo\ant_io_tx\d52_starterkit\ser_s212_uart\arm5_no_packs\ant_io_tx_d52_starterkit_s212_uart.uvprojx
Project File Date:  11/25/2021

<h2>Output:</h2>
*** Using Compiler 'V5.06 update 7 (build 960)', folder: 'C:\Keil_v5\ARM\ARMCC\Bin'
Build target 'nrf52832_xxaa'
compiling ant_broadcast_message_tx.c...
compiling ant_acknowledge_message_tx.c...
compiling ant_channel_id_get.c...
compiling ant_channel_low_priority_rx_search_timeout_set.c...
compiling ant_channel_assign.c...
compiling ant_active_search_sharing_cycles_set.c...
compiling ant_capabilities_get.c...
compiling ant_adv_burst_config_set.c...
compiling ant_channel_close.c...
compiling ant_channel_radio_freq_get.c...
compiling ant_channel_period_get.c...
compiling ant_active_search_sharing_cycles_get.c...
compiling ant_channel_period_set.c...
compiling ant_channel_id_set.c...
compiling ant_channel_open_with_offset.c...
compiling ant_channel_radio_freq_set.c...
compiling ant_cw_test_mode_init.c...
compiling ant_channel_radio_tx_power_set.c...
compiling ant_crypto_key_set.c...
compiling ant_channel_rx_search_timeout_set.c...
compiling ant_coex_config_get.c...
compiling ant_coex_config_set.c...
compiling ant_channel_status_get.c...
compiling ant_cw_test_mode.c...
compiling ant_channel_unassign.c...
compiling ant_crypto_info_get.c...
compiling ant_crypto_channel_enable.c...
compiling ant_crypto_info_set.c...
compiling ant_id_list_add.c...
compiling ant_id_list_config.c...
compiling ant_lib_config_clear.c...
compiling ant_lib_config_set.c...
compiling ant_prox_search_set.c...
compiling ant_rx_scan_mode_start.c...
compiling ant_network_address_set.c...
compiling ant_lib_config_get.c...
compiling ant_version_get.c...
compiling ant_stack_reset.c...
compiling ant_search_waveform_set.c...
compiling ant_search_channel_priority_set.c...
linking...
Program Size: Code=20956 RO-data=4252 RW-data=552 ZI-data=12144  
FromELF: creating hex file...
".\_build\nrf52832_xxaa.axf" - 0 Error(s), 0 Warning(s).

<h2>Software Packages used:</h2>

Package Vendor: ARM
                http://www.keil.com/pack/ARM.CMSIS.5.6.0.pack
                ARM.CMSIS.5.6.0
                CMSIS (Cortex Microcontroller Software Interface Standard)
   * Component: CORE Version: 5.3.0

Package Vendor: NordicSemiconductor
                http://developer.nordicsemi.com/nRF5_SDK/pieces/nRF_DeviceFamilyPack/NordicSemiconductor.nRF_DeviceFamilyPack.8.40.3.pack
                NordicSemiconductor.nRF_DeviceFamilyPack.8.40.3
                Nordic Semiconductor nRF ARM devices Device Family Pack with BSD license.
   * Component: Startup Version: 8.40.3

<h2>Collection of Component include folders:</h2>
  .\RTE\_nrf52832_xxaa
  C:\Users\colto\AppData\Local\Arm\Packs\ARM\CMSIS\5.6.0\CMSIS\Core\Include
  C:\Users\colto\AppData\Local\Arm\Packs\NordicSemiconductor\nRF_DeviceFamilyPack\8.40.3\Device\Include

<h2>Collection of Component Files used:</h2>

   * Component: ARM::CMSIS:CORE:5.3.0

   * Component: NordicSemiconductor::Device:Startup:8.40.3
      Include file:  Device\Include\system_nrf.h
      Source file:   Device\Source\arm\arm_startup_nrf52.s
      Include file:  Device\Include\system_nrf52.h
      Source file:   Device\Source\system_nrf52.c
Build Time Elapsed:  00:00:10
</pre>
</body>
</html>
