Component: ARM Compiler 5.06 update 7 (build 960) Tool: armlink [4d3601]

==============================================================================

Section Cross References

    ant_io_tx.o(i.ant_evt_handler) refers to ant_io_tx.o(i.led_state_set) for led_state_set
    ant_io_tx.o(i.ant_evt_handler) refers to ant_io_tx.o(i.handle_transmit) for handle_transmit
    ant_io_tx.o(i.ant_evt_handler) refers to ant_io_tx.o(.data) for .data
    ant_io_tx.o(i.ant_io_tx_setup) refers to ant_channel_config.o(i.ant_channel_init) for ant_channel_init
    ant_io_tx.o(i.ant_io_tx_setup) refers to app_error.o(i.app_error_handler_bare) for app_error_handler_bare
    ant_io_tx.o(i.ant_io_tx_setup) refers to app_mw_ant.o(i.sd_ant_channel_open_with_offset) for sd_ant_channel_open_with_offset
    ant_io_tx.o(i.ant_io_tx_setup) refers to ant_io_tx.o(.constdata) for .constdata
    ant_io_tx.o(i.button_state_encode) refers to bsp.o(i.bsp_button_is_pressed) for bsp_button_is_pressed
    ant_io_tx.o(i.button_state_encode) refers to ant_io_tx.o(.data) for .data
    ant_io_tx.o(i.handle_transmit) refers to ant_io_tx.o(i.button_state_encode) for button_state_encode
    ant_io_tx.o(i.handle_transmit) refers to app_mw_ant.o(i.sd_ant_broadcast_message_tx) for sd_ant_broadcast_message_tx
    ant_io_tx.o(i.handle_transmit) refers to app_error.o(i.app_error_handler_bare) for app_error_handler_bare
    ant_io_tx.o(i.handle_transmit) refers to ant_io_tx.o(.data) for .data
    ant_io_tx.o(i.led_state_set) refers to boards.o(i.bsp_board_led_on) for bsp_board_led_on
    ant_io_tx.o(i.led_state_set) refers to boards.o(i.bsp_board_led_off) for bsp_board_led_off
    ant_io_tx.o(i.led_state_set) refers to ant_io_tx.o(.data) for .data
    ant_io_tx.o(sdh_ant_observers1) refers to ant_io_tx.o(i.ant_evt_handler) for ant_evt_handler
    main.o(i.main) refers to nrf_log_frontend.o(i.nrf_log_init) for nrf_log_init
    main.o(i.main) refers to app_error.o(i.app_error_handler_bare) for app_error_handler_bare
    main.o(i.main) refers to nrf_log_default_backends.o(i.nrf_log_default_backends_init) for nrf_log_default_backends_init
    main.o(i.main) refers to app_timer2.o(i.app_timer_init) for app_timer_init
    main.o(i.main) refers to bsp.o(i.bsp_init) for bsp_init
    main.o(i.main) refers to nrf_pwr_mgmt.o(i.nrf_pwr_mgmt_init) for nrf_pwr_mgmt_init
    main.o(i.main) refers to nrf_sdh.o(i.nrf_sdh_enable_request) for nrf_sdh_enable_request
    main.o(i.main) refers to nrf_sdh_ant.o(i.nrf_sdh_ant_enable) for nrf_sdh_ant_enable
    main.o(i.main) refers to ant_io_tx.o(i.ant_io_tx_setup) for ant_io_tx_setup
    main.o(i.main) refers to nrf_log_frontend.o(i.nrf_log_frontend_std_0) for nrf_log_frontend_std_0
    main.o(i.main) refers to nrf_log_frontend.o(i.nrf_log_frontend_dequeue) for nrf_log_frontend_dequeue
    main.o(i.main) refers to nrf_pwr_mgmt.o(i.nrf_pwr_mgmt_run) for nrf_pwr_mgmt_run
    main.o(i.main) refers to nrf_log_frontend.o(log_const_data) for m_nrf_log_app_logs_data_const
    boards.o(i.bsp_board_button_idx_to_pin) refers to boards.o(.constdata) for .constdata
    boards.o(i.bsp_board_button_state_get) refers to boards.o(.constdata) for .constdata
    boards.o(i.bsp_board_init) refers to boards.o(i.nrf_gpio_cfg) for nrf_gpio_cfg
    boards.o(i.bsp_board_init) refers to boards.o(i.bsp_board_leds_off) for bsp_board_leds_off
    boards.o(i.bsp_board_init) refers to boards.o(.constdata) for .constdata
    boards.o(i.bsp_board_led_idx_to_pin) refers to boards.o(.constdata) for .constdata
    boards.o(i.bsp_board_led_invert) refers to boards.o(.constdata) for .constdata
    boards.o(i.bsp_board_led_off) refers to boards.o(i.nrf_gpio_pin_write) for nrf_gpio_pin_write
    boards.o(i.bsp_board_led_off) refers to boards.o(.constdata) for .constdata
    boards.o(i.bsp_board_led_on) refers to boards.o(i.nrf_gpio_pin_write) for nrf_gpio_pin_write
    boards.o(i.bsp_board_led_on) refers to boards.o(.constdata) for .constdata
    boards.o(i.bsp_board_led_state_get) refers to boards.o(.constdata) for .constdata
    boards.o(i.bsp_board_leds_off) refers to boards.o(i.bsp_board_led_off) for bsp_board_led_off
    boards.o(i.bsp_board_leds_on) refers to boards.o(i.bsp_board_led_on) for bsp_board_led_on
    boards.o(i.bsp_board_pin_to_button_idx) refers to boards.o(.constdata) for .constdata
    boards.o(i.bsp_board_pin_to_led_idx) refers to boards.o(.constdata) for .constdata
    bsp.o(i.alert_timer_handler) refers to boards.o(i.bsp_board_led_invert) for bsp_board_led_invert
    bsp.o(i.bsp_button_event_handler) refers to boards.o(i.bsp_board_pin_to_button_idx) for bsp_board_pin_to_button_idx
    bsp.o(i.bsp_button_event_handler) refers to app_timer2.o(i.app_timer_start) for app_timer_start
    bsp.o(i.bsp_button_event_handler) refers to app_timer2.o(i.app_timer_stop) for app_timer_stop
    bsp.o(i.bsp_button_event_handler) refers to bsp.o(.constdata) for .constdata
    bsp.o(i.bsp_button_event_handler) refers to bsp.o(.data) for .data
[...]
    PWM0_IRQHandler                          0x00000413   Thumb Code     0  arm_startup_nrf52.o(.text)
    PWM1_IRQHandler                          0x00000413   Thumb Code     0  arm_startup_nrf52.o(.text)
    PWM2_IRQHandler                          0x00000413   Thumb Code     0  arm_startup_nrf52.o(.text)
    QDEC_IRQHandler                          0x00000413   Thumb Code     0  arm_startup_nrf52.o(.text)
    RADIO_IRQHandler                         0x00000413   Thumb Code     0  arm_startup_nrf52.o(.text)
    RNG_IRQHandler                           0x00000413   Thumb Code     0  arm_startup_nrf52.o(.text)
    RTC0_IRQHandler                          0x00000413   Thumb Code     0  arm_startup_nrf52.o(.text)
    RTC2_IRQHandler                          0x00000413   Thumb Code     0  arm_startup_nrf52.o(.text)
    SAADC_IRQHandler                         0x00000413   Thumb Code     0  arm_startup_nrf52.o(.text)
    SPIM0_SPIS0_TWIM0_TWIS0_SPI0_TWI0_IRQHandler 0x00000413   Thumb Code     0  arm_startup_nrf52.o(.text)
    SPIM1_SPIS1_TWIM1_TWIS1_SPI1_TWI1_IRQHandler 0x00000413   Thumb Code     0  arm_startup_nrf52.o(.text)
    SPIM2_SPIS2_SPI2_IRQHandler              0x00000413   Thumb Code     0  arm_startup_nrf52.o(.text)
    SWI0_EGU0_IRQHandler                     0x00000413   Thumb Code     0  arm_startup_nrf52.o(.text)
    SWI1_EGU1_IRQHandler                     0x00000413   Thumb Code     0  arm_startup_nrf52.o(.text)
    SWI3_EGU3_IRQHandler                     0x00000413   Thumb Code     0  arm_startup_nrf52.o(.text)
    SWI4_EGU4_IRQHandler                     0x00000413   Thumb Code     0  arm_startup_nrf52.o(.text)
    SWI5_EGU5_IRQHandler                     0x00000413   Thumb Code     0  arm_startup_nrf52.o(.text)
    TEMP_IRQHandler                          0x00000413   Thumb Code     0  arm_startup_nrf52.o(.text)
    TIMER0_IRQHandler                        0x00000413   Thumb Code     0  arm_startup_nrf52.o(.text)
    TIMER1_IRQHandler                        0x00000413   Thumb Code     0  arm_startup_nrf52.o(.text)
    TIMER2_IRQHandler                        0x00000413   Thumb Code     0  arm_startup_nrf52.o(.text)
    TIMER3_IRQHandler                        0x00000413   Thumb Code     0  arm_startup_nrf52.o(.text)
    TIMER4_IRQHandler                        0x00000413   Thumb Code     0  arm_startup_nrf52.o(.text)
    WDT_IRQHandler                           0x00000413   Thumb Code     0  arm_startup_nrf52.o(.text)
    __aeabi_uldivmod                         0x0000041d   Thumb Code    98  uldiv.o(.text)
    __aeabi_llsl                             0x0000047f   Thumb Code    30  llshl.o(.text)
    _ll_shift_l                              0x0000047f   Thumb Code     0  llshl.o(.text)
    __rt_ctype_table                         0x0000049d   Thumb Code     4  ctype_o.o(.text)
    __aeabi_memcpy                           0x000004a5   Thumb Code    36  memcpya.o(.text)
    __aeabi_memcpy4                          0x000004a5   Thumb Code     0  memcpya.o(.text)
    __aeabi_memcpy8                          0x000004a5   Thumb Code     0  memcpya.o(.text)
    __aeabi_memset                           0x000004c9   Thumb Code    14  memseta.o(.text)
    __aeabi_memset4                          0x000004c9   Thumb Code     0  memseta.o(.text)
    __aeabi_memset8                          0x000004c9   Thumb Code     0  memseta.o(.text)
    __aeabi_memclr                           0x000004d7   Thumb Code     4  memseta.o(.text)
    __aeabi_memclr4                          0x000004d7   Thumb Code     0  memseta.o(.text)
    __aeabi_memclr8                          0x000004d7   Thumb Code     0  memseta.o(.text)
    _memset$wrapper                          0x000004db   Thumb Code    18  memseta.o(.text)
    strlen                                   0x000004ed   Thumb Code    14  strlen.o(.text)
    strcpy                                   0x000004fb   Thumb Code    18  strcpy.o(.text)
    __aeabi_llsr                             0x0000050d   Thumb Code    32  llushr.o(.text)
    _ll_ushift_r                             0x0000050d   Thumb Code     0  llushr.o(.text)
    __scatterload                            0x0000052d   Thumb Code    28  init.o(.text)
    __scatterload_rt2                        0x0000052d   Thumb Code     0  init.o(.text)
    __decompress                             0x00000551   Thumb Code     0  __dczerorl2.o(.text)
    __decompress1                            0x00000551   Thumb Code    86  __dczerorl2.o(.text)
    ANT_ENABLE_enc                           0x000005a7   Thumb Code    98  ant_struct_serialization.o(i.ANT_ENABLE_enc)
    GPIOTE_IRQHandler                        0x00000609   Thumb Code   154  nrfx_gpiote.o(i.GPIOTE_IRQHandler)
    HardFault_c_handler                      0x000006ad   Thumb Code   206  hardfault_implementation.o(i.HardFault_c_handler)
    HardFault_process                        0x00000885   Thumb Code    26  hardfault_implementation.o(i.HardFault_process)
    POWER_CLOCK_IRQHandler                   0x000008a9   Thumb Code    82  nrfx_clock.o(i.POWER_CLOCK_IRQHandler)
    RTC1_IRQHandler                          0x00000901   Thumb Code    12  drv_rtc.o(i.RTC1_IRQHandler)
    SEGGER_RTT_Init                          0x00000911   Thumb Code     4  segger_rtt.o(i.SEGGER_RTT_Init)
    SEGGER_RTT_WriteNoLock                   0x00000915   Thumb Code    86  segger_rtt.o(i.SEGGER_RTT_WriteNoLock)
    SWI2_EGU2_IRQHandler                     0x00000971   Thumb Code     4  nrf_sdh.o(i.SWI2_EGU2_IRQHandler)
    SystemInit                               0x00000975   Thumb Code   580  system_nrf52.o(i.SystemInit)
    UARTE0_UART0_IRQHandler                  0x00000bf5   Thumb Code     6  nrfx_prs.o(i.UARTE0_UART0_IRQHandler)
    __scatterload_copy                       0x00000d1b   Thumb Code    14  handlers.o(i.__scatterload_copy)
    __scatterload_null                       0x00000d29   Thumb Code     2  handlers.o(i.__scatterload_null)
    __scatterload_zeroinit                   0x00000d2b   Thumb Code    14  handlers.o(i.__scatterload_zeroinit)
    ant_broadcast_message_tx_req_enc         0x00000d3f   Thumb Code   120  ant_broadcast_message_tx.o(i.ant_broadcast_message_tx_req_enc)
    ant_broadcast_message_tx_rsp_dec         0x00000db7   Thumb Code     8  ant_broadcast_message_tx.o(i.ant_broadcast_message_tx_rsp_dec)
    ant_channel_assign_req_enc               0x00000dbf   Thumb Code    46  ant_channel_assign.o(i.ant_channel_assign_req_enc)
    ant_channel_assign_rsp_dec               0x00000ded   Thumb Code     8  ant_channel_assign.o(i.ant_channel_assign_rsp_dec)
    ant_channel_id_set_req_enc               0x00000df5   Thumb Code    50  ant_channel_id_set.o(i.ant_channel_id_set_req_enc)
    ant_channel_id_set_rsp_dec               0x00000e27   Thumb Code     8  ant_channel_id_set.o(i.ant_channel_id_set_rsp_dec)
    ant_channel_init                         0x00000e2f   Thumb Code    72  ant_channel_config.o(i.ant_channel_init)
    ant_channel_open_with_offset_req_enc     0x00000e77   Thumb Code    42  ant_channel_open_with_offset.o(i.ant_channel_open_with_offset_req_enc)
    ant_channel_open_with_offset_rsp_dec     0x00000ea1   Thumb Code     8  ant_channel_open_with_offset.o(i.ant_channel_open_with_offset_rsp_dec)
    ant_channel_period_set_req_enc           0x00000ea9   Thumb Code    42  ant_channel_period_set.o(i.ant_channel_period_set_req_enc)
    ant_channel_period_set_rsp_dec           0x00000ed3   Thumb Code     8  ant_channel_period_set.o(i.ant_channel_period_set_rsp_dec)
    ant_channel_radio_freq_set_req_enc       0x00000edb   Thumb Code    38  ant_channel_radio_freq_set.o(i.ant_channel_radio_freq_set_req_enc)
    ant_channel_radio_freq_set_rsp_dec       0x00000f01   Thumb Code     8  ant_channel_radio_freq_set.o(i.ant_channel_radio_freq_set_rsp_dec)
    ant_enable_req_enc                       0x00000f09   Thumb Code    58  ant_enable.o(i.ant_enable_req_enc)
    ant_enable_rsp_dec                       0x00000f49   Thumb Code     8  ant_enable.o(i.ant_enable_rsp_dec)
    ant_event_dec                            0x00000f51   Thumb Code    56  ant_event.o(i.ant_event_dec)
    ant_evt_t_dec                            0x00000fb1   Thumb Code    78  ant_struct_serialization.o(i.ant_evt_t_dec)
    ant_io_tx_setup                          0x00001001   Thumb Code    50  ant_io_tx.o(i.ant_io_tx_setup)
    app_button_enable                        0x00001039   Thumb Code    32  app_button.o(i.app_button_enable)
    app_button_init                          0x0000105d   Thumb Code   106  app_button.o(i.app_button_init)
    app_error_fault_handler                  0x000010dd   Thumb Code    86  app_error_weak.o(i.app_error_fault_handler)
    app_error_handler_bare                   0x00001161   Thumb Code    22  app_error.o(i.app_error_handler_bare)
    app_timer_cnt_get                        0x00001179   Thumb Code     6  app_timer2.o(i.app_timer_cnt_get)
    app_timer_create                         0x00001185   Thumb Code    32  app_timer2.o(i.app_timer_create)
    app_timer_init                           0x000011a5   Thumb Code    70  app_timer2.o(i.app_timer_init)
    app_timer_start                          0x00001201   Thumb Code    76  app_timer2.o(i.app_timer_start)
    app_timer_stop                           0x0000124d   Thumb Code    58  app_timer2.o(i.app_timer_stop)
    app_util_critical_region_enter           0x00001287   Thumb Code     4  app_util_platform.o(i.app_util_critical_region_enter)
    app_util_critical_region_exit            0x0000128b   Thumb Code     4  app_util_platform.o(i.app_util_critical_region_exit)
    app_util_disable_irq                     0x00001291   Thumb Code    12  app_util_platform.o(i.app_util_disable_irq)
    app_util_enable_irq                      0x000012a1   Thumb Code    14  app_util_platform.o(i.app_util_enable_irq)
    bsp_board_button_state_get               0x000013d9   Thumb Code    28  boards.o(i.bsp_board_button_state_get)
    bsp_board_init                           0x000013f9   Thumb Code    80  boards.o(i.bsp_board_init)
    bsp_board_led_invert                     0x0000144d   Thumb Code    32  boards.o(i.bsp_board_led_invert)
    bsp_board_led_off                        0x00001471   Thumb Code    10  boards.o(i.bsp_board_led_off)
    bsp_board_led_on                         0x00001481   Thumb Code    10  boards.o(i.bsp_board_led_on)
    bsp_board_led_state_get                  0x00001491   Thumb Code    28  boards.o(i.bsp_board_led_state_get)
    bsp_board_leds_off                       0x000014b1   Thumb Code    18  boards.o(i.bsp_board_leds_off)
    bsp_board_leds_on                        0x000014c3   Thumb Code    18  boards.o(i.bsp_board_leds_on)
    bsp_board_pin_to_button_idx              0x000014d5   Thumb Code    30  boards.o(i.bsp_board_pin_to_button_idx)
    bsp_button_is_pressed                    0x00001589   Thumb Code    12  bsp.o(i.bsp_button_is_pressed)
    bsp_event_to_button_action_assign        0x00001595   Thumb Code    64  bsp.o(i.bsp_event_to_button_action_assign)
    bsp_init                                 0x000015d9   Thumb Code   128  bsp.o(i.bsp_init)
    buffer_is_empty                          0x000018f1   Thumb Code    18  nrf_log_frontend.o(i.buffer_is_empty)
    cond_field_enc                           0x00001ab9   Thumb Code    62  cond_field_serialization.o(i.cond_field_enc)
    drv_rtc_compare_disable                  0x00001b55   Thumb Code    20  drv_rtc.o(i.drv_rtc_compare_disable)
    drv_rtc_compare_pending                  0x00001b69   Thumb Code    14  drv_rtc.o(i.drv_rtc_compare_pending)
    drv_rtc_compare_set                      0x00001b77   Thumb Code    80  drv_rtc.o(i.drv_rtc_compare_set)
    drv_rtc_counter_get                      0x00001bc7   Thumb Code     8  drv_rtc.o(i.drv_rtc_counter_get)
    drv_rtc_init                             0x00001bd1   Thumb Code   148  drv_rtc.o(i.drv_rtc_init)
    drv_rtc_irq_trigger                      0x00001ca9   Thumb Code    30  drv_rtc.o(i.drv_rtc_irq_trigger)
    drv_rtc_overflow_enable                  0x00001cc7   Thumb Code     8  drv_rtc.o(i.drv_rtc_overflow_enable)
    drv_rtc_overflow_pending                 0x00001ccf   Thumb Code     8  drv_rtc.o(i.drv_rtc_overflow_pending)
    drv_rtc_start                            0x00001cd7   Thumb Code     8  drv_rtc.o(i.drv_rtc_start)
    drv_rtc_stop                             0x00001cdf   Thumb Code     8  drv_rtc.o(i.drv_rtc_stop)
    drv_rtc_windowed_compare_set             0x00001ce7   Thumb Code   222  drv_rtc.o(i.drv_rtc_windowed_compare_set)
    evt_handle                               0x00001de9   Thumb Code   206  app_button.o(i.evt_handle)
    log_pending_hook                         0x0000219d   Thumb Code     2  nrf_log_frontend.o(i.log_pending_hook)
    main                                     0x00002245   Thumb Code   114  main.o(i.main)
    nrf_atfifo_init                          0x0000238d   Thumb Code    38  nrf_atfifo.o(i.nrf_atfifo_init)
    nrf_atfifo_item_alloc                    0x000023b3   Thumb Code    22  nrf_atfifo.o(i.nrf_atfifo_item_alloc)
    nrf_atfifo_item_free                     0x000023c9   Thumb Code    22  nrf_atfifo.o(i.nrf_atfifo_item_free)
    nrf_atfifo_item_get                      0x000023df   Thumb Code    22  nrf_atfifo.o(i.nrf_atfifo_item_get)
    nrf_atfifo_item_put                      0x000023f5   Thumb Code    22  nrf_atfifo.o(i.nrf_atfifo_item_put)
    nrf_atomic_flag_clear_fetch              0x0000240b   Thumb Code     6  nrf_atomic.o(i.nrf_atomic_flag_clear_fetch)
    nrf_atomic_flag_set                      0x00002411   Thumb Code     6  nrf_atomic.o(i.nrf_atomic_flag_set)
    nrf_atomic_u32_add                       0x00002417   Thumb Code    12  nrf_atomic.o(i.nrf_atomic_u32_add)
    nrf_atomic_u32_fetch_and                 0x00002423   Thumb Code    10  nrf_atomic.o(i.nrf_atomic_u32_fetch_and)
    nrf_atomic_u32_fetch_store               0x0000242d   Thumb Code    10  nrf_atomic.o(i.nrf_atomic_u32_fetch_store)
    nrf_atomic_u32_or                        0x00002437   Thumb Code    12  nrf_atomic.o(i.nrf_atomic_u32_or)
    nrf_atomic_u32_sub                       0x00002443   Thumb Code    12  nrf_atomic.o(i.nrf_atomic_u32_sub)
    nrf_balloc_alloc                         0x0000244f   Thumb Code    62  nrf_balloc.o(i.nrf_balloc_alloc)
    nrf_balloc_free                          0x0000248d   Thumb Code    42  nrf_balloc.o(i.nrf_balloc_free)
    nrf_balloc_init                          0x000024b7   Thumb Code    48  nrf_balloc.o(i.nrf_balloc_init)
    nrf_drv_clock_hfclk_is_running           0x00002515   Thumb Code    22  nrf_drv_clock.o(i.nrf_drv_clock_hfclk_is_running)
    nrf_drv_clock_hfclk_request              0x00002531   Thumb Code    68  nrf_drv_clock.o(i.nrf_drv_clock_hfclk_request)
    nrf_drv_clock_init                       0x00002579   Thumb Code    50  nrf_drv_clock.o(i.nrf_drv_clock_init)
    nrf_drv_clock_lfclk_is_running           0x000025b5   Thumb Code    10  nrf_drv_clock.o(i.nrf_drv_clock_lfclk_is_running)
    nrf_drv_clock_lfclk_request              0x000025c5   Thumb Code    68  nrf_drv_clock.o(i.nrf_drv_clock_lfclk_request)
    nrf_drv_uart_init                        0x0000260d   Thumb Code    90  nrf_drv_uart.o(i.nrf_drv_uart_init)
    nrf_fprintf                              0x000026b5   Thumb Code    26  nrf_fprintf.o(i.nrf_fprintf)
    nrf_fprintf_buffer_flush                 0x000026cf   Thumb Code    24  nrf_fprintf.o(i.nrf_fprintf_buffer_flush)
    nrf_fprintf_fmt                          0x000026e7   Thumb Code   474  nrf_fprintf_format.o(i.nrf_fprintf_fmt)
    nrf_log_backend_add                      0x00002a45   Thumb Code    86  nrf_log_frontend.o(i.nrf_log_backend_add)
    nrf_log_backend_rtt_init                 0x00002aa3   Thumb Code     4  nrf_log_backend_rtt.o(i.nrf_log_backend_rtt_init)
    nrf_log_backend_serial_put               0x00002ac1   Thumb Code   194  nrf_log_backend_serial.o(i.nrf_log_backend_serial_put)
    nrf_log_color_id_get                     0x00002b85   Thumb Code    42  nrf_log_frontend.o(i.nrf_log_color_id_get)
    nrf_log_default_backends_init            0x00002bb5   Thumb Code    24  nrf_log_default_backends.o(i.nrf_log_default_backends_init)
    nrf_log_frontend_dequeue                 0x00002bd1   Thumb Code   518  nrf_log_frontend.o(i.nrf_log_frontend_dequeue)
    nrf_log_frontend_std_0                   0x00002e01   Thumb Code     8  nrf_log_frontend.o(i.nrf_log_frontend_std_0)
    nrf_log_frontend_std_1                   0x00002e09   Thumb Code    14  nrf_log_frontend.o(i.nrf_log_frontend_std_1)
    nrf_log_frontend_std_3                   0x00002e17   Thumb Code    18  nrf_log_frontend.o(i.nrf_log_frontend_std_3)
    nrf_log_frontend_std_4                   0x00002e29   Thumb Code    20  nrf_log_frontend.o(i.nrf_log_frontend_std_4)
    nrf_log_hexdump_entry_process            0x00002e3d   Thumb Code   150  nrf_log_str_formatter.o(i.nrf_log_hexdump_entry_process)
    nrf_log_init                             0x00002eed   Thumb Code    28  nrf_log_frontend.o(i.nrf_log_init)
    nrf_log_module_cnt_get                   0x00002f15   Thumb Code    10  nrf_log_frontend.o(i.nrf_log_module_cnt_get)
    nrf_log_module_name_get                  0x00002f29   Thumb Code    24  nrf_log_frontend.o(i.nrf_log_module_name_get)
    nrf_log_panic                            0x00002f45   Thumb Code    36  nrf_log_frontend.o(i.nrf_log_panic)
    nrf_log_std_entry_process                0x00002f6d   Thumb Code   182  nrf_log_str_formatter.o(i.nrf_log_std_entry_process)
    nrf_memobj_alloc                         0x00003023   Thumb Code    96  nrf_memobj.o(i.nrf_memobj_alloc)
    nrf_memobj_free                          0x00003083   Thumb Code    50  nrf_memobj.o(i.nrf_memobj_free)
    nrf_memobj_get                           0x000030b5   Thumb Code     8  nrf_memobj.o(i.nrf_memobj_get)
    nrf_memobj_pool_init                     0x000030bd   Thumb Code     4  nrf_memobj.o(i.nrf_memobj_pool_init)
    nrf_memobj_put                           0x000030c1   Thumb Code    30  nrf_memobj.o(i.nrf_memobj_put)
    nrf_memobj_read                          0x000030df   Thumb Code    16  nrf_memobj.o(i.nrf_memobj_read)
    nrf_memobj_write                         0x000030ef   Thumb Code    16  nrf_memobj.o(i.nrf_memobj_write)
    nrf_pwr_mgmt_init                        0x00003101   Thumb Code    28  nrf_pwr_mgmt.o(i.nrf_pwr_mgmt_init)
    nrf_pwr_mgmt_run                         0x00003129   Thumb Code    46  nrf_pwr_mgmt.o(i.nrf_pwr_mgmt_run)
    nrf_queue_generic_pop                    0x0000315d   Thumb Code   136  nrf_queue.o(i.nrf_queue_generic_pop)
    nrf_queue_is_empty                       0x000031e5   Thumb Code    18  nrf_queue.o(i.nrf_queue_is_empty)
    nrf_queue_is_full                        0x000031f7   Thumb Code    30  nrf_queue.o(i.nrf_queue_is_full)
    nrf_queue_push                           0x00003223   Thumb Code   172  nrf_queue.o(i.nrf_queue_push)
    nrf_queue_reset                          0x000032cf   Thumb Code    30  nrf_queue.o(i.nrf_queue_reset)
    nrf_ringbuf_init                         0x000032ed   Thumb Code    28  nrf_ringbuf.o(i.nrf_ringbuf_init)
    nrf_sdh_ant_enable                       0x00003315   Thumb Code    58  nrf_sdh_ant.o(i.nrf_sdh_ant_enable)
    nrf_sdh_enable_request                   0x000033dd   Thumb Code   100  nrf_sdh.o(i.nrf_sdh_enable_request)
    nrf_sdh_evts_poll                        0x00003475   Thumb Code    32  nrf_sdh.o(i.nrf_sdh_evts_poll)
    nrf_section_iter_init                    0x00003499   Thumb Code    10  nrf_section_iter.o(i.nrf_section_iter_init)
    nrf_section_iter_next                    0x000034c7   Thumb Code    32  nrf_section_iter.o(i.nrf_section_iter_next)
    nrf_sortlist_add                         0x000034e7   Thumb Code    34  nrf_sortlist.o(i.nrf_sortlist_add)
    nrf_sortlist_peek                        0x00003509   Thumb Code     6  nrf_sortlist.o(i.nrf_sortlist_peek)
    nrf_sortlist_pop                         0x0000350f   Thumb Code    14  nrf_sortlist.o(i.nrf_sortlist_pop)
    nrf_sortlist_remove                      0x0000351d   Thumb Code    30  nrf_sortlist.o(i.nrf_sortlist_remove)
    nrf_strerror_find                        0x0000353d   Thumb Code    52  nrf_strerror.o(i.nrf_strerror_find)
    nrf_strerror_get                         0x00003575   Thumb Code    14  nrf_strerror.o(i.nrf_strerror_get)
    nrfx_clock_enable                        0x000035d1   Thumb Code    34  nrfx_clock.o(i.nrfx_clock_enable)
    nrfx_clock_hfclk_start                   0x000035fd   Thumb Code    22  nrfx_clock.o(i.nrfx_clock_hfclk_start)
    nrfx_clock_init                          0x00003615   Thumb Code    26  nrfx_clock.o(i.nrfx_clock_init)
    nrfx_clock_lfclk_start                   0x00003635   Thumb Code    64  nrfx_clock.o(i.nrfx_clock_lfclk_start)
    nrfx_gpiote_in_event_enable              0x00003691   Thumb Code   152  nrfx_gpiote.o(i.nrfx_gpiote_in_event_enable)
    nrfx_gpiote_in_init                      0x00003731   Thumb Code   190  nrfx_gpiote.o(i.nrfx_gpiote_in_init)
    nrfx_gpiote_in_is_set                    0x000037fd   Thumb Code    20  nrfx_gpiote.o(i.nrfx_gpiote_in_is_set)
    nrfx_gpiote_init                         0x00003811   Thumb Code   102  nrfx_gpiote.o(i.nrfx_gpiote_init)
    nrfx_gpiote_is_init                      0x00003885   Thumb Code    14  nrfx_gpiote.o(i.nrfx_gpiote_is_init)
    nrfx_prs_acquire                         0x000038a9   Thumb Code    48  nrfx_prs.o(i.nrfx_prs_acquire)
    nrfx_uart_0_irq_handler                  0x000038d9   Thumb Code     8  nrfx_uart.o(i.nrfx_uart_0_irq_handler)
    nrfx_uart_init                           0x000038e9   Thumb Code   200  nrfx_uart.o(i.nrfx_uart_init)
    nrfx_uart_rx                             0x000039bd   Thumb Code   230  nrfx_uart.o(i.nrfx_uart_rx)
    nrfx_uart_tx                             0x00003aa9   Thumb Code   162  nrfx_uart.o(i.nrfx_uart_tx)
    nrfx_uart_tx_in_progress                 0x00003b51   Thumb Code    26  nrfx_uart.o(i.nrfx_uart_tx_in_progress)
    nrfx_uarte_0_irq_handler                 0x00003b71   Thumb Code     8  nrfx_uarte.o(i.nrfx_uarte_0_irq_handler)
    nrfx_uarte_init                          0x00003b81   Thumb Code   100  nrfx_uarte.o(i.nrfx_uarte_init)
    nrfx_uarte_rx                            0x00003bed   Thumb Code   256  nrfx_uarte.o(i.nrfx_uarte_rx)
    nrfx_uarte_tx                            0x00003cf1   Thumb Code   166  nrfx_uarte.o(i.nrfx_uarte_tx)
    nrfx_uarte_tx_in_progress                0x00003d9d   Thumb Code    22  nrfx_uarte.o(i.nrfx_uarte_tx_in_progress)
    os_rsp_set_handler                       0x00003db9   Thumb Code     2  ser_softdevice_handler.o(i.os_rsp_set_handler)
    sd_ant_broadcast_message_tx              0x00004379   Thumb Code    58  app_mw_ant.o(i.sd_ant_broadcast_message_tx)
    sd_ant_channel_assign                    0x000043b9   Thumb Code    70  app_mw_ant.o(i.sd_ant_channel_assign)
    sd_ant_channel_id_set                    0x00004405   Thumb Code    70  app_mw_ant.o(i.sd_ant_channel_id_set)
    sd_ant_channel_open_with_offset          0x00004451   Thumb Code    52  app_mw_ant.o(i.sd_ant_channel_open_with_offset)
    sd_ant_channel_period_set                0x00004489   Thumb Code    52  app_mw_ant.o(i.sd_ant_channel_period_set)
    sd_ant_channel_radio_freq_set            0x000044c1   Thumb Code    52  app_mw_ant.o(i.sd_ant_channel_radio_freq_set)
    sd_ant_enable                            0x000044f9   Thumb Code    48  app_mw_ant.o(i.sd_ant_enable)
    sd_ant_event_get                         0x0000452d   Thumb Code    66  ser_softdevice_handler.o(i.sd_ant_event_get)
    sd_app_evt_wait                          0x00004575   Thumb Code     6  nrf_soc.o(i.sd_app_evt_wait)
    sd_softdevice_enable                     0x0000457d   Thumb Code    76  ser_softdevice_handler.o(i.sd_softdevice_enable)
    ser_app_hal_delay                        0x00004639   Thumb Code    28  ser_app_hal_nrf5x.o(i.ser_app_hal_delay)
    ser_app_hal_hw_init                      0x00004659   Thumb Code    60  ser_app_hal_nrf5x.o(i.ser_app_hal_hw_init)
    ser_app_hal_nrf_evt_irq_priority_set     0x0000469d   Thumb Code    10  ser_app_hal_nrf5x.o(i.ser_app_hal_nrf_evt_irq_priority_set)
    ser_app_hal_nrf_evt_pending              0x000046ad   Thumb Code    14  ser_app_hal_nrf5x.o(i.ser_app_hal_nrf_evt_pending)
    ser_app_hal_nrf_reset_pin_clear          0x000046bb   Thumb Code    14  ser_app_hal_nrf5x.o(i.ser_app_hal_nrf_reset_pin_clear)
    ser_app_hal_nrf_reset_pin_set            0x000046c9   Thumb Code    14  ser_app_hal_nrf5x.o(i.ser_app_hal_nrf_reset_pin_set)
    ser_app_power_system_off_enter           0x000046d9   Thumb Code     8  ser_app_power_system_off.o(i.ser_app_power_system_off_enter)
    ser_app_power_system_off_get             0x000046e5   Thumb Code     6  ser_app_power_system_off.o(i.ser_app_power_system_off_get)
    ser_ble_cmd_rsp_dec                      0x000046f1   Thumb Code    38  ble_serialization.o(i.ser_ble_cmd_rsp_dec)
    ser_ble_cmd_rsp_result_code_dec          0x00004717   Thumb Code    56  ble_serialization.o(i.ser_ble_cmd_rsp_result_code_dec)
    ser_hal_transport_open                   0x00004751   Thumb Code    56  ser_hal_transport.o(i.ser_hal_transport_open)
    ser_hal_transport_rx_pkt_free            0x00004791   Thumb Code    80  ser_hal_transport.o(i.ser_hal_transport_rx_pkt_free)
    ser_hal_transport_tx_pkt_alloc           0x000047e9   Thumb Code    50  ser_hal_transport.o(i.ser_hal_transport_tx_pkt_alloc)
    ser_hal_transport_tx_pkt_free            0x00004825   Thumb Code    44  ser_hal_transport.o(i.ser_hal_transport_tx_pkt_free)
    ser_hal_transport_tx_pkt_send            0x00004859   Thumb Code    86  ser_hal_transport.o(i.ser_hal_transport_tx_pkt_send)
    ser_phy_interrupts_disable               0x000048b9   Thumb Code    20  ser_phy_uart.o(i.ser_phy_interrupts_disable)
    ser_phy_interrupts_enable                0x000048cd   Thumb Code    12  ser_phy_uart.o(i.ser_phy_interrupts_enable)
    ser_phy_open                             0x000048d9   Thumb Code    50  ser_phy_uart.o(i.ser_phy_open)
    ser_phy_rx_buf_set                       0x00004919   Thumb Code    62  ser_phy_uart.o(i.ser_phy_rx_buf_set)
    ser_phy_tx_pkt_send                      0x00004965   Thumb Code    82  ser_phy_uart.o(i.ser_phy_tx_pkt_send)
    ser_sd_transport_cmd_write               0x000049d5   Thumb Code    58  ser_sd_transport.o(i.ser_sd_transport_cmd_write)
    ser_sd_transport_is_busy                 0x00004a6d   Thumb Code     6  ser_sd_transport.o(i.ser_sd_transport_is_busy)
    ser_sd_transport_open                    0x00004a79   Thumb Code    36  ser_sd_transport.o(i.ser_sd_transport_open)
    ser_sd_transport_rx_free                 0x00004aa5   Thumb Code     6  ser_sd_transport.o(i.ser_sd_transport_rx_free)
    ser_sd_transport_tx_alloc                0x00004b15   Thumb Code    14  ser_sd_transport.o(i.ser_sd_transport_tx_alloc)
    ser_softdevice_flash_operation_success_evt 0x00004b69   Thumb Code    32  ser_softdevice_handler.o(i.ser_softdevice_flash_operation_success_evt)
    uint16_t_enc                             0x00005233   Thumb Code    34  ble_serialization.o(i.uint16_t_enc)
    uint32_t_enc                             0x00005277   Thumb Code    44  ble_serialization.o(i.uint32_t_enc)
    uint8_t_dec                              0x000052a3   Thumb Code    26  ble_serialization.o(i.uint8_t_dec)
    uint8_t_enc                              0x000052bd   Thumb Code    26  ble_serialization.o(i.uint8_t_enc)
    uint8_vector_enc                         0x000052d7   Thumb Code    50  ble_serialization.o(i.uint8_vector_enc)
    nrf_log_backend_rtt_api                  0x000055c8   Data          12  nrf_log_backend_rtt.o(.constdata)
    __ctype_table                            0x000056e0   Data         129  ctype_o.o(.constdata)
    Region$$Table$$Base                      0x0000617c   Number         0  anon$$obj.o(Region$$Table)
    Region$$Table$$Limit                     0x0000619c   Number         0  anon$$obj.o(Region$$Table)
    log_const_data$$Base                     0x000061ac   Number         0  nrf_drv_clock.o(log_const_data)
    m_nrf_log_clock_logs_data_const          0x000061ac   Data           8  nrf_drv_clock.o(log_const_data)
    m_nrf_log_CLOCK_logs_data_const          0x000061b4   Data           8  nrfx_clock.o(log_const_data)
    m_nrf_log_GPIOTE_logs_data_const         0x000061bc   Data           8  nrfx_gpiote.o(log_const_data)
    m_nrf_log_PRS_logs_data_const            0x000061c4   Data           8  nrfx_prs.o(log_const_data)
    m_nrf_log_UART_logs_data_const           0x000061cc   Data           8  nrfx_uart.o(log_const_data)
    m_nrf_log_UARTE_logs_data_const          0x000061d4   Data           8  nrfx_uarte.o(log_const_data)
    m_nrf_log_app_button_logs_data_const     0x000061dc   Data           8  app_button.o(log_const_data)
    m_nrf_log_app_timer_logs_data_const      0x000061e4   Data           8  app_timer2.o(log_const_data)
    m_nrf_log_hardfault_logs_data_const      0x000061ec   Data           8  hardfault_implementation.o(log_const_data)
    m_nrf_log_pwr_mgmt_logs_data_const       0x000061f4   Data           8  nrf_pwr_mgmt.o(log_const_data)
    m_nrf_log_sortlist_logs_data_const       0x000061fc   Data           8  nrf_sortlist.o(log_const_data)
    m_nrf_log_app_logs_data_const            0x00006204   Data           8  nrf_log_frontend.o(log_const_data)
    m_nrf_log_ser_hal_transport_logs_data_const 0x0000620c   Data           8  ser_hal_transport.o(log_const_data)
    m_nrf_log_ser_xfer_logs_data_const       0x00006214   Data           8  ser_sd_transport.o(log_const_data)
    m_nrf_log_nrf_sdh_logs_data_const        0x0000621c   Data           8  nrf_sdh.o(log_const_data)
    m_nrf_log_nrf_sdh_ant_logs_data_const    0x00006224   Data           8  nrf_sdh_ant.o(log_const_data)
    log_const_data$$Limit                    0x0000622c   Number         0  nrf_sdh_ant.o(log_const_data)
    log_mempool                              0x0000622c   Data          20  nrf_log_frontend.o(nrf_balloc)
    m_sd_ant_evt_mailbox                     0x00006240   Data          20  ser_softdevice_handler.o(nrf_queue)
    m_sd_soc_evt_mailbox                     0x00006254   Data          20  ser_softdevice_handler.o(nrf_queue)
    sdh_ant_observers1$$Base                 0x00006268   Number         0  ant_io_tx.o(sdh_ant_observers1)
    sdh_ant_observers1$$Limit                0x00006270   Number         0  ant_io_tx.o(sdh_ant_observers1)
    sdh_stack_observers0$$Base               0x00006270   Number         0  nrf_sdh_ant.o(sdh_stack_observers0)
    sdh_stack_observers0$$Limit              0x00006278   Number         0  nrf_sdh_ant.o(sdh_stack_observers0)
    nrf_drv_uart_use_easy_dma                0x20000080   Data           1  nrf_drv_uart.o(.data)
    SystemCoreClock                          0x20000224   Data           4  system_nrf52.o(.data)
    _SEGGER_RTT                              0x20000930   Data         120  segger_rtt.o(.bss)
    STACK$$Base                              0x20001198   Number         0  arm_startup_nrf52.o(STACK)
    STACK$$Limit                             0x20003198   Number         0  arm_startup_nrf52.o(STACK)
    __initial_sp                             0x20003198   Data           0  arm_startup_nrf52.o(STACK)



==============================================================================

Memory Map of the image

  Image Entry point : 0x00000201

  Load Region LR_IROM1 (Base: 0x00000000, Size: 0x000064a0, Max: 0x00080000, ABSOLUTE, COMPRESSED[0x000062f8])

    Execution Region ER_IROM1 (Exec base: 0x00000000, Load base: 0x00000000, Size: 0x00006278, Max: 0x00080000, ABSOLUTE)

    Exec Addr    Load Addr    Size         Type   Attr      Idx    E Section Name        Object

    0x00000000   0x00000000   0x00000200   Data   RO         6977    RESET               arm_startup_nrf52.o
    0x00000200   0x00000200   0x00000000   Code   RO         7047  * .ARM.Collect$$$$00000000  mc_w.l(entry.o)
    0x00000200   0x00000200   0x00000004   Code   RO         7099    .ARM.Collect$$$$00000001  mc_w.l(entry2.o)
    0x00000204   0x00000204   0x00000004   Code   RO         7102    .ARM.Collect$$$$00000004  mc_w.l(entry5.o)
    0x00000208   0x00000208   0x00000000   Code   RO         7104    .ARM.Collect$$$$00000008  mc_w.l(entry7b.o)
    0x00000208   0x00000208   0x00000000   Code   RO         7106    .ARM.Collect$$$$0000000A  mc_w.l(entry8b.o)
    0x00000208   0x00000208   0x00000008   Code   RO         7107    .ARM.Collect$$$$0000000B  mc_w.l(entry9a.o)
    0x00000210   0x00000210   0x00000004   Code   RO         7114    .ARM.Collect$$$$0000000E  mc_w.l(entry12b.o)
    0x00000214   0x00000214   0x00000000   Code   RO         7109    .ARM.Collect$$$$0000000F  mc_w.l(entry10a.o)
    0x00000214   0x00000214   0x00000000   Code   RO         7111    .ARM.Collect$$$$00000011  mc_w.l(entry11a.o)
    0x00000214   0x00000214   0x00000004   Code   RO         7100    .ARM.Collect$$$$00002712  mc_w.l(entry2.o)
    0x00000218   0x00000218   0x00000034   Code   RO         2642    .emb_text           hardfault_handler_keil.o
    0x0000024c   0x0000024c   0x000000c8   Code   RO         2734    .emb_text           nrf_atfifo.o
    0x00000314   0x00000314   0x000000e2   Code   RO         2804    .emb_text           nrf_atomic.o
    0x000003f6   0x000003f6   0x00000002   PAD
    0x000003f8   0x000003f8   0x00000024   Code   RO         6978    .text               arm_startup_nrf52.o
    0x0000041c   0x0000041c   0x00000062   Code   RO         7055    .text               mc_w.l(uldiv.o)
    0x0000047e   0x0000047e   0x0000001e   Code   RO         7057    .text               mc_w.l(llshl.o)
    0x0000049c   0x0000049c   0x00000008   Code   RO         7059    .text               mc_w.l(ctype_o.o)
    0x000004a4   0x000004a4   0x00000024   Code   RO         7087    .text               mc_w.l(memcpya.o)
    0x000004c8   0x000004c8   0x00000024   Code   RO         7089    .text               mc_w.l(memseta.o)
    0x000004ec   0x000004ec   0x0000000e   Code   RO         7091    .text               mc_w.l(strlen.o)
    0x000004fa   0x000004fa   0x00000012   Code   RO         7095    .text               mc_w.l(strcpy.o)
    0x0000050c   0x0000050c   0x00000020   Code   RO         7116    .text               mc_w.l(llushr.o)
    0x0000052c   0x0000052c   0x00000024   Code   RO         7119    .text               mc_w.l(init.o)
    0x00000550   0x00000550   0x00000056   Code   RO         7129    .text               mc_w.l(__dczerorl2.o)
    0x000005a6   0x000005a6   0x00000062   Code   RO         5521    i.ANT_ENABLE_enc    ant_struct_serialization.o
    0x00000608   0x00000608   0x000000a4   Code   RO         1233    i.GPIOTE_IRQHandler  nrfx_gpiote.o
    0x000006ac   0x000006ac   0x000001d8   Code   RO         2664    i.HardFault_c_handler  hardfault_implementation.o
    0x00000884   0x00000884   0x00000024   Code   RO         2665    i.HardFault_process  hardfault_implementation.o
    0x000008a8   0x000008a8   0x00000058   Code   RO         1094    i.POWER_CLOCK_IRQHandler  nrfx_clock.o
    0x00000900   0x00000900   0x00000010   Code   RO         2473    i.RTC1_IRQHandler   drv_rtc.o
    0x00000910   0x00000910   0x00000004   Code   RO         3933    i.SEGGER_RTT_Init   segger_rtt.o
    0x00000914   0x00000914   0x0000005c   Code   RO         3947    i.SEGGER_RTT_WriteNoLock  segger_rtt.o
    0x00000970   0x00000970   0x00000004   Code   RO         6819    i.SWI2_EGU2_IRQHandler  nrf_sdh.o
    0x00000974   0x00000974   0x00000280   Code   RO         6986    i.SystemInit        system_nrf52.o
    0x00000bf4   0x00000bf4   0x0000000c   Code   RO         1538    i.UARTE0_UART0_IRQHandler  nrfx_prs.o
    0x00000c00   0x00000c00   0x00000068   Code   RO         3951    i._DoInit           segger_rtt.o
    0x00000c68   0x00000c68   0x00000016   Code   RO         3952    i._GetAvailWriteSpace  segger_rtt.o
    0x00000c7e   0x00000c7e   0x0000005a   Code   RO         3954    i._WriteBlocking    segger_rtt.o
    0x00000cd8   0x00000cd8   0x00000042   Code   RO         3955    i._WriteNoCheck     segger_rtt.o
    0x00000d1a   0x00000d1a   0x0000000e   Code   RO         7123    i.__scatterload_copy  mc_w.l(handlers.o)
    0x00000d28   0x00000d28   0x00000002   Code   RO         7124    i.__scatterload_null  mc_w.l(handlers.o)
    0x00000d2a   0x00000d2a   0x0000000e   Code   RO         7125    i.__scatterload_zeroinit  mc_w.l(handlers.o)
    0x00000d38   0x00000d38   0x00000006   Code   RO          473    i.alert_timer_handler  bsp.o
    0x00000d3e   0x00000d3e   0x00000078   Code   RO         4412    i.ant_broadcast_message_tx_req_enc  ant_broadcast_message_tx.o
    0x00000db6   0x00000db6   0x00000008   Code   RO         4413    i.ant_broadcast_message_tx_rsp_dec  ant_broadcast_message_tx.o
    0x00000dbe   0x00000dbe   0x0000002e   Code   RO         4472    i.ant_channel_assign_req_enc  ant_channel_assign.o
    0x00000dec   0x00000dec   0x00000008   Code   RO         4473    i.ant_channel_assign_rsp_dec  ant_channel_assign.o
    0x00000df4   0x00000df4   0x00000032   Code   RO         4562    i.ant_channel_id_set_req_enc  ant_channel_id_set.o
    0x00000e26   0x00000e26   0x00000008   Code   RO         4563    i.ant_channel_id_set_rsp_dec  ant_channel_id_set.o
    0x00000e2e   0x00000e2e   0x00000048   Code   RO          603    i.ant_channel_init  ant_channel_config.o
    0x00000e76   0x00000e76   0x0000002a   Code   RO         4626    i.ant_channel_open_with_offset_req_enc  ant_channel_open_with_offset.o
    0x00000ea0   0x00000ea0   0x00000008   Code   RO         4627    i.ant_channel_open_with_offset_rsp_dec  ant_channel_open_with_offset.o
    0x00000ea8   0x00000ea8   0x0000002a   Code   RO         4686    i.ant_channel_period_set_req_enc  ant_channel_period_set.o
    0x00000ed2   0x00000ed2   0x00000008   Code   RO         4687    i.ant_channel_period_set_rsp_dec  ant_channel_period_set.o
    0x00000eda   0x00000eda   0x00000026   Code   RO         4746    i.ant_channel_radio_freq_set_req_enc  ant_channel_radio_freq_set.o
    0x00000f00   0x00000f00   0x00000008   Code   RO         4747    i.ant_channel_radio_freq_set_rsp_dec  ant_channel_radio_freq_set.o
    0x00000f08   0x00000f08   0x00000040   Code   RO         5136    i.ant_enable_req_enc  ant_enable.o
    0x00000f48   0x00000f48   0x00000008   Code   RO         5137    i.ant_enable_rsp_dec  ant_enable.o
    0x00000f50   0x00000f50   0x00000038   Code   RO         5166    i.ant_event_dec     ant_event.o
    0x00000f88   0x00000f88   0x00000028   Code   RO            4    i.ant_evt_handler   ant_io_tx.o
    0x00000fb0   0x00000fb0   0x0000004e   Code   RO         5522    i.ant_evt_t_dec     ant_struct_serialization.o
    0x00000ffe   0x00000ffe   0x00000002   PAD
    0x00001000   0x00001000   0x00000038   Code   RO            5    i.ant_io_tx_setup   ant_io_tx.o
    0x00001038   0x00001038   0x00000024   Code   RO         1941    i.app_button_enable  app_button.o
    0x0000105c   0x0000105c   0x00000080   Code   RO         1942    i.app_button_init   app_button.o
    0x000010dc   0x000010dc   0x00000084   Code   RO         2099    i.app_error_fault_handler  app_error_weak.o
    0x00001160   0x00001160   0x00000016   Code   RO         2043    i.app_error_handler_bare  app_error.o
    0x00001176   0x00001176   0x00000002   PAD
    0x00001178   0x00001178   0x0000000c   Code   RO         2196    i.app_timer_cnt_get  app_timer2.o
    0x00001184   0x00001184   0x00000020   Code   RO         2197    i.app_timer_create  app_timer2.o
    0x000011a4   0x000011a4   0x0000005c   Code   RO         2198    i.app_timer_init    app_timer2.o
    0x00001200   0x00001200   0x0000004c   Code   RO         2201    i.app_timer_start   app_timer2.o
    0x0000124c   0x0000124c   0x0000003a   Code   RO         2202    i.app_timer_stop    app_timer2.o
    0x00001286   0x00001286   0x00000004   Code   RO         2411    i.app_util_critical_region_enter  app_util_platform.o
    0x0000128a   0x0000128a   0x00000004   Code   RO         2412    i.app_util_critical_region_exit  app_util_platform.o
    0x0000128e   0x0000128e   0x00000002   PAD
    0x00001290   0x00001290   0x00000010   Code   RO         2413    i.app_util_disable_irq  app_util_platform.o
    0x000012a0   0x000012a0   0x00000014   Code   RO         2414    i.app_util_enable_irq  app_util_platform.o
    0x000012b4   0x000012b4   0x00000088   Code   RO         1592    i.apply_config      nrfx_uart.o
    0x0000133c   0x0000133c   0x00000088   Code   RO         1780    i.apply_config      nrfx_uarte.o
    0x000013c4   0x000013c4   0x00000012   Code   RO         5596    i.broadcast_message_tx_rsp_dec  app_mw_ant.o
    0x000013d6   0x000013d6   0x00000002   PAD
    0x000013d8   0x000013d8   0x00000020   Code   RO          371    i.bsp_board_button_state_get  boards.o
    0x000013f8   0x000013f8   0x00000054   Code   RO          372    i.bsp_board_init    boards.o
    0x0000144c   0x0000144c   0x00000024   Code   RO          374    i.bsp_board_led_invert  boards.o
    0x00001470   0x00001470   0x00000010   Code   RO          375    i.bsp_board_led_off  boards.o
    0x00001480   0x00001480   0x00000010   Code   RO          376    i.bsp_board_led_on  boards.o
    0x00001490   0x00001490   0x00000020   Code   RO          377    i.bsp_board_led_state_get  boards.o
    0x000014b0   0x000014b0   0x00000012   Code   RO          378    i.bsp_board_leds_off  boards.o
    0x000014c2   0x000014c2   0x00000012   Code   RO          379    i.bsp_board_leds_on  boards.o
    0x000014d4   0x000014d4   0x00000024   Code   RO          380    i.bsp_board_pin_to_button_idx  boards.o
    0x000014f8   0x000014f8   0x00000090   Code   RO          474    i.bsp_button_event_handler  bsp.o
    0x00001588   0x00001588   0x0000000c   Code   RO          475    i.bsp_button_is_pressed  bsp.o
    0x00001594   0x00001594   0x00000044   Code   RO          478    i.bsp_event_to_button_action_assign  bsp.o
    0x000015d8   0x000015d8   0x00000094   Code   RO          480    i.bsp_init          bsp.o
    0x0000166c   0x0000166c   0x000001c8   Code   RO          481    i.bsp_led_indication  bsp.o
    0x00001834   0x00001834   0x0000008c   Code   RO         3681    i.buf_prealloc      nrf_log_frontend.o
    0x000018c0   0x000018c0   0x0000002e   Code   RO         3019    i.buffer_add        nrf_fprintf_format.o
    0x000018ee   0x000018ee   0x00000002   PAD
    0x000018f0   0x000018f0   0x00000018   Code   RO         3682    i.buffer_is_empty   nrf_log_frontend.o
    0x00001908   0x00001908   0x00000028   Code   RO         1944    i.button_get        app_button.o
    0x00001930   0x00001930   0x00000050   Code   RO            6    i.button_state_encode  ant_io_tx.o
    0x00001980   0x00001980   0x00000008   Code   RO          484    i.button_timer_handler  bsp.o
    0x00001988   0x00001988   0x00000012   Code   RO         5598    i.channel_assign_rsp_dec  app_mw_ant.o
    0x0000199a   0x0000199a   0x00000002   PAD
    0x0000199c   0x0000199c   0x0000001c   Code   RO         1234    i.channel_free      nrfx_gpiote.o
    0x000019b8   0x000019b8   0x00000012   Code   RO         5601    i.channel_id_set_rsp_dec  app_mw_ant.o
    0x000019ca   0x000019ca   0x00000012   Code   RO         5603    i.channel_open_with_offset_rsp_dec  app_mw_ant.o
    0x000019dc   0x000019dc   0x00000012   Code   RO         5605    i.channel_period_set_rsp_dec  app_mw_ant.o
    0x000019ee   0x000019ee   0x00000002   PAD
    0x000019f0   0x000019f0   0x00000048   Code   RO         1235    i.channel_port_alloc  nrfx_gpiote.o
    0x00001a38   0x00001a38   0x00000010   Code   RO         1236    i.channel_port_get  nrfx_gpiote.o
    0x00001a48   0x00001a48   0x00000012   Code   RO         5607    i.channel_radio_freq_set_rsp_dec  app_mw_ant.o
    0x00001a5a   0x00001a5a   0x00000002   PAD
    0x00001a5c   0x00001a5c   0x00000028   Code   RO          678    i.clock_clk_started_notify  nrf_drv_clock.o
    0x00001a84   0x00001a84   0x0000001c   Code   RO          679    i.clock_irq_handler  nrf_drv_clock.o
    0x00001aa0   0x00001aa0   0x00000018   Code   RO         2204    i.compare_func      app_timer2.o
    0x00001ab8   0x00001ab8   0x0000003e   Code   RO         6246    i.cond_field_enc    cond_field_serialization.o
    0x00001af6   0x00001af6   0x00000002   PAD
    0x00001af8   0x00001af8   0x00000048   Code   RO         1945    i.detection_delay_timeout_handler  app_button.o
    0x00001b40   0x00001b40   0x00000014   Code   RO         3683    i.dropped_sat16_get  nrf_log_frontend.o
    0x00001b54   0x00001b54   0x00000014   Code   RO         2474    i.drv_rtc_compare_disable  drv_rtc.o
    0x00001b68   0x00001b68   0x0000000e   Code   RO         2477    i.drv_rtc_compare_pending  drv_rtc.o
    0x00001b76   0x00001b76   0x00000050   Code   RO         2478    i.drv_rtc_compare_set  drv_rtc.o
    0x00001bc6   0x00001bc6   0x00000008   Code   RO         2479    i.drv_rtc_counter_get  drv_rtc.o
    0x00001bce   0x00001bce   0x00000002   PAD
    0x00001bd0   0x00001bd0   0x000000d8   Code   RO         2480    i.drv_rtc_init      drv_rtc.o
    0x00001ca8   0x00001ca8   0x0000001e   Code   RO         2481    i.drv_rtc_irq_trigger  drv_rtc.o
    0x00001cc6   0x00001cc6   0x00000008   Code   RO         2483    i.drv_rtc_overflow_enable  drv_rtc.o
    0x00001cce   0x00001cce   0x00000008   Code   RO         2484    i.drv_rtc_overflow_pending  drv_rtc.o
    0x00001cd6   0x00001cd6   0x00000008   Code   RO         2485    i.drv_rtc_start     drv_rtc.o
    0x00001cde   0x00001cde   0x00000008   Code   RO         2486    i.drv_rtc_stop      drv_rtc.o
    0x00001ce6   0x00001ce6   0x000000de   Code   RO         2491    i.drv_rtc_windowed_compare_set  drv_rtc.o
    0x00001dc4   0x00001dc4   0x00000012   Code   RO         5620    i.enable_rsp_dec    app_mw_ant.o
    0x00001dd6   0x00001dd6   0x00000012   Code   RO         2492    i.evt_enable        drv_rtc.o
    0x00001de8   0x00001de8   0x000000d8   Code   RO         1946    i.evt_handle        app_button.o
    0x00001ec0   0x00001ec0   0x00000014   Code   RO         2493    i.evt_pending       drv_rtc.o
    0x00001ed4   0x00001ed4   0x00000034   Code   RO         2205    i.get_now           app_timer2.o
    0x00001f08   0x00001f08   0x0000003c   Code   RO         1947    i.gpiote_event_handler  app_button.o
    0x00001f44   0x00001f44   0x0000003c   Code   RO            7    i.handle_transmit   ant_io_tx.o
    0x00001f80   0x00001f80   0x000000a6   Code   RO         3020    i.int_print         nrf_fprintf_format.o
    0x00002026   0x00002026   0x00000002   PAD
    0x00002028   0x00002028   0x00000088   Code   RO         1781    i.interrupts_enable  nrfx_uarte.o
    0x000020b0   0x000020b0   0x00000034   Code   RO         3684    i.invalid_packets_omit  nrf_log_frontend.o
    0x000020e4   0x000020e4   0x00000016   Code   RO          680    i.item_enqueue      nrf_drv_clock.o
    0x000020fa   0x000020fa   0x00000002   PAD
    0x000020fc   0x000020fc   0x0000005c   Code   RO            8    i.led_state_set     ant_io_tx.o
    0x00002158   0x00002158   0x00000030   Code   RO          485    i.leds_off          bsp.o
    0x00002188   0x00002188   0x00000014   Code   RO          486    i.leds_timer_handler  bsp.o
    0x0000219c   0x0000219c   0x00000002   Code   RO         3685    i.log_pending_hook  nrf_log_frontend.o
    0x0000219e   0x0000219e   0x00000002   PAD
    0x000021a0   0x000021a0   0x000000a4   Code   RO         3686    i.log_skip          nrf_log_frontend.o
    0x00002244   0x00002244   0x00000098   Code   RO          230    i.main              main.o
    0x000022dc   0x000022dc   0x0000007e   Code   RO         3059    i.memobj_op         nrf_memobj.o
    0x0000235a   0x0000235a   0x00000002   PAD
    0x0000235c   0x0000235c   0x00000030   Code   RO         3687    i.module_idx_get    nrf_log_frontend.o
    0x0000238c   0x0000238c   0x00000026   Code   RO         2738    i.nrf_atfifo_init   nrf_atfifo.o
    0x000023b2   0x000023b2   0x00000016   Code   RO         2739    i.nrf_atfifo_item_alloc  nrf_atfifo.o
    0x000023c8   0x000023c8   0x00000016   Code   RO         2740    i.nrf_atfifo_item_free  nrf_atfifo.o
    0x000023de   0x000023de   0x00000016   Code   RO         2741    i.nrf_atfifo_item_get  nrf_atfifo.o
    0x000023f4   0x000023f4   0x00000016   Code   RO         2742    i.nrf_atfifo_item_put  nrf_atfifo.o
    0x0000240a   0x0000240a   0x00000006   Code   RO         2806    i.nrf_atomic_flag_clear_fetch  nrf_atomic.o
    0x00002410   0x00002410   0x00000006   Code   RO         2807    i.nrf_atomic_flag_set  nrf_atomic.o
    0x00002416   0x00002416   0x0000000c   Code   RO         2809    i.nrf_atomic_u32_add  nrf_atomic.o
    0x00002422   0x00002422   0x0000000a   Code   RO         2813    i.nrf_atomic_u32_fetch_and  nrf_atomic.o
    0x0000242c   0x0000242c   0x0000000a   Code   RO         2815    i.nrf_atomic_u32_fetch_store  nrf_atomic.o
    0x00002436   0x00002436   0x0000000c   Code   RO         2819    i.nrf_atomic_u32_or  nrf_atomic.o
    0x00002442   0x00002442   0x0000000c   Code   RO         2821    i.nrf_atomic_u32_sub  nrf_atomic.o
    0x0000244e   0x0000244e   0x0000003e   Code   RO         2943    i.nrf_balloc_alloc  nrf_balloc.o
    0x0000248c   0x0000248c   0x0000002a   Code   RO         2944    i.nrf_balloc_free   nrf_balloc.o
    0x000024b6   0x000024b6   0x00000030   Code   RO         2945    i.nrf_balloc_init   nrf_balloc.o
    0x000024e6   0x000024e6   0x00000010   Code   RO         1237    i.nrf_bitmask_bit_is_set  nrfx_gpiote.o
    0x000024f6   0x000024f6   0x0000000e   Code   RO         1095    i.nrf_clock_event_check  nrfx_clock.o
    0x00002504   0x00002504   0x00000010   Code   RO         1096    i.nrf_clock_event_clear  nrfx_clock.o
    0x00002514   0x00002514   0x0000001c   Code   RO          683    i.nrf_drv_clock_hfclk_is_running  nrf_drv_clock.o
    0x00002530   0x00002530   0x00000048   Code   RO          685    i.nrf_drv_clock_hfclk_request  nrf_drv_clock.o
    0x00002578   0x00002578   0x0000003c   Code   RO          686    i.nrf_drv_clock_init  nrf_drv_clock.o
    0x000025b4   0x000025b4   0x00000010   Code   RO          689    i.nrf_drv_clock_lfclk_is_running  nrf_drv_clock.o
    0x000025c4   0x000025c4   0x00000048   Code   RO          691    i.nrf_drv_clock_lfclk_request  nrf_drv_clock.o
    0x0000260c   0x0000260c   0x00000068   Code   RO          819    i.nrf_drv_uart_init  nrf_drv_uart.o
    0x00002674   0x00002674   0x00000020   Code   RO         6551    i.nrf_drv_uart_rx   ser_phy_uart.o
    0x00002694   0x00002694   0x00000020   Code   RO         6552    i.nrf_drv_uart_tx   ser_phy_uart.o
    0x000026b4   0x000026b4   0x0000001a   Code   RO         2980    i.nrf_fprintf       nrf_fprintf.o
    0x000026ce   0x000026ce   0x00000018   Code   RO         2981    i.nrf_fprintf_buffer_flush  nrf_fprintf.o
    0x000026e6   0x000026e6   0x000001da   Code   RO         3021    i.nrf_fprintf_fmt   nrf_fprintf_format.o
    0x000028c0   0x000028c0   0x00000024   Code   RO          382    i.nrf_gpio_cfg      boards.o
    0x000028e4   0x000028e4   0x00000024   Code   RO         1238    i.nrf_gpio_cfg      nrfx_gpiote.o
    0x00002908   0x00002908   0x00000024   Code   RO         1593    i.nrf_gpio_cfg      nrfx_uart.o
    0x0000292c   0x0000292c   0x00000024   Code   RO         1782    i.nrf_gpio_cfg      nrfx_uarte.o
    0x00002950   0x00002950   0x00000012   Code   RO         1595    i.nrf_gpio_cfg_input  nrfx_uart.o
    0x00002962   0x00002962   0x00000012   Code   RO         1784    i.nrf_gpio_cfg_input  nrfx_uarte.o
    0x00002974   0x00002974   0x00000014   Code   RO         1596    i.nrf_gpio_cfg_output  nrfx_uart.o
    0x00002988   0x00002988   0x00000014   Code   RO         1785    i.nrf_gpio_cfg_output  nrfx_uarte.o
    0x0000299c   0x0000299c   0x00000022   Code   RO         1240    i.nrf_gpio_cfg_sense_set  nrfx_gpiote.o
    0x000029be   0x000029be   0x00000002   PAD
    0x000029c0   0x000029c0   0x0000002c   Code   RO         1241    i.nrf_gpio_latches_read_and_clear  nrfx_gpiote.o
    0x000029ec   0x000029ec   0x0000001e   Code   RO         1242    i.nrf_gpio_pin_present_check  nrfx_gpiote.o
    0x00002a0a   0x00002a0a   0x00000016   Code   RO          383    i.nrf_gpio_pin_write  boards.o
    0x00002a20   0x00002a20   0x00000014   Code   RO         1243    i.nrf_gpiote_event_clear  nrfx_gpiote.o
    0x00002a34   0x00002a34   0x00000010   Code   RO         1244    i.nrf_gpiote_event_is_set  nrfx_gpiote.o
    0x00002a44   0x00002a44   0x0000005c   Code   RO         3688    i.nrf_log_backend_add  nrf_log_frontend.o
    0x00002aa0   0x00002aa0   0x00000002   Code   RO         3521    i.nrf_log_backend_rtt_flush  nrf_log_backend_rtt.o
    0x00002aa2   0x00002aa2   0x00000004   Code   RO         3522    i.nrf_log_backend_rtt_init  nrf_log_backend_rtt.o
    0x00002aa6   0x00002aa6   0x00000002   Code   RO         3523    i.nrf_log_backend_rtt_panic_set  nrf_log_backend_rtt.o
    0x00002aa8   0x00002aa8   0x00000018   Code   RO         3524    i.nrf_log_backend_rtt_put  nrf_log_backend_rtt.o
    0x00002ac0   0x00002ac0   0x000000c2   Code   RO         3590    i.nrf_log_backend_serial_put  nrf_log_backend_serial.o
    0x00002b82   0x00002b82   0x00000002   PAD
    0x00002b84   0x00002b84   0x00000030   Code   RO         3690    i.nrf_log_color_id_get  nrf_log_frontend.o
    0x00002bb4   0x00002bb4   0x0000001c   Code   RO         3642    i.nrf_log_default_backends_init  nrf_log_default_backends.o
    0x00002bd0   0x00002bd0   0x00000230   Code   RO         3691    i.nrf_log_frontend_dequeue  nrf_log_frontend.o
    0x00002e00   0x00002e00   0x00000008   Code   RO         3693    i.nrf_log_frontend_std_0  nrf_log_frontend.o
    0x00002e08   0x00002e08   0x0000000e   Code   RO         3694    i.nrf_log_frontend_std_1  nrf_log_frontend.o
    0x00002e16   0x00002e16   0x00000012   Code   RO         3696    i.nrf_log_frontend_std_3  nrf_log_frontend.o
    0x00002e28   0x00002e28   0x00000014   Code   RO         3697    i.nrf_log_frontend_std_4  nrf_log_frontend.o
    0x00002e3c   0x00002e3c   0x000000b0   Code   RO         3874    i.nrf_log_hexdump_entry_process  nrf_log_str_formatter.o
    0x00002eec   0x00002eec   0x00000028   Code   RO         3700    i.nrf_log_init      nrf_log_frontend.o
    0x00002f14   0x00002f14   0x00000014   Code   RO         3701    i.nrf_log_module_cnt_get  nrf_log_frontend.o
    0x00002f28   0x00002f28   0x0000001c   Code   RO         3704    i.nrf_log_module_name_get  nrf_log_frontend.o
    0x00002f44   0x00002f44   0x00000028   Code   RO         3705    i.nrf_log_panic     nrf_log_frontend.o
    0x00002f6c   0x00002f6c   0x000000b6   Code   RO         3875    i.nrf_log_std_entry_process  nrf_log_str_formatter.o
    0x00003022   0x00003022   0x00000060   Code   RO         3060    i.nrf_memobj_alloc  nrf_memobj.o
    0x00003082   0x00003082   0x00000032   Code   RO         3061    i.nrf_memobj_free   nrf_memobj.o
    0x000030b4   0x000030b4   0x00000008   Code   RO         3062    i.nrf_memobj_get    nrf_memobj.o
    0x000030bc   0x000030bc   0x00000004   Code   RO         3063    i.nrf_memobj_pool_init  nrf_memobj.o
    0x000030c0   0x000030c0   0x0000001e   Code   RO         3064    i.nrf_memobj_put    nrf_memobj.o
    0x000030de   0x000030de   0x00000010   Code   RO         3065    i.nrf_memobj_read   nrf_memobj.o
    0x000030ee   0x000030ee   0x00000010   Code   RO         3066    i.nrf_memobj_write  nrf_memobj.o
    0x000030fe   0x000030fe   0x00000002   PAD
    0x00003100   0x00003100   0x00000028   Code   RO         3135    i.nrf_pwr_mgmt_init  nrf_pwr_mgmt.o
    0x00003128   0x00003128   0x00000034   Code   RO         3136    i.nrf_pwr_mgmt_run  nrf_pwr_mgmt.o
    0x0000315c   0x0000315c   0x00000088   Code   RO         3215    i.nrf_queue_generic_pop  nrf_queue.o
    0x000031e4   0x000031e4   0x00000012   Code   RO         3217    i.nrf_queue_is_empty  nrf_queue.o
    0x000031f6   0x000031f6   0x0000001e   Code   RO         3218    i.nrf_queue_is_full  nrf_queue.o
    0x00003214   0x00003214   0x0000000e   Code   RO         3221    i.nrf_queue_next_idx  nrf_queue.o
    0x00003222   0x00003222   0x000000ac   Code   RO         3223    i.nrf_queue_push    nrf_queue.o
    0x000032ce   0x000032ce   0x0000001e   Code   RO         3225    i.nrf_queue_reset   nrf_queue.o
    0x000032ec   0x000032ec   0x0000001c   Code   RO         3339    i.nrf_ringbuf_init  nrf_ringbuf.o
    0x00003308   0x00003308   0x0000000c   Code   RO         2494    i.nrf_rtc_event_clear  drv_rtc.o
    0x00003314   0x00003314   0x0000006c   Code   RO         6935    i.nrf_sdh_ant_enable  nrf_sdh_ant.o
    0x00003380   0x00003380   0x0000005c   Code   RO         6936    i.nrf_sdh_ant_evts_poll  nrf_sdh_ant.o
    0x000033dc   0x000033dc   0x00000098   Code   RO         6821    i.nrf_sdh_enable_request  nrf_sdh.o
    0x00003474   0x00003474   0x00000024   Code   RO         6822    i.nrf_sdh_evts_poll  nrf_sdh.o
    0x00003498   0x00003498   0x0000000a   Code   RO         3397    i.nrf_section_iter_init  nrf_section_iter.o
    0x000034a2   0x000034a2   0x00000024   Code   RO         3398    i.nrf_section_iter_item_set  nrf_section_iter.o
    0x000034c6   0x000034c6   0x00000020   Code   RO         3399    i.nrf_section_iter_next  nrf_section_iter.o
    0x000034e6   0x000034e6   0x00000022   Code   RO         3432    i.nrf_sortlist_add  nrf_sortlist.o
    0x00003508   0x00003508   0x00000006   Code   RO         3434    i.nrf_sortlist_peek  nrf_sortlist.o
    0x0000350e   0x0000350e   0x0000000e   Code   RO         3435    i.nrf_sortlist_pop  nrf_sortlist.o
    0x0000351c   0x0000351c   0x0000001e   Code   RO         3436    i.nrf_sortlist_remove  nrf_sortlist.o
    0x0000353a   0x0000353a   0x00000002   PAD
    0x0000353c   0x0000353c   0x00000038   Code   RO         3488    i.nrf_strerror_find  nrf_strerror.o
    0x00003574   0x00003574   0x00000014   Code   RO         3489    i.nrf_strerror_get  nrf_strerror.o
    0x00003588   0x00003588   0x0000000a   Code   RO         1597    i.nrf_uart_event_check  nrfx_uart.o
    0x00003592   0x00003592   0x0000000c   Code   RO         1598    i.nrf_uart_event_clear  nrfx_uart.o
    0x0000359e   0x0000359e   0x0000000c   Code   RO         1599    i.nrf_uart_int_enable_check  nrfx_uart.o
    0x000035aa   0x000035aa   0x0000000a   Code   RO         1786    i.nrf_uarte_event_check  nrfx_uarte.o
    0x000035b4   0x000035b4   0x0000000c   Code   RO         1787    i.nrf_uarte_event_clear  nrfx_uarte.o
    0x000035c0   0x000035c0   0x00000010   Code   RO          693    i.nrf_wdt_started   nrf_drv_clock.o
    0x000035d0   0x000035d0   0x0000002c   Code   RO         1101    i.nrfx_clock_enable  nrfx_clock.o
    0x000035fc   0x000035fc   0x00000016   Code   RO         1102    i.nrfx_clock_hfclk_start  nrfx_clock.o
    0x00003612   0x00003612   0x00000002   PAD
    0x00003614   0x00003614   0x00000020   Code   RO         1104    i.nrfx_clock_init   nrfx_clock.o
    0x00003634   0x00003634   0x0000004c   Code   RO         1106    i.nrfx_clock_lfclk_start  nrfx_clock.o
    0x00003680   0x00003680   0x00000010   Code   RO         2495    i.nrfx_coredep_delay_us  drv_rtc.o
    0x00003690   0x00003690   0x000000a0   Code   RO         1250    i.nrfx_gpiote_in_event_enable  nrfx_gpiote.o
    0x00003730   0x00003730   0x000000cc   Code   RO         1252    i.nrfx_gpiote_in_init  nrfx_gpiote.o
    0x000037fc   0x000037fc   0x00000014   Code   RO         1253    i.nrfx_gpiote_in_is_set  nrfx_gpiote.o
    0x00003810   0x00003810   0x00000074   Code   RO         1255    i.nrfx_gpiote_init  nrfx_gpiote.o
    0x00003884   0x00003884   0x00000014   Code   RO         1256    i.nrfx_gpiote_is_init  nrfx_gpiote.o
    0x00003898   0x00003898   0x00000010   Code   RO         1788    i.nrfx_is_in_ram    nrfx_uarte.o
    0x000038a8   0x000038a8   0x00000030   Code   RO         1539    i.nrfx_prs_acquire  nrfx_prs.o
    0x000038d8   0x000038d8   0x00000010   Code   RO         1600    i.nrfx_uart_0_irq_handler  nrfx_uart.o
    0x000038e8   0x000038e8   0x000000d4   Code   RO         1602    i.nrfx_uart_init    nrfx_uart.o
    0x000039bc   0x000039bc   0x000000ec   Code   RO         1603    i.nrfx_uart_rx      nrfx_uart.o
    0x00003aa8   0x00003aa8   0x000000a8   Code   RO         1608    i.nrfx_uart_tx      nrfx_uart.o
    0x00003b50   0x00003b50   0x00000020   Code   RO         1610    i.nrfx_uart_tx_in_progress  nrfx_uart.o
    0x00003b70   0x00003b70   0x00000010   Code   RO         1789    i.nrfx_uarte_0_irq_handler  nrfx_uarte.o
    0x00003b80   0x00003b80   0x0000006c   Code   RO         1791    i.nrfx_uarte_init   nrfx_uarte.o
    0x00003bec   0x00003bec   0x00000104   Code   RO         1792    i.nrfx_uarte_rx     nrfx_uarte.o
    0x00003cf0   0x00003cf0   0x000000ac   Code   RO         1795    i.nrfx_uarte_tx     nrfx_uarte.o
    0x00003d9c   0x00003d9c   0x0000001c   Code   RO         1797    i.nrfx_uarte_tx_in_progress  nrfx_uarte.o
    0x00003db8   0x00003db8   0x00000002   Code   RO         6733    i.os_rsp_set_handler  ser_softdevice_handler.o
    0x00003dba   0x00003dba   0x00000002   PAD
    0x00003dbc   0x00003dbc   0x00000024   Code   RO         6553    i.packet_byte_drop  ser_phy_uart.o
    0x00003de0   0x00003de0   0x00000024   Code   RO         6554    i.packet_rx_start   ser_phy_uart.o
    0x00003e04   0x00003e04   0x0000018c   Code   RO         6470    i.phy_events_handler  ser_hal_transport.o
    0x00003f90   0x00003f90   0x0000001c   Code   RO         1274    i.pin_configured_set  nrfx_gpiote.o
    0x00003fac   0x00003fac   0x00000018   Code   RO         1275    i.pin_in_use_by_port  nrfx_gpiote.o
    0x00003fc4   0x00003fc4   0x00000018   Code   RO         1276    i.pin_in_use_by_te  nrfx_gpiote.o
    0x00003fdc   0x00003fdc   0x000000b4   Code   RO         1277    i.port_event_handle  nrfx_gpiote.o
    0x00004090   0x00004090   0x00000010   Code   RO         1278    i.port_handler_polarity_get  nrfx_gpiote.o
    0x000040a0   0x000040a0   0x0000003c   Code   RO         3877    i.postfix_process   nrf_log_str_formatter.o
    0x000040dc   0x000040dc   0x00000098   Code   RO         3878    i.prefix_process    nrf_log_str_formatter.o
    0x00004174   0x00004174   0x00000018   Code   RO         1541    i.prs_box_get       nrfx_prs.o
    0x0000418c   0x0000418c   0x00000018   Code   RO         3229    i.queue_utilization_get  nrf_queue.o
    0x000041a4   0x000041a4   0x0000005c   Code   RO         2206    i.rtc_irq           app_timer2.o
    0x00004200   0x00004200   0x0000006c   Code   RO         2207    i.rtc_schedule      app_timer2.o
    0x0000426c   0x0000426c   0x0000008c   Code   RO         2208    i.rtc_update        app_timer2.o
    0x000042f8   0x000042f8   0x00000032   Code   RO         1612    i.rx_byte           nrfx_uart.o
    0x0000432a   0x0000432a   0x00000016   Code   RO         1613    i.rx_done_event     nrfx_uart.o
    0x00004340   0x00004340   0x00000016   Code   RO         1799    i.rx_done_event     nrfx_uarte.o
    0x00004356   0x00004356   0x00000020   Code   RO         1614    i.rx_enable         nrfx_uart.o
    0x00004376   0x00004376   0x00000002   PAD
    0x00004378   0x00004378   0x00000040   Code   RO         5633    i.sd_ant_broadcast_message_tx  app_mw_ant.o
    0x000043b8   0x000043b8   0x0000004c   Code   RO         5635    i.sd_ant_channel_assign  app_mw_ant.o
    0x00004404   0x00004404   0x0000004c   Code   RO         5638    i.sd_ant_channel_id_set  app_mw_ant.o
    0x00004450   0x00004450   0x00000038   Code   RO         5640    i.sd_ant_channel_open_with_offset  app_mw_ant.o
    0x00004488   0x00004488   0x00000038   Code   RO         5642    i.sd_ant_channel_period_set  app_mw_ant.o
    0x000044c0   0x000044c0   0x00000038   Code   RO         5644    i.sd_ant_channel_radio_freq_set  app_mw_ant.o
    0x000044f8   0x000044f8   0x00000034   Code   RO         5657    i.sd_ant_enable     app_mw_ant.o
    0x0000452c   0x0000452c   0x00000048   Code   RO         6734    i.sd_ant_event_get  ser_softdevice_handler.o
    0x00004574   0x00004574   0x00000006   Code   RO          922    i.sd_app_evt_wait   nrf_soc.o
    0x0000457a   0x0000457a   0x00000002   PAD
    0x0000457c   0x0000457c   0x00000060   Code   RO         6737    i.sd_softdevice_enable  ser_softdevice_handler.o
    0x000045dc   0x000045dc   0x00000030   Code   RO         6828    i.sdh_request_observer_notify  nrf_sdh.o
    0x0000460c   0x0000460c   0x0000002c   Code   RO         6829    i.sdh_state_observer_notify  nrf_sdh.o
    0x00004638   0x00004638   0x00000020   Code   RO         6272    i.ser_app_hal_delay  ser_app_hal_nrf5x.o
    0x00004658   0x00004658   0x00000044   Code   RO         6273    i.ser_app_hal_hw_init  ser_app_hal_nrf5x.o
    0x0000469c   0x0000469c   0x00000010   Code   RO         6274    i.ser_app_hal_nrf_evt_irq_priority_set  ser_app_hal_nrf5x.o
    0x000046ac   0x000046ac   0x0000000e   Code   RO         6275    i.ser_app_hal_nrf_evt_pending  ser_app_hal_nrf5x.o
    0x000046ba   0x000046ba   0x0000000e   Code   RO         6276    i.ser_app_hal_nrf_reset_pin_clear  ser_app_hal_nrf5x.o
    0x000046c8   0x000046c8   0x0000000e   Code   RO         6277    i.ser_app_hal_nrf_reset_pin_set  ser_app_hal_nrf5x.o
    0x000046d6   0x000046d6   0x00000002   PAD
    0x000046d8   0x000046d8   0x0000000c   Code   RO         6392    i.ser_app_power_system_off_enter  ser_app_power_system_off.o
    0x000046e4   0x000046e4   0x0000000c   Code   RO         6393    i.ser_app_power_system_off_get  ser_app_power_system_off.o
    0x000046f0   0x000046f0   0x00000026   Code   RO         6083    i.ser_ble_cmd_rsp_dec  ble_serialization.o
    0x00004716   0x00004716   0x00000038   Code   RO         6084    i.ser_ble_cmd_rsp_result_code_dec  ble_serialization.o
    0x0000474e   0x0000474e   0x00000002   PAD
    0x00004750   0x00004750   0x00000040   Code   RO         6472    i.ser_hal_transport_open  ser_hal_transport.o
    0x00004790   0x00004790   0x00000058   Code   RO         6474    i.ser_hal_transport_rx_pkt_free  ser_hal_transport.o
    0x000047e8   0x000047e8   0x0000003c   Code   RO         6475    i.ser_hal_transport_tx_pkt_alloc  ser_hal_transport.o
    0x00004824   0x00004824   0x00000034   Code   RO         6476    i.ser_hal_transport_tx_pkt_free  ser_hal_transport.o
    0x00004858   0x00004858   0x00000060   Code   RO         6477    i.ser_hal_transport_tx_pkt_send  ser_hal_transport.o
    0x000048b8   0x000048b8   0x00000014   Code   RO         6556    i.ser_phy_interrupts_disable  ser_phy_uart.o
    0x000048cc   0x000048cc   0x0000000c   Code   RO         6557    i.ser_phy_interrupts_enable  ser_phy_uart.o
    0x000048d8   0x000048d8   0x00000040   Code   RO         6558    i.ser_phy_open      ser_phy_uart.o
    0x00004918   0x00004918   0x0000004c   Code   RO         6559    i.ser_phy_rx_buf_set  ser_phy_uart.o
    0x00004964   0x00004964   0x0000005c   Code   RO         6560    i.ser_phy_tx_pkt_send  ser_phy_uart.o
    0x000049c0   0x000049c0   0x00000012   Code   RO         6738    i.ser_sd_rsp_wait   ser_softdevice_handler.o
    0x000049d2   0x000049d2   0x00000002   PAD
    0x000049d4   0x000049d4   0x00000040   Code   RO         6646    i.ser_sd_transport_cmd_write  ser_sd_transport.o
    0x00004a14   0x00004a14   0x00000058   Code   RO         6647    i.ser_sd_transport_hal_handler  ser_sd_transport.o
    0x00004a6c   0x00004a6c   0x0000000c   Code   RO         6648    i.ser_sd_transport_is_busy  ser_sd_transport.o
    0x00004a78   0x00004a78   0x0000002c   Code   RO         6649    i.ser_sd_transport_open  ser_sd_transport.o
    0x00004aa4   0x00004aa4   0x00000006   Code   RO         6651    i.ser_sd_transport_rx_free  ser_sd_transport.o
    0x00004aaa   0x00004aaa   0x00000002   PAD
    0x00004aac   0x00004aac   0x00000068   Code   RO         6652    i.ser_sd_transport_rx_packet_handler  ser_sd_transport.o
    0x00004b14   0x00004b14   0x00000014   Code   RO         6653    i.ser_sd_transport_tx_alloc  ser_sd_transport.o
    0x00004b28   0x00004b28   0x00000040   Code   RO         6739    i.ser_softdevice_ant_evt_handler  ser_softdevice_handler.o
    0x00004b68   0x00004b68   0x00000024   Code   RO         6740    i.ser_softdevice_flash_operation_success_evt  ser_softdevice_handler.o
    0x00004b8c   0x00004b8c   0x00000050   Code   RO         3525    i.serial_tx         nrf_log_backend_rtt.o
    0x00004bdc   0x00004bdc   0x0000000e   Code   RO         6831    i.softdevices_evt_irq_enable  nrf_sdh.o
    0x00004bea   0x00004bea   0x00000002   PAD
    0x00004bec   0x00004bec   0x0000000c   Code   RO         2209    i.sortlist_pop      app_timer2.o
    0x00004bf8   0x00004bf8   0x00000030   Code   RO         1948    i.state_set         app_button.o
    0x00004c28   0x00004c28   0x00000098   Code   RO         3707    i.std_n             nrf_log_frontend.o
    0x00004cc0   0x00004cc0   0x00000088   Code   RO         2210    i.timer_expire      app_timer2.o
    0x00004d48   0x00004d48   0x00000080   Code   RO         2211    i.timer_req_process  app_timer2.o
    0x00004dc8   0x00004dc8   0x00000038   Code   RO         2212    i.timer_req_schedule  app_timer2.o
    0x00004e00   0x00004e00   0x00000018   Code   RO         1949    i.timer_start       app_button.o
    0x00004e18   0x00004e18   0x00000022   Code   RO         5673    i.tx_buf_alloc      app_mw_ant.o
    0x00004e3a   0x00004e3a   0x00000020   Code   RO         1615    i.tx_byte           nrfx_uart.o
    0x00004e5a   0x00004e5a   0x0000001a   Code   RO         1616    i.tx_done_event     nrfx_uart.o
    0x00004e74   0x00004e74   0x0000001a   Code   RO         1800    i.tx_done_event     nrfx_uarte.o
    0x00004e8e   0x00004e8e   0x00000002   PAD
    0x00004e90   0x00004e90   0x00000104   Code   RO         6561    i.uart_event_handler  ser_phy_uart.o
    0x00004f94   0x00004f94   0x00000030   Code   RO          820    i.uart_evt_handler  nrf_drv_uart.o
    0x00004fc4   0x00004fc4   0x0000012a   Code   RO         1617    i.uart_irq_handler  nrfx_uart.o
    0x000050ee   0x000050ee   0x00000002   PAD
    0x000050f0   0x000050f0   0x00000030   Code   RO          821    i.uarte_evt_handler  nrf_drv_uart.o
    0x00005120   0x00005120   0x00000112   Code   RO         1801    i.uarte_irq_handler  nrfx_uarte.o
    0x00005232   0x00005232   0x00000022   Code   RO         6088    i.uint16_t_enc      ble_serialization.o
    0x00005254   0x00005254   0x00000010   Code   RO         6089    i.uint32_decode     ble_serialization.o
    0x00005264   0x00005264   0x00000012   Code   RO         6090    i.uint32_encode     ble_serialization.o
    0x00005276   0x00005276   0x0000002c   Code   RO         6092    i.uint32_t_enc      ble_serialization.o
    0x000052a2   0x000052a2   0x0000001a   Code   RO         6094    i.uint8_t_dec       ble_serialization.o
    0x000052bc   0x000052bc   0x0000001a   Code   RO         6095    i.uint8_t_enc       ble_serialization.o
    0x000052d6   0x000052d6   0x00000032   Code   RO         6097    i.uint8_vector_enc  ble_serialization.o
    0x00005308   0x00005308   0x000000b4   Code   RO         3022    i.unsigned_print    nrf_fprintf_format.o
    0x000053bc   0x000053bc   0x00000020   Code   RO         1950    i.usr_event         app_button.o
    0x000053dc   0x000053dc   0x0000000c   Data   RO            9    .constdata          ant_io_tx.o
    0x000053e8   0x000053e8   0x00000008   Data   RO          384    .constdata          boards.o
    0x000053f0   0x000053f0   0x0000002c   Data   RO          489    .constdata          bsp.o
    0x0000541c   0x0000541c   0x00000004   Data   RO         1280    .constdata          nrfx_gpiote.o
    0x00005420   0x00005420   0x00000004   Data   RO         1620    .constdata          nrfx_uart.o
    0x00005424   0x00005424   0x00000004   Data   RO         1804    .constdata          nrfx_uarte.o
    0x00005428   0x00005428   0x00000008   Data   RO         1952    .constdata          app_button.o
    0x00005430   0x00005430   0x00000014   Data   RO         2215    .constdata          app_timer2.o
    0x00005444   0x00005444   0x0000000c   PAD
    0x00005450   0x00005450   0x00000006   Data   RO         2496    .constdata          drv_rtc.o
    0x00005456   0x00005456   0x00000010   Data   RO         3023    .constdata          nrf_fprintf_format.o
    0x00005466   0x00005466   0x00000002   PAD
    0x00005468   0x00005468   0x00000018   Data   RO         3140    .constdata          nrf_pwr_mgmt.o
    0x00005480   0x00005480   0x0000000c   Data   RO         3141    .constdata          nrf_pwr_mgmt.o
    0x0000548c   0x0000548c   0x0000013c   Data   RO         3490    .constdata          nrf_strerror.o
    0x000055c8   0x000055c8   0x0000000c   Data   RO         3527    .constdata          nrf_log_backend_rtt.o
    0x000055d4   0x000055d4   0x0000000c   PAD
    0x000055e0   0x000055e0   0x00000006   Data   RO         3528    .constdata          nrf_log_backend_rtt.o
    0x000055e6   0x000055e6   0x00000002   PAD
    0x000055e8   0x000055e8   0x0000000c   Data   RO         3712    .constdata          nrf_log_frontend.o
    0x000055f4   0x000055f4   0x0000000c   PAD
    0x00005600   0x00005600   0x00000006   Data   RO         6278    .constdata          ser_app_hal_nrf5x.o
    0x00005606   0x00005606   0x00000002   PAD
    0x00005608   0x00005608   0x00000058   Data   RO         6563    .constdata          ser_phy_uart.o
    0x00005660   0x00005660   0x00000010   Data   RO         6832    .constdata          nrf_sdh.o
    0x00005670   0x00005670   0x00000028   Data   RO         6833    .constdata          nrf_sdh.o
    0x00005698   0x00005698   0x00000010   Data   RO         6834    .constdata          nrf_sdh.o
    0x000056a8   0x000056a8   0x00000010   Data   RO         6835    .constdata          nrf_sdh.o
    0x000056b8   0x000056b8   0x00000010   Data   RO         6938    .constdata          nrf_sdh_ant.o
    0x000056c8   0x000056c8   0x00000018   Data   RO         6939    .constdata          nrf_sdh_ant.o
    0x000056e0   0x000056e0   0x00000081   Data   RO         7060    .constdata          mc_w.l(ctype_o.o)
    0x00005761   0x00005761   0x00000003   PAD
    0x00005764   0x00005764   0x00000004   Data   RO         7061    .constdata          mc_w.l(ctype_o.o)
    0x00005768   0x00005768   0x00000515   Data   RO         2666    .conststring        hardfault_implementation.o
    0x00005c7d   0x00005c7d   0x00000003   PAD
    0x00005c80   0x00005c80   0x000003eb   Data   RO         3491    .conststring        nrf_strerror.o
    0x0000606b   0x0000606b   0x00000001   PAD
    0x0000606c   0x0000606c   0x0000005d   Data   RO         3879    .conststring        nrf_log_str_formatter.o
    0x000060c9   0x000060c9   0x00000003   PAD
    0x000060cc   0x000060cc   0x00000006   Data   RO          699    .conststrlit        nrf_drv_clock.o
    0x000060d2   0x000060d2   0x00000002   PAD
    0x000060d4   0x000060d4   0x00000006   Data   RO         1111    .conststrlit        nrfx_clock.o
    0x000060da   0x000060da   0x00000002   PAD
    0x000060dc   0x000060dc   0x00000007   Data   RO         1284    .conststrlit        nrfx_gpiote.o
    0x000060e3   0x000060e3   0x00000001   PAD
    0x000060e4   0x000060e4   0x00000004   Data   RO         1543    .conststrlit        nrfx_prs.o
    0x000060e8   0x000060e8   0x00000005   Data   RO         1623    .conststrlit        nrfx_uart.o
    0x000060ed   0x000060ed   0x00000003   PAD
    0x000060f0   0x000060f0   0x00000006   Data   RO         1807    .conststrlit        nrfx_uarte.o
    0x000060f6   0x000060f6   0x00000002   PAD
    0x000060f8   0x000060f8   0x0000000b   Data   RO         1953    .conststrlit        app_button.o
    0x00006103   0x00006103   0x00000001   PAD
    0x00006104   0x00006104   0x0000000a   Data   RO         2216    .conststrlit        app_timer2.o
    0x0000610e   0x0000610e   0x00000002   PAD
    0x00006110   0x00006110   0x0000000a   Data   RO         2667    .conststrlit        hardfault_implementation.o
    0x0000611a   0x0000611a   0x00000002   PAD
    0x0000611c   0x0000611c   0x00000009   Data   RO         3142    .conststrlit        nrf_pwr_mgmt.o
    0x00006125   0x00006125   0x00000003   PAD
    0x00006128   0x00006128   0x00000009   Data   RO         3437    .conststrlit        nrf_sortlist.o
    0x00006131   0x00006131   0x00000003   PAD
    0x00006134   0x00006134   0x00000010   Data   RO         3643    .conststrlit        nrf_log_default_backends.o
    0x00006144   0x00006144   0x00000004   Data   RO         3713    .conststrlit        nrf_log_frontend.o
    0x00006148   0x00006148   0x00000012   Data   RO         6479    .conststrlit        ser_hal_transport.o
    0x0000615a   0x0000615a   0x00000002   PAD
    0x0000615c   0x0000615c   0x00000009   Data   RO         6655    .conststrlit        ser_sd_transport.o
    0x00006165   0x00006165   0x00000003   PAD
    0x00006168   0x00006168   0x00000008   Data   RO         6836    .conststrlit        nrf_sdh.o
    0x00006170   0x00006170   0x0000000c   Data   RO         6940    .conststrlit        nrf_sdh_ant.o
    0x0000617c   0x0000617c   0x00000020   Data   RO         7121    Region$$Table       anon$$obj.o
    0x0000619c   0x0000619c   0x00000010   Data   RO         3645    log_backends        nrf_log_default_backends.o
    0x000061ac   0x000061ac   0x00000008   Data   RO          700    log_const_data      nrf_drv_clock.o
    0x000061b4   0x000061b4   0x00000008   Data   RO         1113    log_const_data      nrfx_clock.o
    0x000061bc   0x000061bc   0x00000008   Data   RO         1285    log_const_data      nrfx_gpiote.o
    0x000061c4   0x000061c4   0x00000008   Data   RO         1545    log_const_data      nrfx_prs.o
    0x000061cc   0x000061cc   0x00000008   Data   RO         1624    log_const_data      nrfx_uart.o
    0x000061d4   0x000061d4   0x00000008   Data   RO         1808    log_const_data      nrfx_uarte.o
    0x000061dc   0x000061dc   0x00000008   Data   RO         1956    log_const_data      app_button.o
    0x000061e4   0x000061e4   0x00000008   Data   RO         2219    log_const_data      app_timer2.o
    0x000061ec   0x000061ec   0x00000008   Data   RO         2669    log_const_data      hardfault_implementation.o
    0x000061f4   0x000061f4   0x00000008   Data   RO         3144    log_const_data      nrf_pwr_mgmt.o
    0x000061fc   0x000061fc   0x00000008   Data   RO         3438    log_const_data      nrf_sortlist.o
    0x00006204   0x00006204   0x00000008   Data   RO         3717    log_const_data      nrf_log_frontend.o
    0x0000620c   0x0000620c   0x00000008   Data   RO         6481    log_const_data      ser_hal_transport.o
    0x00006214   0x00006214   0x00000008   Data   RO         6657    log_const_data      ser_sd_transport.o
    0x0000621c   0x0000621c   0x00000008   Data   RO         6838    log_const_data      nrf_sdh.o
    0x00006224   0x00006224   0x00000008   Data   RO         6942    log_const_data      nrf_sdh_ant.o
    0x0000622c   0x0000622c   0x00000014   Data   RO         3718    nrf_balloc          nrf_log_frontend.o
    0x00006240   0x00006240   0x00000028   Data   RO         6745    nrf_queue           ser_softdevice_handler.o
    0x00006268   0x00006268   0x00000008   Data   RO           11    sdh_ant_observers1  ant_io_tx.o
    0x00006270   0x00006270   0x00000008   Data   RO         6943    sdh_stack_observers0  nrf_sdh_ant.o


    Execution Region RW_IRAM1 (Exec base: 0x20000000, Load base: 0x00006278, Size: 0x00003198, Max: 0x00010000, ABSOLUTE, COMPRESSED[0x00000080])

    Exec Addr    Load Addr    Size         Type   Attr      Idx    E Section Name        Object

    0x20000000   COMPRESSED   0x0000000a   Data   RW           10    .data               ant_io_tx.o
    0x2000000a   COMPRESSED   0x00000002   PAD
    0x2000000c   COMPRESSED   0x00000010   Data   RW          490    .data               bsp.o
    0x2000001c   COMPRESSED   0x00000004   PAD
    0x20000020   COMPRESSED   0x00000020   Data   RW          491    .data               bsp.o
    0x20000040   COMPRESSED   0x00000020   Data   RW          492    .data               bsp.o
    0x20000060   COMPRESSED   0x00000020   Data   RW          493    .data               bsp.o
    0x20000080   COMPRESSED   0x0000000c   Data   RW          822    .data               nrf_drv_uart.o
    0x2000008c   COMPRESSED   0x00000008   Data   RW         1112    .data               nrfx_clock.o
    0x20000094   COMPRESSED   0x00000008   Data   RW         1544    .data               nrfx_prs.o
    0x2000009c   COMPRESSED   0x00000004   PAD
    0x200000a0   COMPRESSED   0x00000018   Data   RW         1954    .data               app_button.o
    0x200000b8   COMPRESSED   0x00000020   Data   RW         1955    .data               app_button.o
    0x200000d8   COMPRESSED   0x00000020   Data   RW         2217    .data               app_timer2.o
    0x200000f8   COMPRESSED   0x00000004   Data   RW         2218    .data               app_timer2.o
    0x200000fc   COMPRESSED   0x00000004   Data   RW         2417    .data               app_util_platform.o
    0x20000100   COMPRESSED   0x0000000c   Data   RW         2497    .data               drv_rtc.o
    0x2000010c   COMPRESSED   0x00000068   Data   RW         2668    .data               hardfault_implementation.o
    0x20000174   COMPRESSED   0x00000008   Data   RW         3143    .data               nrf_pwr_mgmt.o
    0x2000017c   COMPRESSED   0x00000001   Data   RW         3529    .data               nrf_log_backend_rtt.o
    0x2000017d   COMPRESSED   0x00000003   PAD
    0x20000180   COMPRESSED   0x00000008   Data   RW         3644    .data               nrf_log_default_backends.o
    0x20000188   COMPRESSED   0x00000004   Data   RW         3714    .data               nrf_log_frontend.o
    0x2000018c   COMPRESSED   0x00000008   Data   RW         3715    .data               nrf_log_frontend.o
    0x20000194   COMPRESSED   0x00000008   Data   RW         3716    .data               nrf_log_frontend.o
    0x2000019c   COMPRESSED   0x00000040   Data   RW         3880    .data               nrf_log_str_formatter.o
    0x200001dc   COMPRESSED   0x00000004   Data   RW         6279    .data               ser_app_hal_nrf5x.o
    0x200001e0   COMPRESSED   0x00000001   Data   RW         6395    .data               ser_app_power_system_off.o
    0x200001e1   COMPRESSED   0x00000003   PAD
    0x200001e4   COMPRESSED   0x00000008   Data   RW         6480    .data               ser_hal_transport.o
    0x200001ec   COMPRESSED   0x00000014   Data   RW         6564    .data               ser_phy_uart.o
    0x20000200   COMPRESSED   0x00000020   Data   RW         6656    .data               ser_sd_transport.o
    0x20000220   COMPRESSED   0x00000003   Data   RW         6837    .data               nrf_sdh.o
    0x20000223   COMPRESSED   0x00000001   Data   RW         6941    .data               nrf_sdh_ant.o
    0x20000224   COMPRESSED   0x00000004   Data   RW         6989    .data               system_nrf52.o
    0x20000228        -       0x0000000c   Zero   RW          488    .bss                bsp.o
    0x20000234        -       0x00000014   Zero   RW          694    .bss                nrf_drv_clock.o
    0x20000248        -       0x0000005c   Zero   RW         1279    .bss                nrfx_gpiote.o
    0x200002a4        -       0x0000002c   Zero   RW         1618    .bss                nrfx_uart.o
    0x200002d0        -       0x00000024   Zero   RW         1802    .bss                nrfx_uarte.o
    0x200002f4        -       0x00000010   Zero   RW         1951    .bss                app_button.o
    0x20000304        -       0x00000010   Zero   RW         2213    .bss                app_timer2.o
    0x20000314        -       0x00000058   Zero   RW         2214    .bss                app_timer2.o
    0x2000036c        -       0x0000000c   Zero   RW         3139    .bss                nrf_pwr_mgmt.o
    0x20000378        -       0x00000040   Zero   RW         3526    .bss                nrf_log_backend_rtt.o
    0x200003b8        -       0x000000c0   Zero   RW         3708    .bss                nrf_log_frontend.o
    0x20000478        -       0x00000080   Zero   RW         3709    .bss                nrf_log_frontend.o
    0x200004f8        -       0x00000018   Zero   RW         3710    .bss                nrf_log_frontend.o
    0x20000510        -       0x00000420   Zero   RW         3711    .bss                nrf_log_frontend.o
    0x20000930        -       0x00000288   Zero   RW         3956    .bss                segger_rtt.o
    0x20000bb8        -       0x00000400   Zero   RW         6478    .bss                ser_hal_transport.o
    0x20000fb8        -       0x0000000c   Zero   RW         6562    .bss                ser_phy_uart.o
    0x20000fc4        -       0x00000120   Zero   RW         6741    .bss                ser_softdevice_handler.o
    0x200010e4        -       0x0000000c   Zero   RW         6742    .bss                ser_softdevice_handler.o
    0x200010f0        -       0x00000018   Zero   RW         6743    .bss                ser_softdevice_handler.o
    0x20001108        -       0x0000000c   Zero   RW         6744    .bss                ser_softdevice_handler.o
    0x20001114        -       0x00000080   Zero   RW         6937    .bss                nrf_sdh_ant.o
    0x20001194   COMPRESSED   0x00000004   PAD
    0x20001198        -       0x00002000   Zero   RW         6975    STACK               arm_startup_nrf52.o


==============================================================================

Image component sizes


      Code (inc. data)   RO Data    RW Data    ZI Data      Debug   Object Name

         0          0          0          0          0        732   ant_acknowledge_message_tx.o
       128          0          0          0          0       3202   ant_broadcast_message_tx.o
        54          0          0          0          0       3130   ant_channel_assign.o
        72          0          0          0          0       2963   ant_channel_config.o
        58          0          0          0          0      40260   ant_channel_id_set.o
        50          0          0          0          0       3314   ant_channel_open_with_offset.o
        50          0          0          0          0       3250   ant_channel_period_set.o
        46          0          0          0          0       3130   ant_channel_radio_freq_set.o
        72          6          0          0          0       2890   ant_enable.o
        56          0          0          0          0       2004   ant_event.o
       328         24         20         10          0      87826   ant_io_tx.o
       176          0          0          0          0       3273   ant_struct_serialization.o
       656         68         27         56         16      18514   app_button.o
        22          0          0          0          0       2701   app_error.o
       132         46          0          0          0      34202   app_error_weak.o
       596         34          0          0          0      16552   app_mw_ant.o
      1018         90         38         36        104      17969   app_timer2.o
        44         10          0          4          0       3672   app_util_platform.o
        36          8        512          0       8192        976   arm_startup_nrf52.o
       308          0          0          0          0      46661   ble_serialization.o
       346         34          8          0          0      13997   boards.o
       910         80         44        112         12      18763   bsp.o
        62          0          0          0          0       1909   cond_field_serialization.o
       704         76          6         12          0      49757   drv_rtc.o
        52         14          0          0          0        676   hardfault_handler_keil.o
       508        276       1319        104          0       4052   hardfault_implementation.o
       152         38          0          0          0      10167   main.o
       326          0          0          0          0       6339   nrf_atfifo.o
       294          0          0          0          0       8423   nrf_atomic.o
       152          0          0          0          0       3796   nrf_balloc.o
       354         44         14          0         20      15849   nrf_drv_clock.o
       200         26          0         12          0      18384   nrf_drv_uart.o
        50          0          0          0          0       3757   nrf_fprintf.o
       866          4         16          0          0       6838   nrf_fprintf_format.o
       112         18         18          1         64       6649   nrf_log_backend_rtt.o
       194          0          0          0          0      11157   nrf_log_backend_serial.o
        28          4         32          8          0       3513   nrf_log_default_backends.o
      1490        130         44         20       1400      32490   nrf_log_frontend.o
       570        108         93         64          0       6000   nrf_log_str_formatter.o
       346          0          0          0          0       8603   nrf_memobj.o
        92         18         53          8         12      44150   nrf_pwr_mgmt.o
       424          0          0          0          0      14457   nrf_queue.o
        28          0          0          0          0       2539   nrf_ringbuf.o
       298         66        104          3          0      39245   nrf_sdh.o
       200         60         68          1        128       3701   nrf_sdh_ant.o
        78          0          0          0          0       3016   nrf_section_iter.o
         6          0          0          0          0       2162   nrf_soc.o
        84          0         17          0          0       4449   nrf_sortlist.o
        76         10       1319          0          0       2963   nrf_strerror.o
       292         34         14          8          0      48822   nrfx_clock.o
      1268        106         19          0         92      67353   nrfx_gpiote.o
        84         16         12          8          0       4009   nrfx_prs.o
      1368         38         17          0         44      31857   nrfx_uart.o
      1290         36         18          0         36      26363   nrfx_uarte.o
       378         34          0          0        648       9578   segger_rtt.o
       158         18          6          4          0      40452   ser_app_hal_nrf5x.o
        24         10          0          1          0       1888   ser_app_power_system_off.o
       756         66         26          8       1024      11800   ser_hal_transport.o
       660         84         88         20         12      46362   ser_phy_uart.o
       338         34         17         32          0       9884   ser_sd_transport.o
       288         34         40          0        336      18240   ser_softdevice_handler.o
       640         60          0          4          0      31597   system_nrf52.o

    ----------------------------------------------------------------------
     20508       1862       4116        552      12144     993227   Object Totals
         0          0         32          0          0          0   (incl. Generated)
        60          0         75         16          4          0   (incl. Padding)

    ----------------------------------------------------------------------

      Code (inc. data)   RO Data    RW Data    ZI Data      Debug   Library Member Name

        86          0          0          0          0          0   __dczerorl2.o
         8          4        133          0          0         68   ctype_o.o
         0          0          0          0          0          0   entry.o
         0          0          0          0          0          0   entry10a.o
         0          0          0          0          0          0   entry11a.o
         4          0          0          0          0          0   entry12b.o
         8          4          0          0          0          0   entry2.o
         4          0          0          0          0          0   entry5.o
         0          0          0          0          0          0   entry7b.o
         0          0          0          0          0          0   entry8b.o
         8          4          0          0          0          0   entry9a.o
        30          0          0          0          0          0   handlers.o
        36          8          0          0          0         68   init.o
        30          0          0          0          0         68   llshl.o
        32          0          0          0          0         68   llushr.o
        36          0          0          0          0         68   memcpya.o
        36          0          0          0          0        108   memseta.o
        18          0          0          0          0         68   strcpy.o
        14          0          0          0          0         68   strlen.o
        98          0          0          0          0         92   uldiv.o

    ----------------------------------------------------------------------
       448         20        136          0          0        676   Library Totals
         0          0          3          0          0          0   (incl. Padding)

    ----------------------------------------------------------------------

      Code (inc. data)   RO Data    RW Data    ZI Data      Debug   Library Name

       448         20        133          0          0        676   mc_w.l

    ----------------------------------------------------------------------
       448         20        136          0          0        676   Library Totals

    ----------------------------------------------------------------------

==============================================================================


      Code (inc. data)   RO Data    RW Data    ZI Data      Debug   

     20956       1882       4252        552      12144     961979   Grand Totals
     20956       1882       4252        128      12144     961979   ELF Image Totals (compressed)
     20956       1882       4252        128          0          0   ROM Totals

==============================================================================

    Total RO  Size (Code + RO Data)                25208 (  24.62kB)
    Total RW  Size (RW Data + ZI Data)             12696 (  12.40kB)
    Total ROM Size (Code + RO Data + RW Data)      25336 (  24.74kB)

==============================================================================

