Component: ARM Compiler 5.06 update 7 (build 960) Tool: armlink [4d3601]

==============================================================================

Section Cross References

    ant_io_rx.o(i.ant_evt_handler) refers to ant_io_rx.o(i.led_state_set) for led_state_set
    ant_io_rx.o(i.ant_evt_handler) refers to ant_io_rx.o(i.handle_transmit) for handle_transmit
    ant_io_rx.o(i.ant_evt_handler) refers to ant_io_rx.o(.data) for .data
    ant_io_rx.o(i.ant_io_rx_setup) refers to ant_channel_config.o(i.ant_channel_init) for ant_channel_init
    ant_io_rx.o(i.ant_io_rx_setup) refers to app_error.o(i.app_error_handler_bare) for app_error_handler_bare
    ant_io_rx.o(i.ant_io_rx_setup) refers to ant_search_config.o(i.ant_search_init) for ant_search_init
    ant_io_rx.o(i.ant_io_rx_setup) refers to app_mw_ant.o(i.sd_ant_channel_open_with_offset) for sd_ant_channel_open_with_offset
    ant_io_rx.o(i.ant_io_rx_setup) refers to ant_io_rx.o(.constdata) for .constdata
    ant_io_rx.o(i.button_state_encode) refers to bsp.o(i.bsp_button_is_pressed) for bsp_button_is_pressed
    ant_io_rx.o(i.button_state_encode) refers to ant_io_rx.o(.data) for .data
    ant_io_rx.o(i.handle_transmit) refers to ant_io_rx.o(i.button_state_encode) for button_state_encode
    ant_io_rx.o(i.handle_transmit) refers to app_mw_ant.o(i.sd_ant_broadcast_message_tx) for sd_ant_broadcast_message_tx
    ant_io_rx.o(i.handle_transmit) refers to app_error.o(i.app_error_handler_bare) for app_error_handler_bare
    ant_io_rx.o(i.handle_transmit) refers to ant_io_rx.o(.data) for .data
    ant_io_rx.o(i.led_state_set) refers to boards.o(i.bsp_board_led_on) for bsp_board_led_on
    ant_io_rx.o(i.led_state_set) refers to boards.o(i.bsp_board_led_off) for bsp_board_led_off
    ant_io_rx.o(i.led_state_set) refers to ant_io_rx.o(.data) for .data
    ant_io_rx.o(sdh_ant_observers1) refers to ant_io_rx.o(i.ant_evt_handler) for ant_evt_handler
    main.o(i.main) refers to nrf_log_frontend.o(i.nrf_log_init) for nrf_log_init
    main.o(i.main) refers to app_error.o(i.app_error_handler_bare) for app_error_handler_bare
    main.o(i.main) refers to nrf_log_default_backends.o(i.nrf_log_default_backends_init) for nrf_log_default_backends_init
    main.o(i.main) refers to app_timer2.o(i.app_timer_init) for app_timer_init
    main.o(i.main) refers to bsp.o(i.bsp_init) for bsp_init
    main.o(i.main) refers to nrf_pwr_mgmt.o(i.nrf_pwr_mgmt_init) for nrf_pwr_mgmt_init
    main.o(i.main) refers to nrf_sdh.o(i.nrf_sdh_enable_request) for nrf_sdh_enable_request
    main.o(i.main) refers to nrf_sdh_ant.o(i.nrf_sdh_ant_enable) for nrf_sdh_ant_enable
    main.o(i.main) refers to ant_io_rx.o(i.ant_io_rx_setup) for ant_io_rx_setup
    main.o(i.main) refers to nrf_log_frontend.o(i.nrf_log_frontend_std_0) for nrf_log_frontend_std_0
    main.o(i.main) refers to nrf_log_frontend.o(i.nrf_log_frontend_dequeue) for nrf_log_frontend_dequeue
    main.o(i.main) refers to nrf_pwr_mgmt.o(i.nrf_pwr_mgmt_run) for nrf_pwr_mgmt_run
    main.o(i.main) refers to nrf_log_frontend.o(log_const_data) for m_nrf_log_app_logs_data_const
    boards.o(i.bsp_board_button_idx_to_pin) refers to boards.o(.constdata) for .constdata
    boards.o(i.bsp_board_button_state_get) refers to boards.o(.constdata) for .constdata
    boards.o(i.bsp_board_init) refers to boards.o(i.nrf_gpio_cfg) for nrf_gpio_cfg
    boards.o(i.bsp_board_init) refers to boards.o(i.bsp_board_leds_off) for bsp_board_leds_off
    boards.o(i.bsp_board_init) refers to boards.o(.constdata) for .constdata
    boards.o(i.bsp_board_led_idx_to_pin) refers to boards.o(.constdata) for .constdata
    boards.o(i.bsp_board_led_invert) refers to boards.o(.constdata) for .constdata
    boards.o(i.bsp_board_led_off) refers to boards.o(i.nrf_gpio_pin_write) for nrf_gpio_pin_write
    boards.o(i.bsp_board_led_off) refers to boards.o(.constdata) for .constdata
    boards.o(i.bsp_board_led_on) refers to boards.o(i.nrf_gpio_pin_write) for nrf_gpio_pin_write
    boards.o(i.bsp_board_led_on) refers to boards.o(.constdata) for .constdata
    boards.o(i.bsp_board_led_state_get) refers to boards.o(.constdata) for .constdata
    boards.o(i.bsp_board_leds_off) refers to boards.o(i.bsp_board_led_off) for bsp_board_led_off
    boards.o(i.bsp_board_leds_on) refers to boards.o(i.bsp_board_led_on) for bsp_board_led_on
    boards.o(i.bsp_board_pin_to_button_idx) refers to boards.o(.constdata) for .constdata
    boards.o(i.bsp_board_pin_to_led_idx) refers to boards.o(.constdata) for .constdata
    bsp.o(i.alert_timer_handler) refers to boards.o(i.bsp_board_led_invert) for bsp_board_led_invert
    bsp.o(i.bsp_button_event_handler) refers to boards.o(i.bsp_board_pin_to_button_idx) for bsp_board_pin_to_button_idx
    bsp.o(i.bsp_button_event_handler) refers to app_timer2.o(i.app_timer_start) for app_timer_start
    bsp.o(i.bsp_button_event_handler) refers to app_timer2.o(i.app_timer_stop) for app_timer_stop
[...]
    __scatterload_copy                       0x00000d1b   Thumb Code    14  handlers.o(i.__scatterload_copy)
    __scatterload_null                       0x00000d29   Thumb Code     2  handlers.o(i.__scatterload_null)
    __scatterload_zeroinit                   0x00000d2b   Thumb Code    14  handlers.o(i.__scatterload_zeroinit)
    ant_active_search_sharing_cycles_set_req_enc 0x00000d51   Thumb Code    38  ant_active_search_sharing_cycles_set.o(i.ant_active_search_sharing_cycles_set_req_enc)
    ant_active_search_sharing_cycles_set_rsp_dec 0x00000d77   Thumb Code     8  ant_active_search_sharing_cycles_set.o(i.ant_active_search_sharing_cycles_set_rsp_dec)
    ant_broadcast_message_tx_req_enc         0x00000d7f   Thumb Code   120  ant_broadcast_message_tx.o(i.ant_broadcast_message_tx_req_enc)
    ant_broadcast_message_tx_rsp_dec         0x00000df7   Thumb Code     8  ant_broadcast_message_tx.o(i.ant_broadcast_message_tx_rsp_dec)
    ant_channel_assign_req_enc               0x00000dff   Thumb Code    46  ant_channel_assign.o(i.ant_channel_assign_req_enc)
    ant_channel_assign_rsp_dec               0x00000e2d   Thumb Code     8  ant_channel_assign.o(i.ant_channel_assign_rsp_dec)
    ant_channel_id_set_req_enc               0x00000e35   Thumb Code    50  ant_channel_id_set.o(i.ant_channel_id_set_req_enc)
    ant_channel_id_set_rsp_dec               0x00000e67   Thumb Code     8  ant_channel_id_set.o(i.ant_channel_id_set_rsp_dec)
    ant_channel_init                         0x00000e6f   Thumb Code    72  ant_channel_config.o(i.ant_channel_init)
    ant_channel_low_priority_rx_search_timeout_set_req_enc 0x00000eb7   Thumb Code    38  ant_channel_low_priority_rx_search_timeout_set.o(i.ant_channel_low_priority_rx_search_timeout_set_req_enc)
    ant_channel_low_priority_rx_search_timeout_set_rsp_dec 0x00000edd   Thumb Code     8  ant_channel_low_priority_rx_search_timeout_set.o(i.ant_channel_low_priority_rx_search_timeout_set_rsp_dec)
    ant_channel_open_with_offset_req_enc     0x00000ee5   Thumb Code    42  ant_channel_open_with_offset.o(i.ant_channel_open_with_offset_req_enc)
    ant_channel_open_with_offset_rsp_dec     0x00000f0f   Thumb Code     8  ant_channel_open_with_offset.o(i.ant_channel_open_with_offset_rsp_dec)
    ant_channel_period_set_req_enc           0x00000f17   Thumb Code    42  ant_channel_period_set.o(i.ant_channel_period_set_req_enc)
    ant_channel_period_set_rsp_dec           0x00000f41   Thumb Code     8  ant_channel_period_set.o(i.ant_channel_period_set_rsp_dec)
    ant_channel_radio_freq_set_req_enc       0x00000f49   Thumb Code    38  ant_channel_radio_freq_set.o(i.ant_channel_radio_freq_set_req_enc)
    ant_channel_radio_freq_set_rsp_dec       0x00000f6f   Thumb Code     8  ant_channel_radio_freq_set.o(i.ant_channel_radio_freq_set_rsp_dec)
    ant_channel_rx_search_timeout_set_req_enc 0x00000f77   Thumb Code    38  ant_channel_rx_search_timeout_set.o(i.ant_channel_rx_search_timeout_set_req_enc)
    ant_channel_rx_search_timeout_set_rsp_dec 0x00000f9d   Thumb Code     8  ant_channel_rx_search_timeout_set.o(i.ant_channel_rx_search_timeout_set_rsp_dec)
    ant_enable_req_enc                       0x00000fa5   Thumb Code    58  ant_enable.o(i.ant_enable_req_enc)
    ant_enable_rsp_dec                       0x00000fe5   Thumb Code     8  ant_enable.o(i.ant_enable_rsp_dec)
    ant_event_dec                            0x00000fed   Thumb Code    56  ant_event.o(i.ant_event_dec)
    ant_evt_t_dec                            0x00001051   Thumb Code    78  ant_struct_serialization.o(i.ant_evt_t_dec)
    ant_io_rx_setup                          0x000010a1   Thumb Code    74  ant_io_rx.o(i.ant_io_rx_setup)
    ant_search_channel_priority_set_req_enc  0x000010f1   Thumb Code    38  ant_search_channel_priority_set.o(i.ant_search_channel_priority_set_req_enc)
    ant_search_channel_priority_set_rsp_dec  0x00001117   Thumb Code     8  ant_search_channel_priority_set.o(i.ant_search_channel_priority_set_rsp_dec)
    ant_search_init                          0x0000111f   Thumb Code    76  ant_search_config.o(i.ant_search_init)
    ant_search_waveform_set_req_enc          0x0000116b   Thumb Code    42  ant_search_waveform_set.o(i.ant_search_waveform_set_req_enc)
    ant_search_waveform_set_rsp_dec          0x00001195   Thumb Code     8  ant_search_waveform_set.o(i.ant_search_waveform_set_rsp_dec)
    app_button_enable                        0x0000119d   Thumb Code    32  app_button.o(i.app_button_enable)
    app_button_init                          0x000011c1   Thumb Code   106  app_button.o(i.app_button_init)
    app_error_fault_handler                  0x00001241   Thumb Code    86  app_error_weak.o(i.app_error_fault_handler)
    app_error_handler_bare                   0x000012c5   Thumb Code    22  app_error.o(i.app_error_handler_bare)
    app_timer_cnt_get                        0x000012dd   Thumb Code     6  app_timer2.o(i.app_timer_cnt_get)
    app_timer_create                         0x000012e9   Thumb Code    32  app_timer2.o(i.app_timer_create)
    app_timer_init                           0x00001309   Thumb Code    70  app_timer2.o(i.app_timer_init)
    app_timer_start                          0x00001365   Thumb Code    76  app_timer2.o(i.app_timer_start)
    app_timer_stop                           0x000013b1   Thumb Code    58  app_timer2.o(i.app_timer_stop)
    app_util_critical_region_enter           0x000013eb   Thumb Code     4  app_util_platform.o(i.app_util_critical_region_enter)
    app_util_critical_region_exit            0x000013ef   Thumb Code     4  app_util_platform.o(i.app_util_critical_region_exit)
    app_util_disable_irq                     0x000013f5   Thumb Code    12  app_util_platform.o(i.app_util_disable_irq)
    app_util_enable_irq                      0x00001405   Thumb Code    14  app_util_platform.o(i.app_util_enable_irq)
    bsp_board_button_state_get               0x0000153d   Thumb Code    28  boards.o(i.bsp_board_button_state_get)
    bsp_board_init                           0x0000155d   Thumb Code    80  boards.o(i.bsp_board_init)
    bsp_board_led_invert                     0x000015b1   Thumb Code    32  boards.o(i.bsp_board_led_invert)
    bsp_board_led_off                        0x000015d5   Thumb Code    10  boards.o(i.bsp_board_led_off)
    bsp_board_led_on                         0x000015e5   Thumb Code    10  boards.o(i.bsp_board_led_on)
    bsp_board_led_state_get                  0x000015f5   Thumb Code    28  boards.o(i.bsp_board_led_state_get)
    bsp_board_leds_off                       0x00001615   Thumb Code    18  boards.o(i.bsp_board_leds_off)
    bsp_board_leds_on                        0x00001627   Thumb Code    18  boards.o(i.bsp_board_leds_on)
    bsp_board_pin_to_button_idx              0x00001639   Thumb Code    30  boards.o(i.bsp_board_pin_to_button_idx)
    bsp_button_is_pressed                    0x000016ed   Thumb Code    12  bsp.o(i.bsp_button_is_pressed)
    bsp_event_to_button_action_assign        0x000016f9   Thumb Code    64  bsp.o(i.bsp_event_to_button_action_assign)
    bsp_init                                 0x0000173d   Thumb Code   128  bsp.o(i.bsp_init)
    buffer_is_empty                          0x00001a55   Thumb Code    18  nrf_log_frontend.o(i.buffer_is_empty)
    cond_field_enc                           0x00001c3d   Thumb Code    62  cond_field_serialization.o(i.cond_field_enc)
    drv_rtc_compare_disable                  0x00001cd9   Thumb Code    20  drv_rtc.o(i.drv_rtc_compare_disable)
    drv_rtc_compare_pending                  0x00001ced   Thumb Code    14  drv_rtc.o(i.drv_rtc_compare_pending)
    drv_rtc_compare_set                      0x00001cfb   Thumb Code    80  drv_rtc.o(i.drv_rtc_compare_set)
    drv_rtc_counter_get                      0x00001d4b   Thumb Code     8  drv_rtc.o(i.drv_rtc_counter_get)
    drv_rtc_init                             0x00001d55   Thumb Code   148  drv_rtc.o(i.drv_rtc_init)
    drv_rtc_irq_trigger                      0x00001e2d   Thumb Code    30  drv_rtc.o(i.drv_rtc_irq_trigger)
    drv_rtc_overflow_enable                  0x00001e4b   Thumb Code     8  drv_rtc.o(i.drv_rtc_overflow_enable)
    drv_rtc_overflow_pending                 0x00001e53   Thumb Code     8  drv_rtc.o(i.drv_rtc_overflow_pending)
    drv_rtc_start                            0x00001e5b   Thumb Code     8  drv_rtc.o(i.drv_rtc_start)
    drv_rtc_stop                             0x00001e63   Thumb Code     8  drv_rtc.o(i.drv_rtc_stop)
    drv_rtc_windowed_compare_set             0x00001e6b   Thumb Code   222  drv_rtc.o(i.drv_rtc_windowed_compare_set)
    evt_handle                               0x00001f6d   Thumb Code   206  app_button.o(i.evt_handle)
    log_pending_hook                         0x00002321   Thumb Code     2  nrf_log_frontend.o(i.log_pending_hook)
    main                                     0x000023c9   Thumb Code   114  main.o(i.main)
    nrf_atfifo_init                          0x00002511   Thumb Code    38  nrf_atfifo.o(i.nrf_atfifo_init)
    nrf_atfifo_item_alloc                    0x00002537   Thumb Code    22  nrf_atfifo.o(i.nrf_atfifo_item_alloc)
    nrf_atfifo_item_free                     0x0000254d   Thumb Code    22  nrf_atfifo.o(i.nrf_atfifo_item_free)
    nrf_atfifo_item_get                      0x00002563   Thumb Code    22  nrf_atfifo.o(i.nrf_atfifo_item_get)
    nrf_atfifo_item_put                      0x00002579   Thumb Code    22  nrf_atfifo.o(i.nrf_atfifo_item_put)
    nrf_atomic_flag_clear_fetch              0x0000258f   Thumb Code     6  nrf_atomic.o(i.nrf_atomic_flag_clear_fetch)
    nrf_atomic_flag_set                      0x00002595   Thumb Code     6  nrf_atomic.o(i.nrf_atomic_flag_set)
    nrf_atomic_u32_add                       0x0000259b   Thumb Code    12  nrf_atomic.o(i.nrf_atomic_u32_add)
    nrf_atomic_u32_fetch_and                 0x000025a7   Thumb Code    10  nrf_atomic.o(i.nrf_atomic_u32_fetch_and)
    nrf_atomic_u32_fetch_store               0x000025b1   Thumb Code    10  nrf_atomic.o(i.nrf_atomic_u32_fetch_store)
    nrf_atomic_u32_or                        0x000025bb   Thumb Code    12  nrf_atomic.o(i.nrf_atomic_u32_or)
    nrf_atomic_u32_sub                       0x000025c7   Thumb Code    12  nrf_atomic.o(i.nrf_atomic_u32_sub)
    nrf_balloc_alloc                         0x000025d3   Thumb Code    62  nrf_balloc.o(i.nrf_balloc_alloc)
    nrf_balloc_free                          0x00002611   Thumb Code    42  nrf_balloc.o(i.nrf_balloc_free)
    nrf_balloc_init                          0x0000263b   Thumb Code    48  nrf_balloc.o(i.nrf_balloc_init)
    nrf_drv_clock_hfclk_is_running           0x00002699   Thumb Code    22  nrf_drv_clock.o(i.nrf_drv_clock_hfclk_is_running)
    nrf_drv_clock_hfclk_request              0x000026b5   Thumb Code    68  nrf_drv_clock.o(i.nrf_drv_clock_hfclk_request)
    nrf_drv_clock_init                       0x000026fd   Thumb Code    50  nrf_drv_clock.o(i.nrf_drv_clock_init)
    nrf_drv_clock_lfclk_is_running           0x00002739   Thumb Code    10  nrf_drv_clock.o(i.nrf_drv_clock_lfclk_is_running)
    nrf_drv_clock_lfclk_request              0x00002749   Thumb Code    68  nrf_drv_clock.o(i.nrf_drv_clock_lfclk_request)
    nrf_drv_uart_init                        0x00002791   Thumb Code    90  nrf_drv_uart.o(i.nrf_drv_uart_init)
    nrf_fprintf                              0x00002839   Thumb Code    26  nrf_fprintf.o(i.nrf_fprintf)
    nrf_fprintf_buffer_flush                 0x00002853   Thumb Code    24  nrf_fprintf.o(i.nrf_fprintf_buffer_flush)
    nrf_fprintf_fmt                          0x0000286b   Thumb Code   474  nrf_fprintf_format.o(i.nrf_fprintf_fmt)
    nrf_log_backend_add                      0x00002bc9   Thumb Code    86  nrf_log_frontend.o(i.nrf_log_backend_add)
    nrf_log_backend_rtt_init                 0x00002c27   Thumb Code     4  nrf_log_backend_rtt.o(i.nrf_log_backend_rtt_init)
    nrf_log_backend_serial_put               0x00002c45   Thumb Code   194  nrf_log_backend_serial.o(i.nrf_log_backend_serial_put)
    nrf_log_color_id_get                     0x00002d09   Thumb Code    42  nrf_log_frontend.o(i.nrf_log_color_id_get)
    nrf_log_default_backends_init            0x00002d39   Thumb Code    24  nrf_log_default_backends.o(i.nrf_log_default_backends_init)
    nrf_log_frontend_dequeue                 0x00002d55   Thumb Code   518  nrf_log_frontend.o(i.nrf_log_frontend_dequeue)
    nrf_log_frontend_std_0                   0x00002f85   Thumb Code     8  nrf_log_frontend.o(i.nrf_log_frontend_std_0)
    nrf_log_frontend_std_1                   0x00002f8d   Thumb Code    14  nrf_log_frontend.o(i.nrf_log_frontend_std_1)
    nrf_log_frontend_std_3                   0x00002f9b   Thumb Code    18  nrf_log_frontend.o(i.nrf_log_frontend_std_3)
    nrf_log_frontend_std_4                   0x00002fad   Thumb Code    20  nrf_log_frontend.o(i.nrf_log_frontend_std_4)
    nrf_log_hexdump_entry_process            0x00002fc1   Thumb Code   150  nrf_log_str_formatter.o(i.nrf_log_hexdump_entry_process)
    nrf_log_init                             0x00003071   Thumb Code    28  nrf_log_frontend.o(i.nrf_log_init)
    nrf_log_module_cnt_get                   0x00003099   Thumb Code    10  nrf_log_frontend.o(i.nrf_log_module_cnt_get)
    nrf_log_module_name_get                  0x000030ad   Thumb Code    24  nrf_log_frontend.o(i.nrf_log_module_name_get)
    nrf_log_panic                            0x000030c9   Thumb Code    36  nrf_log_frontend.o(i.nrf_log_panic)
    nrf_log_std_entry_process                0x000030f1   Thumb Code   182  nrf_log_str_formatter.o(i.nrf_log_std_entry_process)
    nrf_memobj_alloc                         0x000031a7   Thumb Code    96  nrf_memobj.o(i.nrf_memobj_alloc)
    nrf_memobj_free                          0x00003207   Thumb Code    50  nrf_memobj.o(i.nrf_memobj_free)
    nrf_memobj_get                           0x00003239   Thumb Code     8  nrf_memobj.o(i.nrf_memobj_get)
    nrf_memobj_pool_init                     0x00003241   Thumb Code     4  nrf_memobj.o(i.nrf_memobj_pool_init)
    nrf_memobj_put                           0x00003245   Thumb Code    30  nrf_memobj.o(i.nrf_memobj_put)
    nrf_memobj_read                          0x00003263   Thumb Code    16  nrf_memobj.o(i.nrf_memobj_read)
    nrf_memobj_write                         0x00003273   Thumb Code    16  nrf_memobj.o(i.nrf_memobj_write)
    nrf_pwr_mgmt_init                        0x00003285   Thumb Code    28  nrf_pwr_mgmt.o(i.nrf_pwr_mgmt_init)
    nrf_pwr_mgmt_run                         0x000032ad   Thumb Code    46  nrf_pwr_mgmt.o(i.nrf_pwr_mgmt_run)
    nrf_queue_generic_pop                    0x000032e1   Thumb Code   136  nrf_queue.o(i.nrf_queue_generic_pop)
    nrf_queue_is_empty                       0x00003369   Thumb Code    18  nrf_queue.o(i.nrf_queue_is_empty)
    nrf_queue_is_full                        0x0000337b   Thumb Code    30  nrf_queue.o(i.nrf_queue_is_full)
    nrf_queue_push                           0x000033a7   Thumb Code   172  nrf_queue.o(i.nrf_queue_push)
    nrf_queue_reset                          0x00003453   Thumb Code    30  nrf_queue.o(i.nrf_queue_reset)
    nrf_ringbuf_init                         0x00003471   Thumb Code    28  nrf_ringbuf.o(i.nrf_ringbuf_init)
    nrf_sdh_ant_enable                       0x00003499   Thumb Code    58  nrf_sdh_ant.o(i.nrf_sdh_ant_enable)
    nrf_sdh_enable_request                   0x00003561   Thumb Code   100  nrf_sdh.o(i.nrf_sdh_enable_request)
    nrf_sdh_evts_poll                        0x000035f9   Thumb Code    32  nrf_sdh.o(i.nrf_sdh_evts_poll)
    nrf_section_iter_init                    0x0000361d   Thumb Code    10  nrf_section_iter.o(i.nrf_section_iter_init)
    nrf_section_iter_next                    0x0000364b   Thumb Code    32  nrf_section_iter.o(i.nrf_section_iter_next)
    nrf_sortlist_add                         0x0000366b   Thumb Code    34  nrf_sortlist.o(i.nrf_sortlist_add)
    nrf_sortlist_peek                        0x0000368d   Thumb Code     6  nrf_sortlist.o(i.nrf_sortlist_peek)
    nrf_sortlist_pop                         0x00003693   Thumb Code    14  nrf_sortlist.o(i.nrf_sortlist_pop)
    nrf_sortlist_remove                      0x000036a1   Thumb Code    30  nrf_sortlist.o(i.nrf_sortlist_remove)
    nrf_strerror_find                        0x000036c1   Thumb Code    52  nrf_strerror.o(i.nrf_strerror_find)
    nrf_strerror_get                         0x000036f9   Thumb Code    14  nrf_strerror.o(i.nrf_strerror_get)
    nrfx_clock_enable                        0x00003755   Thumb Code    34  nrfx_clock.o(i.nrfx_clock_enable)
    nrfx_clock_hfclk_start                   0x00003781   Thumb Code    22  nrfx_clock.o(i.nrfx_clock_hfclk_start)
    nrfx_clock_init                          0x00003799   Thumb Code    26  nrfx_clock.o(i.nrfx_clock_init)
    nrfx_clock_lfclk_start                   0x000037b9   Thumb Code    64  nrfx_clock.o(i.nrfx_clock_lfclk_start)
    nrfx_gpiote_in_event_enable              0x00003815   Thumb Code   152  nrfx_gpiote.o(i.nrfx_gpiote_in_event_enable)
    nrfx_gpiote_in_init                      0x000038b5   Thumb Code   190  nrfx_gpiote.o(i.nrfx_gpiote_in_init)
    nrfx_gpiote_in_is_set                    0x00003981   Thumb Code    20  nrfx_gpiote.o(i.nrfx_gpiote_in_is_set)
    nrfx_gpiote_init                         0x00003995   Thumb Code   102  nrfx_gpiote.o(i.nrfx_gpiote_init)
    nrfx_gpiote_is_init                      0x00003a09   Thumb Code    14  nrfx_gpiote.o(i.nrfx_gpiote_is_init)
    nrfx_prs_acquire                         0x00003a2d   Thumb Code    48  nrfx_prs.o(i.nrfx_prs_acquire)
    nrfx_uart_0_irq_handler                  0x00003a5d   Thumb Code     8  nrfx_uart.o(i.nrfx_uart_0_irq_handler)
    nrfx_uart_init                           0x00003a6d   Thumb Code   200  nrfx_uart.o(i.nrfx_uart_init)
    nrfx_uart_rx                             0x00003b41   Thumb Code   230  nrfx_uart.o(i.nrfx_uart_rx)
    nrfx_uart_tx                             0x00003c2d   Thumb Code   162  nrfx_uart.o(i.nrfx_uart_tx)
    nrfx_uart_tx_in_progress                 0x00003cd5   Thumb Code    26  nrfx_uart.o(i.nrfx_uart_tx_in_progress)
    nrfx_uarte_0_irq_handler                 0x00003cf5   Thumb Code     8  nrfx_uarte.o(i.nrfx_uarte_0_irq_handler)
    nrfx_uarte_init                          0x00003d05   Thumb Code   100  nrfx_uarte.o(i.nrfx_uarte_init)
    nrfx_uarte_rx                            0x00003d71   Thumb Code   256  nrfx_uarte.o(i.nrfx_uarte_rx)
    nrfx_uarte_tx                            0x00003e75   Thumb Code   166  nrfx_uarte.o(i.nrfx_uarte_tx)
    nrfx_uarte_tx_in_progress                0x00003f21   Thumb Code    22  nrfx_uarte.o(i.nrfx_uarte_tx_in_progress)
    os_rsp_set_handler                       0x00003f3d   Thumb Code     2  ser_softdevice_handler.o(i.os_rsp_set_handler)
    sd_ant_active_search_sharing_cycles_set  0x000044fd   Thumb Code    52  app_mw_ant.o(i.sd_ant_active_search_sharing_cycles_set)
    sd_ant_broadcast_message_tx              0x00004535   Thumb Code    58  app_mw_ant.o(i.sd_ant_broadcast_message_tx)
    sd_ant_channel_assign                    0x00004575   Thumb Code    70  app_mw_ant.o(i.sd_ant_channel_assign)
    sd_ant_channel_id_set                    0x000045c1   Thumb Code    70  app_mw_ant.o(i.sd_ant_channel_id_set)
    sd_ant_channel_low_priority_rx_search_timeout_set 0x0000460d   Thumb Code    52  app_mw_ant.o(i.sd_ant_channel_low_priority_rx_search_timeout_set)
    sd_ant_channel_open_with_offset          0x00004645   Thumb Code    52  app_mw_ant.o(i.sd_ant_channel_open_with_offset)
    sd_ant_channel_period_set                0x0000467d   Thumb Code    52  app_mw_ant.o(i.sd_ant_channel_period_set)
    sd_ant_channel_radio_freq_set            0x000046b5   Thumb Code    52  app_mw_ant.o(i.sd_ant_channel_radio_freq_set)
    sd_ant_channel_search_timeout_set        0x000046ed   Thumb Code    52  app_mw_ant.o(i.sd_ant_channel_search_timeout_set)
    sd_ant_enable                            0x00004725   Thumb Code    48  app_mw_ant.o(i.sd_ant_enable)
    sd_ant_event_get                         0x00004759   Thumb Code    66  ser_softdevice_handler.o(i.sd_ant_event_get)
    sd_ant_search_channel_priority_set       0x000047a1   Thumb Code    52  app_mw_ant.o(i.sd_ant_search_channel_priority_set)
    sd_ant_search_waveform_set               0x000047d9   Thumb Code    52  app_mw_ant.o(i.sd_ant_search_waveform_set)
    sd_app_evt_wait                          0x00004811   Thumb Code     6  nrf_soc.o(i.sd_app_evt_wait)
    sd_softdevice_enable                     0x00004819   Thumb Code    76  ser_softdevice_handler.o(i.sd_softdevice_enable)
    ser_app_hal_delay                        0x000048f9   Thumb Code    28  ser_app_hal_nrf5x.o(i.ser_app_hal_delay)
    ser_app_hal_hw_init                      0x00004919   Thumb Code    60  ser_app_hal_nrf5x.o(i.ser_app_hal_hw_init)
    ser_app_hal_nrf_evt_irq_priority_set     0x0000495d   Thumb Code    10  ser_app_hal_nrf5x.o(i.ser_app_hal_nrf_evt_irq_priority_set)
    ser_app_hal_nrf_evt_pending              0x0000496d   Thumb Code    14  ser_app_hal_nrf5x.o(i.ser_app_hal_nrf_evt_pending)
    ser_app_hal_nrf_reset_pin_clear          0x0000497b   Thumb Code    14  ser_app_hal_nrf5x.o(i.ser_app_hal_nrf_reset_pin_clear)
    ser_app_hal_nrf_reset_pin_set            0x00004989   Thumb Code    14  ser_app_hal_nrf5x.o(i.ser_app_hal_nrf_reset_pin_set)
    ser_app_power_system_off_enter           0x00004999   Thumb Code     8  ser_app_power_system_off.o(i.ser_app_power_system_off_enter)
    ser_app_power_system_off_get             0x000049a5   Thumb Code     6  ser_app_power_system_off.o(i.ser_app_power_system_off_get)
    ser_ble_cmd_rsp_dec                      0x000049b1   Thumb Code    38  ble_serialization.o(i.ser_ble_cmd_rsp_dec)
    ser_ble_cmd_rsp_result_code_dec          0x000049d7   Thumb Code    56  ble_serialization.o(i.ser_ble_cmd_rsp_result_code_dec)
    ser_hal_transport_open                   0x00004a11   Thumb Code    56  ser_hal_transport.o(i.ser_hal_transport_open)
    ser_hal_transport_rx_pkt_free            0x00004a51   Thumb Code    80  ser_hal_transport.o(i.ser_hal_transport_rx_pkt_free)
    ser_hal_transport_tx_pkt_alloc           0x00004aa9   Thumb Code    50  ser_hal_transport.o(i.ser_hal_transport_tx_pkt_alloc)
    ser_hal_transport_tx_pkt_free            0x00004ae5   Thumb Code    44  ser_hal_transport.o(i.ser_hal_transport_tx_pkt_free)
    ser_hal_transport_tx_pkt_send            0x00004b19   Thumb Code    86  ser_hal_transport.o(i.ser_hal_transport_tx_pkt_send)
    ser_phy_interrupts_disable               0x00004b79   Thumb Code    20  ser_phy_uart.o(i.ser_phy_interrupts_disable)
    ser_phy_interrupts_enable                0x00004b8d   Thumb Code    12  ser_phy_uart.o(i.ser_phy_interrupts_enable)
    ser_phy_open                             0x00004b99   Thumb Code    50  ser_phy_uart.o(i.ser_phy_open)
    ser_phy_rx_buf_set                       0x00004bd9   Thumb Code    62  ser_phy_uart.o(i.ser_phy_rx_buf_set)
    ser_phy_tx_pkt_send                      0x00004c25   Thumb Code    82  ser_phy_uart.o(i.ser_phy_tx_pkt_send)
    ser_sd_transport_cmd_write               0x00004c95   Thumb Code    58  ser_sd_transport.o(i.ser_sd_transport_cmd_write)
    ser_sd_transport_is_busy                 0x00004d2d   Thumb Code     6  ser_sd_transport.o(i.ser_sd_transport_is_busy)
    ser_sd_transport_open                    0x00004d39   Thumb Code    36  ser_sd_transport.o(i.ser_sd_transport_open)
    ser_sd_transport_rx_free                 0x00004d65   Thumb Code     6  ser_sd_transport.o(i.ser_sd_transport_rx_free)
    ser_sd_transport_tx_alloc                0x00004dd5   Thumb Code    14  ser_sd_transport.o(i.ser_sd_transport_tx_alloc)
    ser_softdevice_flash_operation_success_evt 0x00004e29   Thumb Code    32  ser_softdevice_handler.o(i.ser_softdevice_flash_operation_success_evt)
    uint16_t_enc                             0x000054f3   Thumb Code    34  ble_serialization.o(i.uint16_t_enc)
    uint32_t_enc                             0x00005537   Thumb Code    44  ble_serialization.o(i.uint32_t_enc)
    uint8_t_dec                              0x00005563   Thumb Code    26  ble_serialization.o(i.uint8_t_dec)
    uint8_t_enc                              0x0000557d   Thumb Code    26  ble_serialization.o(i.uint8_t_enc)
    uint8_vector_enc                         0x00005597   Thumb Code    50  ble_serialization.o(i.uint8_vector_enc)
    nrf_log_backend_rtt_api                  0x00005888   Data          12  nrf_log_backend_rtt.o(.constdata)
    __ctype_table                            0x000059a0   Data         129  ctype_o.o(.constdata)
    Region$$Table$$Base                      0x0000643c   Number         0  anon$$obj.o(Region$$Table)
    Region$$Table$$Limit                     0x0000645c   Number         0  anon$$obj.o(Region$$Table)
    log_const_data$$Base                     0x0000646c   Number         0  nrf_drv_clock.o(log_const_data)
    m_nrf_log_clock_logs_data_const          0x0000646c   Data           8  nrf_drv_clock.o(log_const_data)
    m_nrf_log_CLOCK_logs_data_const          0x00006474   Data           8  nrfx_clock.o(log_const_data)
    m_nrf_log_GPIOTE_logs_data_const         0x0000647c   Data           8  nrfx_gpiote.o(log_const_data)
    m_nrf_log_PRS_logs_data_const            0x00006484   Data           8  nrfx_prs.o(log_const_data)
    m_nrf_log_UART_logs_data_const           0x0000648c   Data           8  nrfx_uart.o(log_const_data)
    m_nrf_log_UARTE_logs_data_const          0x00006494   Data           8  nrfx_uarte.o(log_const_data)
    m_nrf_log_app_button_logs_data_const     0x0000649c   Data           8  app_button.o(log_const_data)
    m_nrf_log_app_timer_logs_data_const      0x000064a4   Data           8  app_timer2.o(log_const_data)
    m_nrf_log_hardfault_logs_data_const      0x000064ac   Data           8  hardfault_implementation.o(log_const_data)
    m_nrf_log_pwr_mgmt_logs_data_const       0x000064b4   Data           8  nrf_pwr_mgmt.o(log_const_data)
    m_nrf_log_sortlist_logs_data_const       0x000064bc   Data           8  nrf_sortlist.o(log_const_data)
    m_nrf_log_app_logs_data_const            0x000064c4   Data           8  nrf_log_frontend.o(log_const_data)
    m_nrf_log_ser_hal_transport_logs_data_const 0x000064cc   Data           8  ser_hal_transport.o(log_const_data)
    m_nrf_log_ser_xfer_logs_data_const       0x000064d4   Data           8  ser_sd_transport.o(log_const_data)
    m_nrf_log_nrf_sdh_logs_data_const        0x000064dc   Data           8  nrf_sdh.o(log_const_data)
    m_nrf_log_nrf_sdh_ant_logs_data_const    0x000064e4   Data           8  nrf_sdh_ant.o(log_const_data)
    log_const_data$$Limit                    0x000064ec   Number         0  nrf_sdh_ant.o(log_const_data)
    log_mempool                              0x000064ec   Data          20  nrf_log_frontend.o(nrf_balloc)
    m_sd_ant_evt_mailbox                     0x00006500   Data          20  ser_softdevice_handler.o(nrf_queue)
    m_sd_soc_evt_mailbox                     0x00006514   Data          20  ser_softdevice_handler.o(nrf_queue)
    sdh_ant_observers1$$Base                 0x00006528   Number         0  ant_io_rx.o(sdh_ant_observers1)
    sdh_ant_observers1$$Limit                0x00006530   Number         0  ant_io_rx.o(sdh_ant_observers1)
    sdh_stack_observers0$$Base               0x00006530   Number         0  nrf_sdh_ant.o(sdh_stack_observers0)
    sdh_stack_observers0$$Limit              0x00006538   Number         0  nrf_sdh_ant.o(sdh_stack_observers0)
    nrf_drv_uart_use_easy_dma                0x20000080   Data           1  nrf_drv_uart.o(.data)
    SystemCoreClock                          0x20000224   Data           4  system_nrf52.o(.data)
    _SEGGER_RTT                              0x20000930   Data         120  segger_rtt.o(.bss)
    STACK$$Base                              0x20001198   Number         0  arm_startup_nrf52.o(STACK)
    STACK$$Limit                             0x20003198   Number         0  arm_startup_nrf52.o(STACK)
    __initial_sp                             0x20003198   Data           0  arm_startup_nrf52.o(STACK)



==============================================================================

Memory Map of the image

  Image Entry point : 0x00000201

  Load Region LR_IROM1 (Base: 0x00000000, Size: 0x00006760, Max: 0x00080000, ABSOLUTE, COMPRESSED[0x000065b8])

    Execution Region ER_IROM1 (Exec base: 0x00000000, Load base: 0x00000000, Size: 0x00006538, Max: 0x00080000, ABSOLUTE)

    Exec Addr    Load Addr    Size         Type   Attr      Idx    E Section Name        Object

    0x00000000   0x00000000   0x00000200   Data   RO         6974    RESET               arm_startup_nrf52.o
    0x00000200   0x00000200   0x00000000   Code   RO         7044  * .ARM.Collect$$$$00000000  mc_w.l(entry.o)
    0x00000200   0x00000200   0x00000004   Code   RO         7096    .ARM.Collect$$$$00000001  mc_w.l(entry2.o)
    0x00000204   0x00000204   0x00000004   Code   RO         7099    .ARM.Collect$$$$00000004  mc_w.l(entry5.o)
    0x00000208   0x00000208   0x00000000   Code   RO         7101    .ARM.Collect$$$$00000008  mc_w.l(entry7b.o)
    0x00000208   0x00000208   0x00000000   Code   RO         7103    .ARM.Collect$$$$0000000A  mc_w.l(entry8b.o)
    0x00000208   0x00000208   0x00000008   Code   RO         7104    .ARM.Collect$$$$0000000B  mc_w.l(entry9a.o)
    0x00000210   0x00000210   0x00000004   Code   RO         7111    .ARM.Collect$$$$0000000E  mc_w.l(entry12b.o)
    0x00000214   0x00000214   0x00000000   Code   RO         7106    .ARM.Collect$$$$0000000F  mc_w.l(entry10a.o)
    0x00000214   0x00000214   0x00000000   Code   RO         7108    .ARM.Collect$$$$00000011  mc_w.l(entry11a.o)
    0x00000214   0x00000214   0x00000004   Code   RO         7097    .ARM.Collect$$$$00002712  mc_w.l(entry2.o)
    0x00000218   0x00000218   0x00000034   Code   RO         2639    .emb_text           hardfault_handler_keil.o
    0x0000024c   0x0000024c   0x000000c8   Code   RO         2731    .emb_text           nrf_atfifo.o
    0x00000314   0x00000314   0x000000e2   Code   RO         2801    .emb_text           nrf_atomic.o
    0x000003f6   0x000003f6   0x00000002   PAD
    0x000003f8   0x000003f8   0x00000024   Code   RO         6975    .text               arm_startup_nrf52.o
    0x0000041c   0x0000041c   0x00000062   Code   RO         7052    .text               mc_w.l(uldiv.o)
    0x0000047e   0x0000047e   0x0000001e   Code   RO         7054    .text               mc_w.l(llshl.o)
    0x0000049c   0x0000049c   0x00000008   Code   RO         7056    .text               mc_w.l(ctype_o.o)
    0x000004a4   0x000004a4   0x00000024   Code   RO         7084    .text               mc_w.l(memcpya.o)
    0x000004c8   0x000004c8   0x00000024   Code   RO         7086    .text               mc_w.l(memseta.o)
    0x000004ec   0x000004ec   0x0000000e   Code   RO         7088    .text               mc_w.l(strlen.o)
    0x000004fa   0x000004fa   0x00000012   Code   RO         7092    .text               mc_w.l(strcpy.o)
    0x0000050c   0x0000050c   0x00000020   Code   RO         7113    .text               mc_w.l(llushr.o)
    0x0000052c   0x0000052c   0x00000024   Code   RO         7116    .text               mc_w.l(init.o)
    0x00000550   0x00000550   0x00000056   Code   RO         7126    .text               mc_w.l(__dczerorl2.o)
    0x000005a6   0x000005a6   0x00000062   Code   RO         5518    i.ANT_ENABLE_enc    ant_struct_serialization.o
    0x00000608   0x00000608   0x000000a4   Code   RO         1230    i.GPIOTE_IRQHandler  nrfx_gpiote.o
    0x000006ac   0x000006ac   0x000001d8   Code   RO         2661    i.HardFault_c_handler  hardfault_implementation.o
    0x00000884   0x00000884   0x00000024   Code   RO         2662    i.HardFault_process  hardfault_implementation.o
    0x000008a8   0x000008a8   0x00000058   Code   RO         1091    i.POWER_CLOCK_IRQHandler  nrfx_clock.o
    0x00000900   0x00000900   0x00000010   Code   RO         2470    i.RTC1_IRQHandler   drv_rtc.o
    0x00000910   0x00000910   0x00000004   Code   RO         3930    i.SEGGER_RTT_Init   segger_rtt.o
    0x00000914   0x00000914   0x0000005c   Code   RO         3944    i.SEGGER_RTT_WriteNoLock  segger_rtt.o
    0x00000970   0x00000970   0x00000004   Code   RO         6816    i.SWI2_EGU2_IRQHandler  nrf_sdh.o
    0x00000974   0x00000974   0x00000280   Code   RO         6983    i.SystemInit        system_nrf52.o
    0x00000bf4   0x00000bf4   0x0000000c   Code   RO         1535    i.UARTE0_UART0_IRQHandler  nrfx_prs.o
    0x00000c00   0x00000c00   0x00000068   Code   RO         3948    i._DoInit           segger_rtt.o
    0x00000c68   0x00000c68   0x00000016   Code   RO         3949    i._GetAvailWriteSpace  segger_rtt.o
    0x00000c7e   0x00000c7e   0x0000005a   Code   RO         3951    i._WriteBlocking    segger_rtt.o
    0x00000cd8   0x00000cd8   0x00000042   Code   RO         3952    i._WriteNoCheck     segger_rtt.o
    0x00000d1a   0x00000d1a   0x0000000e   Code   RO         7120    i.__scatterload_copy  mc_w.l(handlers.o)
    0x00000d28   0x00000d28   0x00000002   Code   RO         7121    i.__scatterload_null  mc_w.l(handlers.o)
    0x00000d2a   0x00000d2a   0x0000000e   Code   RO         7122    i.__scatterload_zeroinit  mc_w.l(handlers.o)
    0x00000d38   0x00000d38   0x00000012   Code   RO         5591    i.active_search_sharing_cycles_set_rsp_dec  app_mw_ant.o
    0x00000d4a   0x00000d4a   0x00000006   Code   RO          476    i.alert_timer_handler  bsp.o
    0x00000d50   0x00000d50   0x00000026   Code   RO         4349    i.ant_active_search_sharing_cycles_set_req_enc  ant_active_search_sharing_cycles_set.o
    0x00000d76   0x00000d76   0x00000008   Code   RO         4350    i.ant_active_search_sharing_cycles_set_rsp_dec  ant_active_search_sharing_cycles_set.o
    0x00000d7e   0x00000d7e   0x00000078   Code   RO         4409    i.ant_broadcast_message_tx_req_enc  ant_broadcast_message_tx.o
    0x00000df6   0x00000df6   0x00000008   Code   RO         4410    i.ant_broadcast_message_tx_rsp_dec  ant_broadcast_message_tx.o
    0x00000dfe   0x00000dfe   0x0000002e   Code   RO         4469    i.ant_channel_assign_req_enc  ant_channel_assign.o
    0x00000e2c   0x00000e2c   0x00000008   Code   RO         4470    i.ant_channel_assign_rsp_dec  ant_channel_assign.o
    0x00000e34   0x00000e34   0x00000032   Code   RO         4559    i.ant_channel_id_set_req_enc  ant_channel_id_set.o
    0x00000e66   0x00000e66   0x00000008   Code   RO         4560    i.ant_channel_id_set_rsp_dec  ant_channel_id_set.o
    0x00000e6e   0x00000e6e   0x00000048   Code   RO          606    i.ant_channel_init  ant_channel_config.o
    0x00000eb6   0x00000eb6   0x00000026   Code   RO         4593    i.ant_channel_low_priority_rx_search_timeout_set_req_enc  ant_channel_low_priority_rx_search_timeout_set.o
    0x00000edc   0x00000edc   0x00000008   Code   RO         4594    i.ant_channel_low_priority_rx_search_timeout_set_rsp_dec  ant_channel_low_priority_rx_search_timeout_set.o
    0x00000ee4   0x00000ee4   0x0000002a   Code   RO         4623    i.ant_channel_open_with_offset_req_enc  ant_channel_open_with_offset.o
    0x00000f0e   0x00000f0e   0x00000008   Code   RO         4624    i.ant_channel_open_with_offset_rsp_dec  ant_channel_open_with_offset.o
    0x00000f16   0x00000f16   0x0000002a   Code   RO         4683    i.ant_channel_period_set_req_enc  ant_channel_period_set.o
    0x00000f40   0x00000f40   0x00000008   Code   RO         4684    i.ant_channel_period_set_rsp_dec  ant_channel_period_set.o
    0x00000f48   0x00000f48   0x00000026   Code   RO         4743    i.ant_channel_radio_freq_set_req_enc  ant_channel_radio_freq_set.o
    0x00000f6e   0x00000f6e   0x00000008   Code   RO         4744    i.ant_channel_radio_freq_set_rsp_dec  ant_channel_radio_freq_set.o
    0x00000f76   0x00000f76   0x00000026   Code   RO         4803    i.ant_channel_rx_search_timeout_set_req_enc  ant_channel_rx_search_timeout_set.o
    0x00000f9c   0x00000f9c   0x00000008   Code   RO         4804    i.ant_channel_rx_search_timeout_set_rsp_dec  ant_channel_rx_search_timeout_set.o
    0x00000fa4   0x00000fa4   0x00000040   Code   RO         5133    i.ant_enable_req_enc  ant_enable.o
    0x00000fe4   0x00000fe4   0x00000008   Code   RO         5134    i.ant_enable_rsp_dec  ant_enable.o
    0x00000fec   0x00000fec   0x00000038   Code   RO         5163    i.ant_event_dec     ant_event.o
    0x00001024   0x00001024   0x0000002c   Code   RO            4    i.ant_evt_handler   ant_io_rx.o
    0x00001050   0x00001050   0x0000004e   Code   RO         5519    i.ant_evt_t_dec     ant_struct_serialization.o
    0x0000109e   0x0000109e   0x00000002   PAD
    0x000010a0   0x000010a0   0x00000050   Code   RO            5    i.ant_io_rx_setup   ant_io_rx.o
    0x000010f0   0x000010f0   0x00000026   Code   RO         5427    i.ant_search_channel_priority_set_req_enc  ant_search_channel_priority_set.o
    0x00001116   0x00001116   0x00000008   Code   RO         5428    i.ant_search_channel_priority_set_rsp_dec  ant_search_channel_priority_set.o
    0x0000111e   0x0000111e   0x0000004c   Code   RO          651    i.ant_search_init   ant_search_config.o
    0x0000116a   0x0000116a   0x0000002a   Code   RO         5457    i.ant_search_waveform_set_req_enc  ant_search_waveform_set.o
    0x00001194   0x00001194   0x00000008   Code   RO         5458    i.ant_search_waveform_set_rsp_dec  ant_search_waveform_set.o
    0x0000119c   0x0000119c   0x00000024   Code   RO         1938    i.app_button_enable  app_button.o
    0x000011c0   0x000011c0   0x00000080   Code   RO         1939    i.app_button_init   app_button.o
    0x00001240   0x00001240   0x00000084   Code   RO         2096    i.app_error_fault_handler  app_error_weak.o
    0x000012c4   0x000012c4   0x00000016   Code   RO         2040    i.app_error_handler_bare  app_error.o
    0x000012da   0x000012da   0x00000002   PAD
    0x000012dc   0x000012dc   0x0000000c   Code   RO         2193    i.app_timer_cnt_get  app_timer2.o
    0x000012e8   0x000012e8   0x00000020   Code   RO         2194    i.app_timer_create  app_timer2.o
    0x00001308   0x00001308   0x0000005c   Code   RO         2195    i.app_timer_init    app_timer2.o
    0x00001364   0x00001364   0x0000004c   Code   RO         2198    i.app_timer_start   app_timer2.o
    0x000013b0   0x000013b0   0x0000003a   Code   RO         2199    i.app_timer_stop    app_timer2.o
    0x000013ea   0x000013ea   0x00000004   Code   RO         2408    i.app_util_critical_region_enter  app_util_platform.o
    0x000013ee   0x000013ee   0x00000004   Code   RO         2409    i.app_util_critical_region_exit  app_util_platform.o
    0x000013f2   0x000013f2   0x00000002   PAD
    0x000013f4   0x000013f4   0x00000010   Code   RO         2410    i.app_util_disable_irq  app_util_platform.o
    0x00001404   0x00001404   0x00000014   Code   RO         2411    i.app_util_enable_irq  app_util_platform.o
    0x00001418   0x00001418   0x00000088   Code   RO         1589    i.apply_config      nrfx_uart.o
    0x000014a0   0x000014a0   0x00000088   Code   RO         1777    i.apply_config      nrfx_uarte.o
    0x00001528   0x00001528   0x00000012   Code   RO         5593    i.broadcast_message_tx_rsp_dec  app_mw_ant.o
    0x0000153a   0x0000153a   0x00000002   PAD
    0x0000153c   0x0000153c   0x00000020   Code   RO          374    i.bsp_board_button_state_get  boards.o
    0x0000155c   0x0000155c   0x00000054   Code   RO          375    i.bsp_board_init    boards.o
    0x000015b0   0x000015b0   0x00000024   Code   RO          377    i.bsp_board_led_invert  boards.o
    0x000015d4   0x000015d4   0x00000010   Code   RO          378    i.bsp_board_led_off  boards.o
    0x000015e4   0x000015e4   0x00000010   Code   RO          379    i.bsp_board_led_on  boards.o
    0x000015f4   0x000015f4   0x00000020   Code   RO          380    i.bsp_board_led_state_get  boards.o
    0x00001614   0x00001614   0x00000012   Code   RO          381    i.bsp_board_leds_off  boards.o
    0x00001626   0x00001626   0x00000012   Code   RO          382    i.bsp_board_leds_on  boards.o
    0x00001638   0x00001638   0x00000024   Code   RO          383    i.bsp_board_pin_to_button_idx  boards.o
    0x0000165c   0x0000165c   0x00000090   Code   RO          477    i.bsp_button_event_handler  bsp.o
    0x000016ec   0x000016ec   0x0000000c   Code   RO          478    i.bsp_button_is_pressed  bsp.o
    0x000016f8   0x000016f8   0x00000044   Code   RO          481    i.bsp_event_to_button_action_assign  bsp.o
    0x0000173c   0x0000173c   0x00000094   Code   RO          483    i.bsp_init          bsp.o
    0x000017d0   0x000017d0   0x000001c8   Code   RO          484    i.bsp_led_indication  bsp.o
    0x00001998   0x00001998   0x0000008c   Code   RO         3678    i.buf_prealloc      nrf_log_frontend.o
    0x00001a24   0x00001a24   0x0000002e   Code   RO         3016    i.buffer_add        nrf_fprintf_format.o
    0x00001a52   0x00001a52   0x00000002   PAD
    0x00001a54   0x00001a54   0x00000018   Code   RO         3679    i.buffer_is_empty   nrf_log_frontend.o
    0x00001a6c   0x00001a6c   0x00000028   Code   RO         1941    i.button_get        app_button.o
    0x00001a94   0x00001a94   0x00000050   Code   RO            6    i.button_state_encode  ant_io_rx.o
    0x00001ae4   0x00001ae4   0x00000008   Code   RO          487    i.button_timer_handler  bsp.o
    0x00001aec   0x00001aec   0x00000012   Code   RO         5595    i.channel_assign_rsp_dec  app_mw_ant.o
    0x00001afe   0x00001afe   0x00000002   PAD
    0x00001b00   0x00001b00   0x0000001c   Code   RO         1231    i.channel_free      nrfx_gpiote.o
    0x00001b1c   0x00001b1c   0x00000012   Code   RO         5598    i.channel_id_set_rsp_dec  app_mw_ant.o
    0x00001b2e   0x00001b2e   0x00000012   Code   RO         5599    i.channel_low_priority_rx_search_timeout_set_rsp_dec  app_mw_ant.o
    0x00001b40   0x00001b40   0x00000012   Code   RO         5600    i.channel_open_with_offset_rsp_dec  app_mw_ant.o
    0x00001b52   0x00001b52   0x00000012   Code   RO         5602    i.channel_period_set_rsp_dec  app_mw_ant.o
    0x00001b64   0x00001b64   0x00000048   Code   RO         1232    i.channel_port_alloc  nrfx_gpiote.o
    0x00001bac   0x00001bac   0x00000010   Code   RO         1233    i.channel_port_get  nrfx_gpiote.o
    0x00001bbc   0x00001bbc   0x00000012   Code   RO         5604    i.channel_radio_freq_set_rsp_dec  app_mw_ant.o
    0x00001bce   0x00001bce   0x00000012   Code   RO         5606    i.channel_rx_search_timeout_set_rsp_dec  app_mw_ant.o
    0x00001be0   0x00001be0   0x00000028   Code   RO          675    i.clock_clk_started_notify  nrf_drv_clock.o
    0x00001c08   0x00001c08   0x0000001c   Code   RO          676    i.clock_irq_handler  nrf_drv_clock.o
    0x00001c24   0x00001c24   0x00000018   Code   RO         2201    i.compare_func      app_timer2.o
    0x00001c3c   0x00001c3c   0x0000003e   Code   RO         6243    i.cond_field_enc    cond_field_serialization.o
    0x00001c7a   0x00001c7a   0x00000002   PAD
    0x00001c7c   0x00001c7c   0x00000048   Code   RO         1942    i.detection_delay_timeout_handler  app_button.o
    0x00001cc4   0x00001cc4   0x00000014   Code   RO         3680    i.dropped_sat16_get  nrf_log_frontend.o
    0x00001cd8   0x00001cd8   0x00000014   Code   RO         2471    i.drv_rtc_compare_disable  drv_rtc.o
    0x00001cec   0x00001cec   0x0000000e   Code   RO         2474    i.drv_rtc_compare_pending  drv_rtc.o
    0x00001cfa   0x00001cfa   0x00000050   Code   RO         2475    i.drv_rtc_compare_set  drv_rtc.o
    0x00001d4a   0x00001d4a   0x00000008   Code   RO         2476    i.drv_rtc_counter_get  drv_rtc.o
    0x00001d52   0x00001d52   0x00000002   PAD
    0x00001d54   0x00001d54   0x000000d8   Code   RO         2477    i.drv_rtc_init      drv_rtc.o
    0x00001e2c   0x00001e2c   0x0000001e   Code   RO         2478    i.drv_rtc_irq_trigger  drv_rtc.o
    0x00001e4a   0x00001e4a   0x00000008   Code   RO         2480    i.drv_rtc_overflow_enable  drv_rtc.o
    0x00001e52   0x00001e52   0x00000008   Code   RO         2481    i.drv_rtc_overflow_pending  drv_rtc.o
    0x00001e5a   0x00001e5a   0x00000008   Code   RO         2482    i.drv_rtc_start     drv_rtc.o
    0x00001e62   0x00001e62   0x00000008   Code   RO         2483    i.drv_rtc_stop      drv_rtc.o
    0x00001e6a   0x00001e6a   0x000000de   Code   RO         2488    i.drv_rtc_windowed_compare_set  drv_rtc.o
    0x00001f48   0x00001f48   0x00000012   Code   RO         5617    i.enable_rsp_dec    app_mw_ant.o
    0x00001f5a   0x00001f5a   0x00000012   Code   RO         2489    i.evt_enable        drv_rtc.o
    0x00001f6c   0x00001f6c   0x000000d8   Code   RO         1943    i.evt_handle        app_button.o
    0x00002044   0x00002044   0x00000014   Code   RO         2490    i.evt_pending       drv_rtc.o
    0x00002058   0x00002058   0x00000034   Code   RO         2202    i.get_now           app_timer2.o
    0x0000208c   0x0000208c   0x0000003c   Code   RO         1944    i.gpiote_event_handler  app_button.o
    0x000020c8   0x000020c8   0x0000003c   Code   RO            7    i.handle_transmit   ant_io_rx.o
    0x00002104   0x00002104   0x000000a6   Code   RO         3017    i.int_print         nrf_fprintf_format.o
    0x000021aa   0x000021aa   0x00000002   PAD
    0x000021ac   0x000021ac   0x00000088   Code   RO         1778    i.interrupts_enable  nrfx_uarte.o
    0x00002234   0x00002234   0x00000034   Code   RO         3681    i.invalid_packets_omit  nrf_log_frontend.o
    0x00002268   0x00002268   0x00000016   Code   RO          677    i.item_enqueue      nrf_drv_clock.o
    0x0000227e   0x0000227e   0x00000002   PAD
    0x00002280   0x00002280   0x0000005c   Code   RO            8    i.led_state_set     ant_io_rx.o
    0x000022dc   0x000022dc   0x00000030   Code   RO          488    i.leds_off          bsp.o
    0x0000230c   0x0000230c   0x00000014   Code   RO          489    i.leds_timer_handler  bsp.o
    0x00002320   0x00002320   0x00000002   Code   RO         3682    i.log_pending_hook  nrf_log_frontend.o
    0x00002322   0x00002322   0x00000002   PAD
    0x00002324   0x00002324   0x000000a4   Code   RO         3683    i.log_skip          nrf_log_frontend.o
    0x000023c8   0x000023c8   0x00000098   Code   RO          233    i.main              main.o
    0x00002460   0x00002460   0x0000007e   Code   RO         3056    i.memobj_op         nrf_memobj.o
    0x000024de   0x000024de   0x00000002   PAD
    0x000024e0   0x000024e0   0x00000030   Code   RO         3684    i.module_idx_get    nrf_log_frontend.o
    0x00002510   0x00002510   0x00000026   Code   RO         2735    i.nrf_atfifo_init   nrf_atfifo.o
    0x00002536   0x00002536   0x00000016   Code   RO         2736    i.nrf_atfifo_item_alloc  nrf_atfifo.o
    0x0000254c   0x0000254c   0x00000016   Code   RO         2737    i.nrf_atfifo_item_free  nrf_atfifo.o
    0x00002562   0x00002562   0x00000016   Code   RO         2738    i.nrf_atfifo_item_get  nrf_atfifo.o
    0x00002578   0x00002578   0x00000016   Code   RO         2739    i.nrf_atfifo_item_put  nrf_atfifo.o
    0x0000258e   0x0000258e   0x00000006   Code   RO         2803    i.nrf_atomic_flag_clear_fetch  nrf_atomic.o
    0x00002594   0x00002594   0x00000006   Code   RO         2804    i.nrf_atomic_flag_set  nrf_atomic.o
    0x0000259a   0x0000259a   0x0000000c   Code   RO         2806    i.nrf_atomic_u32_add  nrf_atomic.o
    0x000025a6   0x000025a6   0x0000000a   Code   RO         2810    i.nrf_atomic_u32_fetch_and  nrf_atomic.o
    0x000025b0   0x000025b0   0x0000000a   Code   RO         2812    i.nrf_atomic_u32_fetch_store  nrf_atomic.o
    0x000025ba   0x000025ba   0x0000000c   Code   RO         2816    i.nrf_atomic_u32_or  nrf_atomic.o
    0x000025c6   0x000025c6   0x0000000c   Code   RO         2818    i.nrf_atomic_u32_sub  nrf_atomic.o
    0x000025d2   0x000025d2   0x0000003e   Code   RO         2940    i.nrf_balloc_alloc  nrf_balloc.o
    0x00002610   0x00002610   0x0000002a   Code   RO         2941    i.nrf_balloc_free   nrf_balloc.o
    0x0000263a   0x0000263a   0x00000030   Code   RO         2942    i.nrf_balloc_init   nrf_balloc.o
    0x0000266a   0x0000266a   0x00000010   Code   RO         1234    i.nrf_bitmask_bit_is_set  nrfx_gpiote.o
    0x0000267a   0x0000267a   0x0000000e   Code   RO         1092    i.nrf_clock_event_check  nrfx_clock.o
    0x00002688   0x00002688   0x00000010   Code   RO         1093    i.nrf_clock_event_clear  nrfx_clock.o
    0x00002698   0x00002698   0x0000001c   Code   RO          680    i.nrf_drv_clock_hfclk_is_running  nrf_drv_clock.o
    0x000026b4   0x000026b4   0x00000048   Code   RO          682    i.nrf_drv_clock_hfclk_request  nrf_drv_clock.o
    0x000026fc   0x000026fc   0x0000003c   Code   RO          683    i.nrf_drv_clock_init  nrf_drv_clock.o
    0x00002738   0x00002738   0x00000010   Code   RO          686    i.nrf_drv_clock_lfclk_is_running  nrf_drv_clock.o
    0x00002748   0x00002748   0x00000048   Code   RO          688    i.nrf_drv_clock_lfclk_request  nrf_drv_clock.o
    0x00002790   0x00002790   0x00000068   Code   RO          816    i.nrf_drv_uart_init  nrf_drv_uart.o
    0x000027f8   0x000027f8   0x00000020   Code   RO         6548    i.nrf_drv_uart_rx   ser_phy_uart.o
    0x00002818   0x00002818   0x00000020   Code   RO         6549    i.nrf_drv_uart_tx   ser_phy_uart.o
    0x00002838   0x00002838   0x0000001a   Code   RO         2977    i.nrf_fprintf       nrf_fprintf.o
    0x00002852   0x00002852   0x00000018   Code   RO         2978    i.nrf_fprintf_buffer_flush  nrf_fprintf.o
    0x0000286a   0x0000286a   0x000001da   Code   RO         3018    i.nrf_fprintf_fmt   nrf_fprintf_format.o
    0x00002a44   0x00002a44   0x00000024   Code   RO          385    i.nrf_gpio_cfg      boards.o
    0x00002a68   0x00002a68   0x00000024   Code   RO         1235    i.nrf_gpio_cfg      nrfx_gpiote.o
    0x00002a8c   0x00002a8c   0x00000024   Code   RO         1590    i.nrf_gpio_cfg      nrfx_uart.o
    0x00002ab0   0x00002ab0   0x00000024   Code   RO         1779    i.nrf_gpio_cfg      nrfx_uarte.o
    0x00002ad4   0x00002ad4   0x00000012   Code   RO         1592    i.nrf_gpio_cfg_input  nrfx_uart.o
    0x00002ae6   0x00002ae6   0x00000012   Code   RO         1781    i.nrf_gpio_cfg_input  nrfx_uarte.o
    0x00002af8   0x00002af8   0x00000014   Code   RO         1593    i.nrf_gpio_cfg_output  nrfx_uart.o
    0x00002b0c   0x00002b0c   0x00000014   Code   RO         1782    i.nrf_gpio_cfg_output  nrfx_uarte.o
    0x00002b20   0x00002b20   0x00000022   Code   RO         1237    i.nrf_gpio_cfg_sense_set  nrfx_gpiote.o
    0x00002b42   0x00002b42   0x00000002   PAD
    0x00002b44   0x00002b44   0x0000002c   Code   RO         1238    i.nrf_gpio_latches_read_and_clear  nrfx_gpiote.o
    0x00002b70   0x00002b70   0x0000001e   Code   RO         1239    i.nrf_gpio_pin_present_check  nrfx_gpiote.o
    0x00002b8e   0x00002b8e   0x00000016   Code   RO          386    i.nrf_gpio_pin_write  boards.o
    0x00002ba4   0x00002ba4   0x00000014   Code   RO         1240    i.nrf_gpiote_event_clear  nrfx_gpiote.o
    0x00002bb8   0x00002bb8   0x00000010   Code   RO         1241    i.nrf_gpiote_event_is_set  nrfx_gpiote.o
    0x00002bc8   0x00002bc8   0x0000005c   Code   RO         3685    i.nrf_log_backend_add  nrf_log_frontend.o
    0x00002c24   0x00002c24   0x00000002   Code   RO         3518    i.nrf_log_backend_rtt_flush  nrf_log_backend_rtt.o
    0x00002c26   0x00002c26   0x00000004   Code   RO         3519    i.nrf_log_backend_rtt_init  nrf_log_backend_rtt.o
    0x00002c2a   0x00002c2a   0x00000002   Code   RO         3520    i.nrf_log_backend_rtt_panic_set  nrf_log_backend_rtt.o
    0x00002c2c   0x00002c2c   0x00000018   Code   RO         3521    i.nrf_log_backend_rtt_put  nrf_log_backend_rtt.o
    0x00002c44   0x00002c44   0x000000c2   Code   RO         3587    i.nrf_log_backend_serial_put  nrf_log_backend_serial.o
    0x00002d06   0x00002d06   0x00000002   PAD
    0x00002d08   0x00002d08   0x00000030   Code   RO         3687    i.nrf_log_color_id_get  nrf_log_frontend.o
    0x00002d38   0x00002d38   0x0000001c   Code   RO         3639    i.nrf_log_default_backends_init  nrf_log_default_backends.o
    0x00002d54   0x00002d54   0x00000230   Code   RO         3688    i.nrf_log_frontend_dequeue  nrf_log_frontend.o
    0x00002f84   0x00002f84   0x00000008   Code   RO         3690    i.nrf_log_frontend_std_0  nrf_log_frontend.o
    0x00002f8c   0x00002f8c   0x0000000e   Code   RO         3691    i.nrf_log_frontend_std_1  nrf_log_frontend.o
    0x00002f9a   0x00002f9a   0x00000012   Code   RO         3693    i.nrf_log_frontend_std_3  nrf_log_frontend.o
    0x00002fac   0x00002fac   0x00000014   Code   RO         3694    i.nrf_log_frontend_std_4  nrf_log_frontend.o
    0x00002fc0   0x00002fc0   0x000000b0   Code   RO         3871    i.nrf_log_hexdump_entry_process  nrf_log_str_formatter.o
    0x00003070   0x00003070   0x00000028   Code   RO         3697    i.nrf_log_init      nrf_log_frontend.o
    0x00003098   0x00003098   0x00000014   Code   RO         3698    i.nrf_log_module_cnt_get  nrf_log_frontend.o
    0x000030ac   0x000030ac   0x0000001c   Code   RO         3701    i.nrf_log_module_name_get  nrf_log_frontend.o
    0x000030c8   0x000030c8   0x00000028   Code   RO         3702    i.nrf_log_panic     nrf_log_frontend.o
    0x000030f0   0x000030f0   0x000000b6   Code   RO         3872    i.nrf_log_std_entry_process  nrf_log_str_formatter.o
    0x000031a6   0x000031a6   0x00000060   Code   RO         3057    i.nrf_memobj_alloc  nrf_memobj.o
    0x00003206   0x00003206   0x00000032   Code   RO         3058    i.nrf_memobj_free   nrf_memobj.o
    0x00003238   0x00003238   0x00000008   Code   RO         3059    i.nrf_memobj_get    nrf_memobj.o
    0x00003240   0x00003240   0x00000004   Code   RO         3060    i.nrf_memobj_pool_init  nrf_memobj.o
    0x00003244   0x00003244   0x0000001e   Code   RO         3061    i.nrf_memobj_put    nrf_memobj.o
    0x00003262   0x00003262   0x00000010   Code   RO         3062    i.nrf_memobj_read   nrf_memobj.o
    0x00003272   0x00003272   0x00000010   Code   RO         3063    i.nrf_memobj_write  nrf_memobj.o
    0x00003282   0x00003282   0x00000002   PAD
    0x00003284   0x00003284   0x00000028   Code   RO         3132    i.nrf_pwr_mgmt_init  nrf_pwr_mgmt.o
    0x000032ac   0x000032ac   0x00000034   Code   RO         3133    i.nrf_pwr_mgmt_run  nrf_pwr_mgmt.o
    0x000032e0   0x000032e0   0x00000088   Code   RO         3212    i.nrf_queue_generic_pop  nrf_queue.o
    0x00003368   0x00003368   0x00000012   Code   RO         3214    i.nrf_queue_is_empty  nrf_queue.o
    0x0000337a   0x0000337a   0x0000001e   Code   RO         3215    i.nrf_queue_is_full  nrf_queue.o
    0x00003398   0x00003398   0x0000000e   Code   RO         3218    i.nrf_queue_next_idx  nrf_queue.o
    0x000033a6   0x000033a6   0x000000ac   Code   RO         3220    i.nrf_queue_push    nrf_queue.o
    0x00003452   0x00003452   0x0000001e   Code   RO         3222    i.nrf_queue_reset   nrf_queue.o
    0x00003470   0x00003470   0x0000001c   Code   RO         3336    i.nrf_ringbuf_init  nrf_ringbuf.o
    0x0000348c   0x0000348c   0x0000000c   Code   RO         2491    i.nrf_rtc_event_clear  drv_rtc.o
    0x00003498   0x00003498   0x0000006c   Code   RO         6932    i.nrf_sdh_ant_enable  nrf_sdh_ant.o
    0x00003504   0x00003504   0x0000005c   Code   RO         6933    i.nrf_sdh_ant_evts_poll  nrf_sdh_ant.o
    0x00003560   0x00003560   0x00000098   Code   RO         6818    i.nrf_sdh_enable_request  nrf_sdh.o
    0x000035f8   0x000035f8   0x00000024   Code   RO         6819    i.nrf_sdh_evts_poll  nrf_sdh.o
    0x0000361c   0x0000361c   0x0000000a   Code   RO         3394    i.nrf_section_iter_init  nrf_section_iter.o
    0x00003626   0x00003626   0x00000024   Code   RO         3395    i.nrf_section_iter_item_set  nrf_section_iter.o
    0x0000364a   0x0000364a   0x00000020   Code   RO         3396    i.nrf_section_iter_next  nrf_section_iter.o
    0x0000366a   0x0000366a   0x00000022   Code   RO         3429    i.nrf_sortlist_add  nrf_sortlist.o
    0x0000368c   0x0000368c   0x00000006   Code   RO         3431    i.nrf_sortlist_peek  nrf_sortlist.o
    0x00003692   0x00003692   0x0000000e   Code   RO         3432    i.nrf_sortlist_pop  nrf_sortlist.o
    0x000036a0   0x000036a0   0x0000001e   Code   RO         3433    i.nrf_sortlist_remove  nrf_sortlist.o
    0x000036be   0x000036be   0x00000002   PAD
    0x000036c0   0x000036c0   0x00000038   Code   RO         3485    i.nrf_strerror_find  nrf_strerror.o
    0x000036f8   0x000036f8   0x00000014   Code   RO         3486    i.nrf_strerror_get  nrf_strerror.o
    0x0000370c   0x0000370c   0x0000000a   Code   RO         1594    i.nrf_uart_event_check  nrfx_uart.o
    0x00003716   0x00003716   0x0000000c   Code   RO         1595    i.nrf_uart_event_clear  nrfx_uart.o
    0x00003722   0x00003722   0x0000000c   Code   RO         1596    i.nrf_uart_int_enable_check  nrfx_uart.o
    0x0000372e   0x0000372e   0x0000000a   Code   RO         1783    i.nrf_uarte_event_check  nrfx_uarte.o
    0x00003738   0x00003738   0x0000000c   Code   RO         1784    i.nrf_uarte_event_clear  nrfx_uarte.o
    0x00003744   0x00003744   0x00000010   Code   RO          690    i.nrf_wdt_started   nrf_drv_clock.o
    0x00003754   0x00003754   0x0000002c   Code   RO         1098    i.nrfx_clock_enable  nrfx_clock.o
    0x00003780   0x00003780   0x00000016   Code   RO         1099    i.nrfx_clock_hfclk_start  nrfx_clock.o
    0x00003796   0x00003796   0x00000002   PAD
    0x00003798   0x00003798   0x00000020   Code   RO         1101    i.nrfx_clock_init   nrfx_clock.o
    0x000037b8   0x000037b8   0x0000004c   Code   RO         1103    i.nrfx_clock_lfclk_start  nrfx_clock.o
    0x00003804   0x00003804   0x00000010   Code   RO         2492    i.nrfx_coredep_delay_us  drv_rtc.o
    0x00003814   0x00003814   0x000000a0   Code   RO         1247    i.nrfx_gpiote_in_event_enable  nrfx_gpiote.o
    0x000038b4   0x000038b4   0x000000cc   Code   RO         1249    i.nrfx_gpiote_in_init  nrfx_gpiote.o
    0x00003980   0x00003980   0x00000014   Code   RO         1250    i.nrfx_gpiote_in_is_set  nrfx_gpiote.o
    0x00003994   0x00003994   0x00000074   Code   RO         1252    i.nrfx_gpiote_init  nrfx_gpiote.o
    0x00003a08   0x00003a08   0x00000014   Code   RO         1253    i.nrfx_gpiote_is_init  nrfx_gpiote.o
    0x00003a1c   0x00003a1c   0x00000010   Code   RO         1785    i.nrfx_is_in_ram    nrfx_uarte.o
    0x00003a2c   0x00003a2c   0x00000030   Code   RO         1536    i.nrfx_prs_acquire  nrfx_prs.o
    0x00003a5c   0x00003a5c   0x00000010   Code   RO         1597    i.nrfx_uart_0_irq_handler  nrfx_uart.o
    0x00003a6c   0x00003a6c   0x000000d4   Code   RO         1599    i.nrfx_uart_init    nrfx_uart.o
    0x00003b40   0x00003b40   0x000000ec   Code   RO         1600    i.nrfx_uart_rx      nrfx_uart.o
    0x00003c2c   0x00003c2c   0x000000a8   Code   RO         1605    i.nrfx_uart_tx      nrfx_uart.o
    0x00003cd4   0x00003cd4   0x00000020   Code   RO         1607    i.nrfx_uart_tx_in_progress  nrfx_uart.o
    0x00003cf4   0x00003cf4   0x00000010   Code   RO         1786    i.nrfx_uarte_0_irq_handler  nrfx_uarte.o
    0x00003d04   0x00003d04   0x0000006c   Code   RO         1788    i.nrfx_uarte_init   nrfx_uarte.o
    0x00003d70   0x00003d70   0x00000104   Code   RO         1789    i.nrfx_uarte_rx     nrfx_uarte.o
    0x00003e74   0x00003e74   0x000000ac   Code   RO         1792    i.nrfx_uarte_tx     nrfx_uarte.o
    0x00003f20   0x00003f20   0x0000001c   Code   RO         1794    i.nrfx_uarte_tx_in_progress  nrfx_uarte.o
    0x00003f3c   0x00003f3c   0x00000002   Code   RO         6730    i.os_rsp_set_handler  ser_softdevice_handler.o
    0x00003f3e   0x00003f3e   0x00000002   PAD
    0x00003f40   0x00003f40   0x00000024   Code   RO         6550    i.packet_byte_drop  ser_phy_uart.o
    0x00003f64   0x00003f64   0x00000024   Code   RO         6551    i.packet_rx_start   ser_phy_uart.o
    0x00003f88   0x00003f88   0x0000018c   Code   RO         6467    i.phy_events_handler  ser_hal_transport.o
    0x00004114   0x00004114   0x0000001c   Code   RO         1271    i.pin_configured_set  nrfx_gpiote.o
    0x00004130   0x00004130   0x00000018   Code   RO         1272    i.pin_in_use_by_port  nrfx_gpiote.o
    0x00004148   0x00004148   0x00000018   Code   RO         1273    i.pin_in_use_by_te  nrfx_gpiote.o
    0x00004160   0x00004160   0x000000b4   Code   RO         1274    i.port_event_handle  nrfx_gpiote.o
    0x00004214   0x00004214   0x00000010   Code   RO         1275    i.port_handler_polarity_get  nrfx_gpiote.o
    0x00004224   0x00004224   0x0000003c   Code   RO         3874    i.postfix_process   nrf_log_str_formatter.o
    0x00004260   0x00004260   0x00000098   Code   RO         3875    i.prefix_process    nrf_log_str_formatter.o
    0x000042f8   0x000042f8   0x00000018   Code   RO         1538    i.prs_box_get       nrfx_prs.o
    0x00004310   0x00004310   0x00000018   Code   RO         3226    i.queue_utilization_get  nrf_queue.o
    0x00004328   0x00004328   0x0000005c   Code   RO         2203    i.rtc_irq           app_timer2.o
    0x00004384   0x00004384   0x0000006c   Code   RO         2204    i.rtc_schedule      app_timer2.o
    0x000043f0   0x000043f0   0x0000008c   Code   RO         2205    i.rtc_update        app_timer2.o
    0x0000447c   0x0000447c   0x00000032   Code   RO         1609    i.rx_byte           nrfx_uart.o
    0x000044ae   0x000044ae   0x00000016   Code   RO         1610    i.rx_done_event     nrfx_uart.o
    0x000044c4   0x000044c4   0x00000016   Code   RO         1796    i.rx_done_event     nrfx_uarte.o
    0x000044da   0x000044da   0x00000020   Code   RO         1611    i.rx_enable         nrfx_uart.o
    0x000044fa   0x000044fa   0x00000002   PAD
    0x000044fc   0x000044fc   0x00000038   Code   RO         5628    i.sd_ant_active_search_sharing_cycles_set  app_mw_ant.o
    0x00004534   0x00004534   0x00000040   Code   RO         5630    i.sd_ant_broadcast_message_tx  app_mw_ant.o
    0x00004574   0x00004574   0x0000004c   Code   RO         5632    i.sd_ant_channel_assign  app_mw_ant.o
    0x000045c0   0x000045c0   0x0000004c   Code   RO         5635    i.sd_ant_channel_id_set  app_mw_ant.o
    0x0000460c   0x0000460c   0x00000038   Code   RO         5636    i.sd_ant_channel_low_priority_rx_search_timeout_set  app_mw_ant.o
    0x00004644   0x00004644   0x00000038   Code   RO         5637    i.sd_ant_channel_open_with_offset  app_mw_ant.o
    0x0000467c   0x0000467c   0x00000038   Code   RO         5639    i.sd_ant_channel_period_set  app_mw_ant.o
    0x000046b4   0x000046b4   0x00000038   Code   RO         5641    i.sd_ant_channel_radio_freq_set  app_mw_ant.o
    0x000046ec   0x000046ec   0x00000038   Code   RO         5643    i.sd_ant_channel_search_timeout_set  app_mw_ant.o
    0x00004724   0x00004724   0x00000034   Code   RO         5654    i.sd_ant_enable     app_mw_ant.o
    0x00004758   0x00004758   0x00000048   Code   RO         6731    i.sd_ant_event_get  ser_softdevice_handler.o
    0x000047a0   0x000047a0   0x00000038   Code   RO         5663    i.sd_ant_search_channel_priority_set  app_mw_ant.o
    0x000047d8   0x000047d8   0x00000038   Code   RO         5664    i.sd_ant_search_waveform_set  app_mw_ant.o
    0x00004810   0x00004810   0x00000006   Code   RO          919    i.sd_app_evt_wait   nrf_soc.o
    0x00004816   0x00004816   0x00000002   PAD
    0x00004818   0x00004818   0x00000060   Code   RO         6734    i.sd_softdevice_enable  ser_softdevice_handler.o
    0x00004878   0x00004878   0x00000030   Code   RO         6825    i.sdh_request_observer_notify  nrf_sdh.o
    0x000048a8   0x000048a8   0x0000002c   Code   RO         6826    i.sdh_state_observer_notify  nrf_sdh.o
    0x000048d4   0x000048d4   0x00000012   Code   RO         5667    i.search_channel_priority_set_rsp_dec  app_mw_ant.o
    0x000048e6   0x000048e6   0x00000012   Code   RO         5668    i.search_waveform_set_rsp_dec  app_mw_ant.o
    0x000048f8   0x000048f8   0x00000020   Code   RO         6269    i.ser_app_hal_delay  ser_app_hal_nrf5x.o
    0x00004918   0x00004918   0x00000044   Code   RO         6270    i.ser_app_hal_hw_init  ser_app_hal_nrf5x.o
    0x0000495c   0x0000495c   0x00000010   Code   RO         6271    i.ser_app_hal_nrf_evt_irq_priority_set  ser_app_hal_nrf5x.o
    0x0000496c   0x0000496c   0x0000000e   Code   RO         6272    i.ser_app_hal_nrf_evt_pending  ser_app_hal_nrf5x.o
    0x0000497a   0x0000497a   0x0000000e   Code   RO         6273    i.ser_app_hal_nrf_reset_pin_clear  ser_app_hal_nrf5x.o
    0x00004988   0x00004988   0x0000000e   Code   RO         6274    i.ser_app_hal_nrf_reset_pin_set  ser_app_hal_nrf5x.o
    0x00004996   0x00004996   0x00000002   PAD
    0x00004998   0x00004998   0x0000000c   Code   RO         6389    i.ser_app_power_system_off_enter  ser_app_power_system_off.o
    0x000049a4   0x000049a4   0x0000000c   Code   RO         6390    i.ser_app_power_system_off_get  ser_app_power_system_off.o
    0x000049b0   0x000049b0   0x00000026   Code   RO         6080    i.ser_ble_cmd_rsp_dec  ble_serialization.o
    0x000049d6   0x000049d6   0x00000038   Code   RO         6081    i.ser_ble_cmd_rsp_result_code_dec  ble_serialization.o
    0x00004a0e   0x00004a0e   0x00000002   PAD
    0x00004a10   0x00004a10   0x00000040   Code   RO         6469    i.ser_hal_transport_open  ser_hal_transport.o
    0x00004a50   0x00004a50   0x00000058   Code   RO         6471    i.ser_hal_transport_rx_pkt_free  ser_hal_transport.o
    0x00004aa8   0x00004aa8   0x0000003c   Code   RO         6472    i.ser_hal_transport_tx_pkt_alloc  ser_hal_transport.o
    0x00004ae4   0x00004ae4   0x00000034   Code   RO         6473    i.ser_hal_transport_tx_pkt_free  ser_hal_transport.o
    0x00004b18   0x00004b18   0x00000060   Code   RO         6474    i.ser_hal_transport_tx_pkt_send  ser_hal_transport.o
    0x00004b78   0x00004b78   0x00000014   Code   RO         6553    i.ser_phy_interrupts_disable  ser_phy_uart.o
    0x00004b8c   0x00004b8c   0x0000000c   Code   RO         6554    i.ser_phy_interrupts_enable  ser_phy_uart.o
    0x00004b98   0x00004b98   0x00000040   Code   RO         6555    i.ser_phy_open      ser_phy_uart.o
    0x00004bd8   0x00004bd8   0x0000004c   Code   RO         6556    i.ser_phy_rx_buf_set  ser_phy_uart.o
    0x00004c24   0x00004c24   0x0000005c   Code   RO         6557    i.ser_phy_tx_pkt_send  ser_phy_uart.o
    0x00004c80   0x00004c80   0x00000012   Code   RO         6735    i.ser_sd_rsp_wait   ser_softdevice_handler.o
    0x00004c92   0x00004c92   0x00000002   PAD
    0x00004c94   0x00004c94   0x00000040   Code   RO         6643    i.ser_sd_transport_cmd_write  ser_sd_transport.o
    0x00004cd4   0x00004cd4   0x00000058   Code   RO         6644    i.ser_sd_transport_hal_handler  ser_sd_transport.o
    0x00004d2c   0x00004d2c   0x0000000c   Code   RO         6645    i.ser_sd_transport_is_busy  ser_sd_transport.o
    0x00004d38   0x00004d38   0x0000002c   Code   RO         6646    i.ser_sd_transport_open  ser_sd_transport.o
    0x00004d64   0x00004d64   0x00000006   Code   RO         6648    i.ser_sd_transport_rx_free  ser_sd_transport.o
    0x00004d6a   0x00004d6a   0x00000002   PAD
    0x00004d6c   0x00004d6c   0x00000068   Code   RO         6649    i.ser_sd_transport_rx_packet_handler  ser_sd_transport.o
    0x00004dd4   0x00004dd4   0x00000014   Code   RO         6650    i.ser_sd_transport_tx_alloc  ser_sd_transport.o
    0x00004de8   0x00004de8   0x00000040   Code   RO         6736    i.ser_softdevice_ant_evt_handler  ser_softdevice_handler.o
    0x00004e28   0x00004e28   0x00000024   Code   RO         6737    i.ser_softdevice_flash_operation_success_evt  ser_softdevice_handler.o
    0x00004e4c   0x00004e4c   0x00000050   Code   RO         3522    i.serial_tx         nrf_log_backend_rtt.o
    0x00004e9c   0x00004e9c   0x0000000e   Code   RO         6828    i.softdevices_evt_irq_enable  nrf_sdh.o
    0x00004eaa   0x00004eaa   0x00000002   PAD
    0x00004eac   0x00004eac   0x0000000c   Code   RO         2206    i.sortlist_pop      app_timer2.o
    0x00004eb8   0x00004eb8   0x00000030   Code   RO         1945    i.state_set         app_button.o
    0x00004ee8   0x00004ee8   0x00000098   Code   RO         3704    i.std_n             nrf_log_frontend.o
    0x00004f80   0x00004f80   0x00000088   Code   RO         2207    i.timer_expire      app_timer2.o
    0x00005008   0x00005008   0x00000080   Code   RO         2208    i.timer_req_process  app_timer2.o
    0x00005088   0x00005088   0x00000038   Code   RO         2209    i.timer_req_schedule  app_timer2.o
    0x000050c0   0x000050c0   0x00000018   Code   RO         1946    i.timer_start       app_button.o
    0x000050d8   0x000050d8   0x00000022   Code   RO         5670    i.tx_buf_alloc      app_mw_ant.o
    0x000050fa   0x000050fa   0x00000020   Code   RO         1612    i.tx_byte           nrfx_uart.o
    0x0000511a   0x0000511a   0x0000001a   Code   RO         1613    i.tx_done_event     nrfx_uart.o
    0x00005134   0x00005134   0x0000001a   Code   RO         1797    i.tx_done_event     nrfx_uarte.o
    0x0000514e   0x0000514e   0x00000002   PAD
    0x00005150   0x00005150   0x00000104   Code   RO         6558    i.uart_event_handler  ser_phy_uart.o
    0x00005254   0x00005254   0x00000030   Code   RO          817    i.uart_evt_handler  nrf_drv_uart.o
    0x00005284   0x00005284   0x0000012a   Code   RO         1614    i.uart_irq_handler  nrfx_uart.o
    0x000053ae   0x000053ae   0x00000002   PAD
    0x000053b0   0x000053b0   0x00000030   Code   RO          818    i.uarte_evt_handler  nrf_drv_uart.o
    0x000053e0   0x000053e0   0x00000112   Code   RO         1798    i.uarte_irq_handler  nrfx_uarte.o
    0x000054f2   0x000054f2   0x00000022   Code   RO         6085    i.uint16_t_enc      ble_serialization.o
    0x00005514   0x00005514   0x00000010   Code   RO         6086    i.uint32_decode     ble_serialization.o
    0x00005524   0x00005524   0x00000012   Code   RO         6087    i.uint32_encode     ble_serialization.o
    0x00005536   0x00005536   0x0000002c   Code   RO         6089    i.uint32_t_enc      ble_serialization.o
    0x00005562   0x00005562   0x0000001a   Code   RO         6091    i.uint8_t_dec       ble_serialization.o
    0x0000557c   0x0000557c   0x0000001a   Code   RO         6092    i.uint8_t_enc       ble_serialization.o
    0x00005596   0x00005596   0x00000032   Code   RO         6094    i.uint8_vector_enc  ble_serialization.o
    0x000055c8   0x000055c8   0x000000b4   Code   RO         3019    i.unsigned_print    nrf_fprintf_format.o
    0x0000567c   0x0000567c   0x00000020   Code   RO         1947    i.usr_event         app_button.o
    0x0000569c   0x0000569c   0x00000014   Data   RO            9    .constdata          ant_io_rx.o
    0x000056b0   0x000056b0   0x00000008   Data   RO          387    .constdata          boards.o
    0x000056b8   0x000056b8   0x0000002c   Data   RO          492    .constdata          bsp.o
    0x000056e4   0x000056e4   0x00000004   Data   RO         1277    .constdata          nrfx_gpiote.o
    0x000056e8   0x000056e8   0x00000004   Data   RO         1617    .constdata          nrfx_uart.o
    0x000056ec   0x000056ec   0x00000004   Data   RO         1801    .constdata          nrfx_uarte.o
    0x000056f0   0x000056f0   0x00000008   Data   RO         1949    .constdata          app_button.o
    0x000056f8   0x000056f8   0x00000014   Data   RO         2212    .constdata          app_timer2.o
    0x0000570c   0x0000570c   0x00000004   PAD
    0x00005710   0x00005710   0x00000006   Data   RO         2493    .constdata          drv_rtc.o
    0x00005716   0x00005716   0x00000010   Data   RO         3020    .constdata          nrf_fprintf_format.o
    0x00005726   0x00005726   0x00000002   PAD
    0x00005728   0x00005728   0x00000018   Data   RO         3137    .constdata          nrf_pwr_mgmt.o
    0x00005740   0x00005740   0x0000000c   Data   RO         3138    .constdata          nrf_pwr_mgmt.o
    0x0000574c   0x0000574c   0x0000013c   Data   RO         3487    .constdata          nrf_strerror.o
    0x00005888   0x00005888   0x0000000c   Data   RO         3524    .constdata          nrf_log_backend_rtt.o
    0x00005894   0x00005894   0x0000000c   PAD
    0x000058a0   0x000058a0   0x00000006   Data   RO         3525    .constdata          nrf_log_backend_rtt.o
    0x000058a6   0x000058a6   0x00000002   PAD
    0x000058a8   0x000058a8   0x0000000c   Data   RO         3709    .constdata          nrf_log_frontend.o
    0x000058b4   0x000058b4   0x0000000c   PAD
    0x000058c0   0x000058c0   0x00000006   Data   RO         6275    .constdata          ser_app_hal_nrf5x.o
    0x000058c6   0x000058c6   0x00000002   PAD
    0x000058c8   0x000058c8   0x00000058   Data   RO         6560    .constdata          ser_phy_uart.o
    0x00005920   0x00005920   0x00000010   Data   RO         6829    .constdata          nrf_sdh.o
    0x00005930   0x00005930   0x00000028   Data   RO         6830    .constdata          nrf_sdh.o
    0x00005958   0x00005958   0x00000010   Data   RO         6831    .constdata          nrf_sdh.o
    0x00005968   0x00005968   0x00000010   Data   RO         6832    .constdata          nrf_sdh.o
    0x00005978   0x00005978   0x00000010   Data   RO         6935    .constdata          nrf_sdh_ant.o
    0x00005988   0x00005988   0x00000018   Data   RO         6936    .constdata          nrf_sdh_ant.o
    0x000059a0   0x000059a0   0x00000081   Data   RO         7057    .constdata          mc_w.l(ctype_o.o)
    0x00005a21   0x00005a21   0x00000003   PAD
    0x00005a24   0x00005a24   0x00000004   Data   RO         7058    .constdata          mc_w.l(ctype_o.o)
    0x00005a28   0x00005a28   0x00000515   Data   RO         2663    .conststring        hardfault_implementation.o
    0x00005f3d   0x00005f3d   0x00000003   PAD
    0x00005f40   0x00005f40   0x000003eb   Data   RO         3488    .conststring        nrf_strerror.o
    0x0000632b   0x0000632b   0x00000001   PAD
    0x0000632c   0x0000632c   0x0000005d   Data   RO         3876    .conststring        nrf_log_str_formatter.o
    0x00006389   0x00006389   0x00000003   PAD
    0x0000638c   0x0000638c   0x00000006   Data   RO          696    .conststrlit        nrf_drv_clock.o
    0x00006392   0x00006392   0x00000002   PAD
    0x00006394   0x00006394   0x00000006   Data   RO         1108    .conststrlit        nrfx_clock.o
    0x0000639a   0x0000639a   0x00000002   PAD
    0x0000639c   0x0000639c   0x00000007   Data   RO         1281    .conststrlit        nrfx_gpiote.o
    0x000063a3   0x000063a3   0x00000001   PAD
    0x000063a4   0x000063a4   0x00000004   Data   RO         1540    .conststrlit        nrfx_prs.o
    0x000063a8   0x000063a8   0x00000005   Data   RO         1620    .conststrlit        nrfx_uart.o
    0x000063ad   0x000063ad   0x00000003   PAD
    0x000063b0   0x000063b0   0x00000006   Data   RO         1804    .conststrlit        nrfx_uarte.o
    0x000063b6   0x000063b6   0x00000002   PAD
    0x000063b8   0x000063b8   0x0000000b   Data   RO         1950    .conststrlit        app_button.o
    0x000063c3   0x000063c3   0x00000001   PAD
    0x000063c4   0x000063c4   0x0000000a   Data   RO         2213    .conststrlit        app_timer2.o
    0x000063ce   0x000063ce   0x00000002   PAD
    0x000063d0   0x000063d0   0x0000000a   Data   RO         2664    .conststrlit        hardfault_implementation.o
    0x000063da   0x000063da   0x00000002   PAD
    0x000063dc   0x000063dc   0x00000009   Data   RO         3139    .conststrlit        nrf_pwr_mgmt.o
    0x000063e5   0x000063e5   0x00000003   PAD
    0x000063e8   0x000063e8   0x00000009   Data   RO         3434    .conststrlit        nrf_sortlist.o
    0x000063f1   0x000063f1   0x00000003   PAD
    0x000063f4   0x000063f4   0x00000010   Data   RO         3640    .conststrlit        nrf_log_default_backends.o
    0x00006404   0x00006404   0x00000004   Data   RO         3710    .conststrlit        nrf_log_frontend.o
    0x00006408   0x00006408   0x00000012   Data   RO         6476    .conststrlit        ser_hal_transport.o
    0x0000641a   0x0000641a   0x00000002   PAD
    0x0000641c   0x0000641c   0x00000009   Data   RO         6652    .conststrlit        ser_sd_transport.o
    0x00006425   0x00006425   0x00000003   PAD
    0x00006428   0x00006428   0x00000008   Data   RO         6833    .conststrlit        nrf_sdh.o
    0x00006430   0x00006430   0x0000000c   Data   RO         6937    .conststrlit        nrf_sdh_ant.o
    0x0000643c   0x0000643c   0x00000020   Data   RO         7118    Region$$Table       anon$$obj.o
    0x0000645c   0x0000645c   0x00000010   Data   RO         3642    log_backends        nrf_log_default_backends.o
    0x0000646c   0x0000646c   0x00000008   Data   RO          697    log_const_data      nrf_drv_clock.o
    0x00006474   0x00006474   0x00000008   Data   RO         1110    log_const_data      nrfx_clock.o
    0x0000647c   0x0000647c   0x00000008   Data   RO         1282    log_const_data      nrfx_gpiote.o
    0x00006484   0x00006484   0x00000008   Data   RO         1542    log_const_data      nrfx_prs.o
    0x0000648c   0x0000648c   0x00000008   Data   RO         1621    log_const_data      nrfx_uart.o
    0x00006494   0x00006494   0x00000008   Data   RO         1805    log_const_data      nrfx_uarte.o
    0x0000649c   0x0000649c   0x00000008   Data   RO         1953    log_const_data      app_button.o
    0x000064a4   0x000064a4   0x00000008   Data   RO         2216    log_const_data      app_timer2.o
    0x000064ac   0x000064ac   0x00000008   Data   RO         2666    log_const_data      hardfault_implementation.o
    0x000064b4   0x000064b4   0x00000008   Data   RO         3141    log_const_data      nrf_pwr_mgmt.o
    0x000064bc   0x000064bc   0x00000008   Data   RO         3435    log_const_data      nrf_sortlist.o
    0x000064c4   0x000064c4   0x00000008   Data   RO         3714    log_const_data      nrf_log_frontend.o
    0x000064cc   0x000064cc   0x00000008   Data   RO         6478    log_const_data      ser_hal_transport.o
    0x000064d4   0x000064d4   0x00000008   Data   RO         6654    log_const_data      ser_sd_transport.o
    0x000064dc   0x000064dc   0x00000008   Data   RO         6835    log_const_data      nrf_sdh.o
    0x000064e4   0x000064e4   0x00000008   Data   RO         6939    log_const_data      nrf_sdh_ant.o
    0x000064ec   0x000064ec   0x00000014   Data   RO         3715    nrf_balloc          nrf_log_frontend.o
    0x00006500   0x00006500   0x00000028   Data   RO         6742    nrf_queue           ser_softdevice_handler.o
    0x00006528   0x00006528   0x00000008   Data   RO           11    sdh_ant_observers1  ant_io_rx.o
    0x00006530   0x00006530   0x00000008   Data   RO         6940    sdh_stack_observers0  nrf_sdh_ant.o


    Execution Region RW_IRAM1 (Exec base: 0x20000000, Load base: 0x00006538, Size: 0x00003198, Max: 0x00010000, ABSOLUTE, COMPRESSED[0x00000080])

    Exec Addr    Load Addr    Size         Type   Attr      Idx    E Section Name        Object

    0x20000000   COMPRESSED   0x0000000a   Data   RW           10    .data               ant_io_rx.o
    0x2000000a   COMPRESSED   0x00000002   PAD
    0x2000000c   COMPRESSED   0x00000010   Data   RW          493    .data               bsp.o
    0x2000001c   COMPRESSED   0x00000004   PAD
    0x20000020   COMPRESSED   0x00000020   Data   RW          494    .data               bsp.o
    0x20000040   COMPRESSED   0x00000020   Data   RW          495    .data               bsp.o
    0x20000060   COMPRESSED   0x00000020   Data   RW          496    .data               bsp.o
    0x20000080   COMPRESSED   0x0000000c   Data   RW          819    .data               nrf_drv_uart.o
    0x2000008c   COMPRESSED   0x00000008   Data   RW         1109    .data               nrfx_clock.o
    0x20000094   COMPRESSED   0x00000008   Data   RW         1541    .data               nrfx_prs.o
    0x2000009c   COMPRESSED   0x00000004   PAD
    0x200000a0   COMPRESSED   0x00000018   Data   RW         1951    .data               app_button.o
    0x200000b8   COMPRESSED   0x00000020   Data   RW         1952    .data               app_button.o
    0x200000d8   COMPRESSED   0x00000020   Data   RW         2214    .data               app_timer2.o
    0x200000f8   COMPRESSED   0x00000004   Data   RW         2215    .data               app_timer2.o
    0x200000fc   COMPRESSED   0x00000004   Data   RW         2414    .data               app_util_platform.o
    0x20000100   COMPRESSED   0x0000000c   Data   RW         2494    .data               drv_rtc.o
    0x2000010c   COMPRESSED   0x00000068   Data   RW         2665    .data               hardfault_implementation.o
    0x20000174   COMPRESSED   0x00000008   Data   RW         3140    .data               nrf_pwr_mgmt.o
    0x2000017c   COMPRESSED   0x00000001   Data   RW         3526    .data               nrf_log_backend_rtt.o
    0x2000017d   COMPRESSED   0x00000003   PAD
    0x20000180   COMPRESSED   0x00000008   Data   RW         3641    .data               nrf_log_default_backends.o
    0x20000188   COMPRESSED   0x00000004   Data   RW         3711    .data               nrf_log_frontend.o
    0x2000018c   COMPRESSED   0x00000008   Data   RW         3712    .data               nrf_log_frontend.o
    0x20000194   COMPRESSED   0x00000008   Data   RW         3713    .data               nrf_log_frontend.o
    0x2000019c   COMPRESSED   0x00000040   Data   RW         3877    .data               nrf_log_str_formatter.o
    0x200001dc   COMPRESSED   0x00000004   Data   RW         6276    .data               ser_app_hal_nrf5x.o
    0x200001e0   COMPRESSED   0x00000001   Data   RW         6392    .data               ser_app_power_system_off.o
    0x200001e1   COMPRESSED   0x00000003   PAD
    0x200001e4   COMPRESSED   0x00000008   Data   RW         6477    .data               ser_hal_transport.o
    0x200001ec   COMPRESSED   0x00000014   Data   RW         6561    .data               ser_phy_uart.o
    0x20000200   COMPRESSED   0x00000020   Data   RW         6653    .data               ser_sd_transport.o
    0x20000220   COMPRESSED   0x00000003   Data   RW         6834    .data               nrf_sdh.o
    0x20000223   COMPRESSED   0x00000001   Data   RW         6938    .data               nrf_sdh_ant.o
    0x20000224   COMPRESSED   0x00000004   Data   RW         6986    .data               system_nrf52.o
    0x20000228        -       0x0000000c   Zero   RW          491    .bss                bsp.o
    0x20000234        -       0x00000014   Zero   RW          691    .bss                nrf_drv_clock.o
    0x20000248        -       0x0000005c   Zero   RW         1276    .bss                nrfx_gpiote.o
    0x200002a4        -       0x0000002c   Zero   RW         1615    .bss                nrfx_uart.o
    0x200002d0        -       0x00000024   Zero   RW         1799    .bss                nrfx_uarte.o
    0x200002f4        -       0x00000010   Zero   RW         1948    .bss                app_button.o
    0x20000304        -       0x00000010   Zero   RW         2210    .bss                app_timer2.o
    0x20000314        -       0x00000058   Zero   RW         2211    .bss                app_timer2.o
    0x2000036c        -       0x0000000c   Zero   RW         3136    .bss                nrf_pwr_mgmt.o
    0x20000378        -       0x00000040   Zero   RW         3523    .bss                nrf_log_backend_rtt.o
    0x200003b8        -       0x000000c0   Zero   RW         3705    .bss                nrf_log_frontend.o
    0x20000478        -       0x00000080   Zero   RW         3706    .bss                nrf_log_frontend.o
    0x200004f8        -       0x00000018   Zero   RW         3707    .bss                nrf_log_frontend.o
    0x20000510        -       0x00000420   Zero   RW         3708    .bss                nrf_log_frontend.o
    0x20000930        -       0x00000288   Zero   RW         3953    .bss                segger_rtt.o
    0x20000bb8        -       0x00000400   Zero   RW         6475    .bss                ser_hal_transport.o
    0x20000fb8        -       0x0000000c   Zero   RW         6559    .bss                ser_phy_uart.o
    0x20000fc4        -       0x00000120   Zero   RW         6738    .bss                ser_softdevice_handler.o
    0x200010e4        -       0x0000000c   Zero   RW         6739    .bss                ser_softdevice_handler.o
    0x200010f0        -       0x00000018   Zero   RW         6740    .bss                ser_softdevice_handler.o
    0x20001108        -       0x0000000c   Zero   RW         6741    .bss                ser_softdevice_handler.o
    0x20001114        -       0x00000080   Zero   RW         6934    .bss                nrf_sdh_ant.o
    0x20001194   COMPRESSED   0x00000004   PAD
    0x20001198        -       0x00002000   Zero   RW         6972    STACK               arm_startup_nrf52.o


==============================================================================

Image component sizes


      Code (inc. data)   RO Data    RW Data    ZI Data      Debug   Object Name

         0          0          0          0          0        732   ant_acknowledge_message_tx.o
        46          0          0          0          0       3234   ant_active_search_sharing_cycles_set.o
       128          0          0          0          0       3202   ant_broadcast_message_tx.o
        54          0          0          0          0       3130   ant_channel_assign.o
        72          0          0          0          0       2163   ant_channel_config.o
        58          0          0          0          0      40260   ant_channel_id_set.o
        46          0          0          0          0       3330   ant_channel_low_priority_rx_search_timeout_set.o
        50          0          0          0          0       3314   ant_channel_open_with_offset.o
        50          0          0          0          0       3250   ant_channel_period_set.o
        46          0          0          0          0       3130   ant_channel_radio_freq_set.o
        46          0          0          0          0       3204   ant_channel_rx_search_timeout_set.o
        72          6          0          0          0       2890   ant_enable.o
        56          0          0          0          0       2004   ant_event.o
       356         22         28         10          0      89630   ant_io_rx.o
        46          0          0          0          0       3196   ant_search_channel_priority_set.o
        76          0          0          0          0       1778   ant_search_config.o
        50          0          0          0          0       3268   ant_search_waveform_set.o
       176          0          0          0          0       3273   ant_struct_serialization.o
       656         68         27         56         16      18514   app_button.o
        22          0          0          0          0       2701   app_error.o
       132         46          0          0          0      34202   app_error_weak.o
       966         54          0          0          0      26444   app_mw_ant.o
      1018         90         38         36        104      17969   app_timer2.o
        44         10          0          4          0       3672   app_util_platform.o
        36          8        512          0       8192        976   arm_startup_nrf52.o
       308          0          0          0          0      46661   ble_serialization.o
       346         34          8          0          0      13997   boards.o
       910         80         44        112         12      18763   bsp.o
        62          0          0          0          0       1909   cond_field_serialization.o
       704         76          6         12          0      49757   drv_rtc.o
        52         14          0          0          0        676   hardfault_handler_keil.o
       508        276       1319        104          0       4052   hardfault_implementation.o
       152         38          0          0          0      10167   main.o
       326          0          0          0          0       6339   nrf_atfifo.o
       294          0          0          0          0       8423   nrf_atomic.o
       152          0          0          0          0       3796   nrf_balloc.o
       354         44         14          0         20      15849   nrf_drv_clock.o
       200         26          0         12          0      18384   nrf_drv_uart.o
        50          0          0          0          0       3757   nrf_fprintf.o
       866          4         16          0          0       6838   nrf_fprintf_format.o
       112         18         18          1         64       6649   nrf_log_backend_rtt.o
       194          0          0          0          0      11157   nrf_log_backend_serial.o
        28          4         32          8          0       3513   nrf_log_default_backends.o
      1490        130         44         20       1400      32490   nrf_log_frontend.o
       570        108         93         64          0       6000   nrf_log_str_formatter.o
       346          0          0          0          0       8603   nrf_memobj.o
        92         18         53          8         12      44150   nrf_pwr_mgmt.o
       424          0          0          0          0      14457   nrf_queue.o
        28          0          0          0          0       2539   nrf_ringbuf.o
       298         66        104          3          0      39245   nrf_sdh.o
       200         60         68          1        128       3701   nrf_sdh_ant.o
        78          0          0          0          0       3016   nrf_section_iter.o
         6          0          0          0          0       2162   nrf_soc.o
        84          0         17          0          0       4449   nrf_sortlist.o
        76         10       1319          0          0       2963   nrf_strerror.o
       292         34         14          8          0      48822   nrfx_clock.o
      1268        106         19          0         92      67353   nrfx_gpiote.o
        84         16         12          8          0       4009   nrfx_prs.o
      1368         38         17          0         44      31857   nrfx_uart.o
      1290         36         18          0         36      26363   nrfx_uarte.o
       378         34          0          0        648       9578   segger_rtt.o
       158         18          6          4          0      40452   ser_app_hal_nrf5x.o
        24         10          0          1          0       1888   ser_app_power_system_off.o
       756         66         26          8       1024      11800   ser_hal_transport.o
       660         84         88         20         12      46362   ser_phy_uart.o
       338         34         17         32          0       9884   ser_sd_transport.o
       288         34         40          0        336      18240   ser_softdevice_handler.o
       640         60          0          4          0      31597   system_nrf52.o

    ----------------------------------------------------------------------
     21212       1880       4116        552      12144    1022133   Object Totals
         0          0         32          0          0          0   (incl. Generated)
        56          0         67         16          4          0   (incl. Padding)

    ----------------------------------------------------------------------

      Code (inc. data)   RO Data    RW Data    ZI Data      Debug   Library Member Name

        86          0          0          0          0          0   __dczerorl2.o
         8          4        133          0          0         68   ctype_o.o
         0          0          0          0          0          0   entry.o
         0          0          0          0          0          0   entry10a.o
         0          0          0          0          0          0   entry11a.o
         4          0          0          0          0          0   entry12b.o
         8          4          0          0          0          0   entry2.o
         4          0          0          0          0          0   entry5.o
         0          0          0          0          0          0   entry7b.o
         0          0          0          0          0          0   entry8b.o
         8          4          0          0          0          0   entry9a.o
        30          0          0          0          0          0   handlers.o
        36          8          0          0          0         68   init.o
        30          0          0          0          0         68   llshl.o
        32          0          0          0          0         68   llushr.o
        36          0          0          0          0         68   memcpya.o
        36          0          0          0          0        108   memseta.o
        18          0          0          0          0         68   strcpy.o
        14          0          0          0          0         68   strlen.o
        98          0          0          0          0         92   uldiv.o

    ----------------------------------------------------------------------
       448         20        136          0          0        676   Library Totals
         0          0          3          0          0          0   (incl. Padding)

    ----------------------------------------------------------------------

      Code (inc. data)   RO Data    RW Data    ZI Data      Debug   Library Name

       448         20        133          0          0        676   mc_w.l

    ----------------------------------------------------------------------
       448         20        136          0          0        676   Library Totals

    ----------------------------------------------------------------------

==============================================================================


      Code (inc. data)   RO Data    RW Data    ZI Data      Debug   

     21660       1900       4252        552      12144     988785   Grand Totals
     21660       1900       4252        128      12144     988785   ELF Image Totals (compressed)
     21660       1900       4252        128          0          0   ROM Totals

==============================================================================

    Total RO  Size (Code + RO Data)                25912 (  25.30kB)
    Total RW  Size (RW Data + ZI Data)             12696 (  12.40kB)
    Total ROM Size (Code + RO Data + RW Data)      26040 (  25.43kB)

==============================================================================

